../Core/BSP/MPU6050/inv_mpu.c:684:12:set_int_enable	24	static
../Core/BSP/MPU6050/inv_mpu.c:716:5:mpu_reg_dump	16	static
../Core/BSP/MPU6050/inv_mpu.c:738:5:mpu_read_reg	16	static
../Core/BSP/MPU6050/inv_mpu.c:760:5:mpu_init	16	static
../Core/BSP/MPU6050/inv_mpu.c:891:5:mpu_lp_accel_mode	24	static
../Core/BSP/MPU6050/inv_mpu.c:975:5:mpu_get_gyro_reg	24	static
../Core/BSP/MPU6050/inv_mpu.c:998:5:mpu_get_accel_reg	24	static
../Core/BSP/MPU6050/inv_mpu.c:1021:5:mpu_get_temperature	32	static
../Core/BSP/MPU6050/inv_mpu.c:1046:5:mpu_set_accel_bias	48	static
../Core/BSP/MPU6050/inv_mpu.c:1095:5:mpu_reset_fifo	16	static
../Core/BSP/MPU6050/inv_mpu.c:1157:5:mpu_get_gyro_fsr	16	static
../Core/BSP/MPU6050/inv_mpu.c:1184:5:mpu_set_gyro_fsr	24	static
../Core/BSP/MPU6050/inv_mpu.c:1221:5:mpu_get_accel_fsr	16	static
../Core/BSP/MPU6050/inv_mpu.c:1249:5:mpu_set_accel_fsr	24	static
../Core/BSP/MPU6050/inv_mpu.c:1286:5:mpu_get_lpf	16	static
../Core/BSP/MPU6050/inv_mpu.c:1322:5:mpu_set_lpf	24	static
../Core/BSP/MPU6050/inv_mpu.c:1355:5:mpu_get_sample_rate	16	static
../Core/BSP/MPU6050/inv_mpu.c:1370:5:mpu_set_sample_rate	24	static
../Core/BSP/MPU6050/inv_mpu.c:1417:5:mpu_get_compass_sample_rate	16	static
../Core/BSP/MPU6050/inv_mpu.c:1439:5:mpu_set_compass_sample_rate	16	static
../Core/BSP/MPU6050/inv_mpu.c:1461:5:mpu_get_gyro_sens	16	static
../Core/BSP/MPU6050/inv_mpu.c:1487:5:mpu_get_accel_sens	16	static
../Core/BSP/MPU6050/inv_mpu.c:1519:5:mpu_get_fifo_config	16	static
../Core/BSP/MPU6050/inv_mpu.c:1534:5:mpu_configure_fifo	24	static
../Core/BSP/MPU6050/inv_mpu.c:1576:5:mpu_get_power_state	16	static
../Core/BSP/MPU6050/inv_mpu.c:1595:5:mpu_set_sensors	24	static
../Core/BSP/MPU6050/inv_mpu.c:1672:5:mpu_get_int_status	24	static
../Core/BSP/MPU6050/inv_mpu.c:1701:5:mpu_read_fifo	48	static
../Core/BSP/MPU6050/inv_mpu.c:1782:5:mpu_read_fifo_stream	32	static
../Core/BSP/MPU6050/inv_mpu.c:1820:5:mpu_set_bypass	24	static
../Core/BSP/MPU6050/inv_mpu.c:1870:5:mpu_set_int_level	16	static
../Core/BSP/MPU6050/inv_mpu.c:1882:5:mpu_set_int_latched	24	static
../Core/BSP/MPU6050/inv_mpu.c:1903:12:get_accel_prod_shift	40	static
../Core/BSP/MPU6050/inv_mpu.c:1928:12:accel_self_test	48	static
../Core/BSP/MPU6050/inv_mpu.c:1948:12:gyro_self_test	40	static
../Core/BSP/MPU6050/inv_mpu.c:2032:12:get_st_biases	256	static
../Core/BSP/MPU6050/inv_mpu.c:2172:5:mpu_run_self_test	64	static
../Core/BSP/MPU6050/inv_mpu.c:2274:5:mpu_write_mem	24	static
../Core/BSP/MPU6050/inv_mpu.c:2307:5:mpu_read_mem	24	static
../Core/BSP/MPU6050/inv_mpu.c:2339:5:mpu_load_firmware	48	static
../Core/BSP/MPU6050/inv_mpu.c:2380:5:mpu_set_dmp_state	24	static
../Core/BSP/MPU6050/inv_mpu.c:2419:5:mpu_get_dmp_state	16	static
../Core/BSP/MPU6050/inv_mpu.c:2427:5:setup_compass	4	static
../Core/BSP/MPU6050/inv_mpu.c:2538:5:mpu_get_compass_reg	16	static
../Core/BSP/MPU6050/inv_mpu.c:2591:5:mpu_get_compass_fsr	16	static
../Core/BSP/MPU6050/inv_mpu.c:2645:5:mpu_lp_motion_interrupt	32	static
