../Core/BSP/OLED/OLED.c:16:6:OLED_I2C_Init	48	static
../Core/BSP/OLED/OLED.c:38:6:OLED_I2C_Start	8	static
../Core/BSP/OLED/OLED.c:55:6:OLED_I2C_Stop	8	static
../Core/BSP/OLED/OLED.c:70:6:OLED_I2C_SendByte	16	static
../Core/BSP/OLED/OLED.c:93:6:OLED_WriteCommand	8	static
../Core/BSP/OLED/OLED.c:107:6:OLED_WriteData	8	static
../Core/BSP/OLED/OLED.c:122:6:OLED_SetCursor	8	static
../Core/BSP/OLED/OLED.c:134:6:OLED_Clear	16	static
../Core/BSP/OLED/OLED.c:154:6:OLED_ShowChar	32	static
../Core/BSP/OLED/OLED.c:176:6:OLED_ShowString	24	static
../Core/BSP/OLED/OLED.c:189:10:OLED_Pow	0	static
../Core/BSP/OLED/OLED.c:207:6:OLED_ShowNum	32	static
../Core/BSP/OLED/OLED.c:224:6:OLED_ShowSignedNum	32	static
../Core/BSP/OLED/OLED.c:252:6:OLED_ShowHexNum	24	static
../Core/BSP/OLED/OLED.c:277:6:OLED_ShowBinNum	24	static
../Core/BSP/OLED/OLED.c:291:6:OLED_Init	8	static
