Archive member included to satisfy reference by file (symbol)

/opt/st/stm32cubeide_1.19.0/plugins/com.st.stm32cube.ide.mcu.externaltools.gnu-tools-for-stm32.13.3.rel1.linux64_1.0.0.202410170706/tools/bin/../lib/gcc/arm-none-eabi/13.3.1/../../../../arm-none-eabi/lib/thumb/v7-m/nofp/libc_nano.a(libc_a-exit.o)
                              /opt/st/stm32cubeide_1.19.0/plugins/com.st.stm32cube.ide.mcu.externaltools.gnu-tools-for-stm32.13.3.rel1.linux64_1.0.0.202410170706/tools/bin/../lib/gcc/arm-none-eabi/13.3.1/../../../../arm-none-eabi/lib/thumb/v7-m/nofp/crt0.o (exit)
/opt/st/stm32cubeide_1.19.0/plugins/com.st.stm32cube.ide.mcu.externaltools.gnu-tools-for-stm32.13.3.rel1.linux64_1.0.0.202410170706/tools/bin/../lib/gcc/arm-none-eabi/13.3.1/../../../../arm-none-eabi/lib/thumb/v7-m/nofp/libc_nano.a(libc_a-findfp.o)
                              /opt/st/stm32cubeide_1.19.0/plugins/com.st.stm32cube.ide.mcu.externaltools.gnu-tools-for-stm32.13.3.rel1.linux64_1.0.0.202410170706/tools/bin/../lib/gcc/arm-none-eabi/13.3.1/../../../../arm-none-eabi/lib/thumb/v7-m/nofp/libc_nano.a(libc_a-exit.o) (__stdio_exit_handler)
/opt/st/stm32cubeide_1.19.0/plugins/com.st.stm32cube.ide.mcu.externaltools.gnu-tools-for-stm32.13.3.rel1.linux64_1.0.0.202410170706/tools/bin/../lib/gcc/arm-none-eabi/13.3.1/../../../../arm-none-eabi/lib/thumb/v7-m/nofp/libc_nano.a(libc_a-fwalk.o)
                              /opt/st/stm32cubeide_1.19.0/plugins/com.st.stm32cube.ide.mcu.externaltools.gnu-tools-for-stm32.13.3.rel1.linux64_1.0.0.202410170706/tools/bin/../lib/gcc/arm-none-eabi/13.3.1/../../../../arm-none-eabi/lib/thumb/v7-m/nofp/libc_nano.a(libc_a-findfp.o) (_fwalk_sglue)
/opt/st/stm32cubeide_1.19.0/plugins/com.st.stm32cube.ide.mcu.externaltools.gnu-tools-for-stm32.13.3.rel1.linux64_1.0.0.202410170706/tools/bin/../lib/gcc/arm-none-eabi/13.3.1/../../../../arm-none-eabi/lib/thumb/v7-m/nofp/libc_nano.a(libc_a-sprintf.o)
                              ./Core/Src/main.o (sprintf)
/opt/st/stm32cubeide_1.19.0/plugins/com.st.stm32cube.ide.mcu.externaltools.gnu-tools-for-stm32.13.3.rel1.linux64_1.0.0.202410170706/tools/bin/../lib/gcc/arm-none-eabi/13.3.1/../../../../arm-none-eabi/lib/thumb/v7-m/nofp/libc_nano.a(libc_a-stdio.o)
                              /opt/st/stm32cubeide_1.19.0/plugins/com.st.stm32cube.ide.mcu.externaltools.gnu-tools-for-stm32.13.3.rel1.linux64_1.0.0.202410170706/tools/bin/../lib/gcc/arm-none-eabi/13.3.1/../../../../arm-none-eabi/lib/thumb/v7-m/nofp/libc_nano.a(libc_a-findfp.o) (__sread)
/opt/st/stm32cubeide_1.19.0/plugins/com.st.stm32cube.ide.mcu.externaltools.gnu-tools-for-stm32.13.3.rel1.linux64_1.0.0.202410170706/tools/bin/../lib/gcc/arm-none-eabi/13.3.1/../../../../arm-none-eabi/lib/thumb/v7-m/nofp/libc_nano.a(libc_a-memset.o)
                              /opt/st/stm32cubeide_1.19.0/plugins/com.st.stm32cube.ide.mcu.externaltools.gnu-tools-for-stm32.13.3.rel1.linux64_1.0.0.202410170706/tools/bin/../lib/gcc/arm-none-eabi/13.3.1/../../../../arm-none-eabi/lib/thumb/v7-m/nofp/crt0.o (memset)
/opt/st/stm32cubeide_1.19.0/plugins/com.st.stm32cube.ide.mcu.externaltools.gnu-tools-for-stm32.13.3.rel1.linux64_1.0.0.202410170706/tools/bin/../lib/gcc/arm-none-eabi/13.3.1/../../../../arm-none-eabi/lib/thumb/v7-m/nofp/libc_nano.a(libc_a-strchr.o)
                              ./Core/app/set_parameter/set.o (strchr)
/opt/st/stm32cubeide_1.19.0/plugins/com.st.stm32cube.ide.mcu.externaltools.gnu-tools-for-stm32.13.3.rel1.linux64_1.0.0.202410170706/tools/bin/../lib/gcc/arm-none-eabi/13.3.1/../../../../arm-none-eabi/lib/thumb/v7-m/nofp/libc_nano.a(libc_a-strncmp.o)
                              ./Core/app/set_parameter/set.o (strncmp)
/opt/st/stm32cubeide_1.19.0/plugins/com.st.stm32cube.ide.mcu.externaltools.gnu-tools-for-stm32.13.3.rel1.linux64_1.0.0.202410170706/tools/bin/../lib/gcc/arm-none-eabi/13.3.1/../../../../arm-none-eabi/lib/thumb/v7-m/nofp/libc_nano.a(libc_a-strncpy.o)
                              ./Core/app/set_parameter/set.o (strncpy)
/opt/st/stm32cubeide_1.19.0/plugins/com.st.stm32cube.ide.mcu.externaltools.gnu-tools-for-stm32.13.3.rel1.linux64_1.0.0.202410170706/tools/bin/../lib/gcc/arm-none-eabi/13.3.1/../../../../arm-none-eabi/lib/thumb/v7-m/nofp/libc_nano.a(libc_a-closer.o)
                              /opt/st/stm32cubeide_1.19.0/plugins/com.st.stm32cube.ide.mcu.externaltools.gnu-tools-for-stm32.13.3.rel1.linux64_1.0.0.202410170706/tools/bin/../lib/gcc/arm-none-eabi/13.3.1/../../../../arm-none-eabi/lib/thumb/v7-m/nofp/libc_nano.a(libc_a-stdio.o) (_close_r)
/opt/st/stm32cubeide_1.19.0/plugins/com.st.stm32cube.ide.mcu.externaltools.gnu-tools-for-stm32.13.3.rel1.linux64_1.0.0.202410170706/tools/bin/../lib/gcc/arm-none-eabi/13.3.1/../../../../arm-none-eabi/lib/thumb/v7-m/nofp/libc_nano.a(libc_a-reent.o)
[...]
Memory Configuration

Name             Origin             Length             Attributes
RAM              0x20000000         0x00005000         xrw
FLASH            0x08000000         0x00010000         xr
*default*        0x00000000         0xffffffff

Linker script and memory map

LOAD /opt/st/stm32cubeide_1.19.0/plugins/com.st.stm32cube.ide.mcu.externaltools.gnu-tools-for-stm32.13.3.rel1.linux64_1.0.0.202410170706/tools/bin/../lib/gcc/arm-none-eabi/13.3.1/thumb/v7-m/nofp/crti.o
LOAD /opt/st/stm32cubeide_1.19.0/plugins/com.st.stm32cube.ide.mcu.externaltools.gnu-tools-for-stm32.13.3.rel1.linux64_1.0.0.202410170706/tools/bin/../lib/gcc/arm-none-eabi/13.3.1/thumb/v7-m/nofp/crtbegin.o
LOAD /opt/st/stm32cubeide_1.19.0/plugins/com.st.stm32cube.ide.mcu.externaltools.gnu-tools-for-stm32.13.3.rel1.linux64_1.0.0.202410170706/tools/bin/../lib/gcc/arm-none-eabi/13.3.1/../../../../arm-none-eabi/lib/thumb/v7-m/nofp/crt0.o
LOAD ./Core/BSP/GRAY/gray.o
LOAD ./Core/BSP/KEY/key.o
LOAD ./Core/BSP/LED/led.o
LOAD ./Core/BSP/M/motor.o
LOAD ./Core/BSP/MPU6050/MPU6050.o
LOAD ./Core/BSP/MPU6050/SoftIIC.o
LOAD ./Core/BSP/OLED/OLED.o
LOAD ./Core/BSP/UART/usart.o
LOAD ./Core/Src/main.o
LOAD ./Core/Src/stm32f1xx_hal_msp.o
LOAD ./Core/Src/stm32f1xx_it.o
LOAD ./Core/Src/syscalls.o
LOAD ./Core/Src/sysmem.o
LOAD ./Core/Src/system_stm32f1xx.o
LOAD ./Core/Startup/startup_stm32f103c8tx.o
LOAD ./Core/app/hrun/hrun.o
LOAD ./Core/app/run/run.o
LOAD ./Core/app/set_parameter/set.o
LOAD ./Core/app/timer/lap_timer.o
LOAD ./Drivers/STM32F1xx_HAL_Driver/Src/stm32f1xx_hal.o
LOAD ./Drivers/STM32F1xx_HAL_Driver/Src/stm32f1xx_hal_cortex.o
LOAD ./Drivers/STM32F1xx_HAL_Driver/Src/stm32f1xx_hal_dma.o
LOAD ./Drivers/STM32F1xx_HAL_Driver/Src/stm32f1xx_hal_exti.o
LOAD ./Drivers/STM32F1xx_HAL_Driver/Src/stm32f1xx_hal_flash.o
LOAD ./Drivers/STM32F1xx_HAL_Driver/Src/stm32f1xx_hal_flash_ex.o
LOAD ./Drivers/STM32F1xx_HAL_Driver/Src/stm32f1xx_hal_gpio.o
LOAD ./Drivers/STM32F1xx_HAL_Driver/Src/stm32f1xx_hal_gpio_ex.o
LOAD ./Drivers/STM32F1xx_HAL_Driver/Src/stm32f1xx_hal_pwr.o
LOAD ./Drivers/STM32F1xx_HAL_Driver/Src/stm32f1xx_hal_rcc.o
LOAD ./Drivers/STM32F1xx_HAL_Driver/Src/stm32f1xx_hal_rcc_ex.o
LOAD ./Drivers/STM32F1xx_HAL_Driver/Src/stm32f1xx_hal_tim.o
LOAD ./Drivers/STM32F1xx_HAL_Driver/Src/stm32f1xx_hal_tim_ex.o
LOAD ./Drivers/STM32F1xx_HAL_Driver/Src/stm32f1xx_hal_uart.o
START GROUP
LOAD /opt/st/stm32cubeide_1.19.0/plugins/com.st.stm32cube.ide.mcu.externaltools.gnu-tools-for-stm32.13.3.rel1.linux64_1.0.0.202410170706/tools/bin/../lib/gcc/arm-none-eabi/13.3.1/../../../../arm-none-eabi/lib/thumb/v7-m/nofp/libc_nano.a
LOAD /opt/st/stm32cubeide_1.19.0/plugins/com.st.stm32cube.ide.mcu.externaltools.gnu-tools-for-stm32.13.3.rel1.linux64_1.0.0.202410170706/tools/bin/../lib/gcc/arm-none-eabi/13.3.1/../../../../arm-none-eabi/lib/thumb/v7-m/nofp/libm.a
END GROUP
START GROUP
LOAD /opt/st/stm32cubeide_1.19.0/plugins/com.st.stm32cube.ide.mcu.externaltools.gnu-tools-for-stm32.13.3.rel1.linux64_1.0.0.202410170706/tools/bin/../lib/gcc/arm-none-eabi/13.3.1/thumb/v7-m/nofp/libgcc.a
LOAD /opt/st/stm32cubeide_1.19.0/plugins/com.st.stm32cube.ide.mcu.externaltools.gnu-tools-for-stm32.13.3.rel1.linux64_1.0.0.202410170706/tools/bin/../lib/gcc/arm-none-eabi/13.3.1/../../../../arm-none-eabi/lib/thumb/v7-m/nofp/libc_nano.a
END GROUP
START GROUP
LOAD /opt/st/stm32cubeide_1.19.0/plugins/com.st.stm32cube.ide.mcu.externaltools.gnu-tools-for-stm32.13.3.rel1.linux64_1.0.0.202410170706/tools/bin/../lib/gcc/arm-none-eabi/13.3.1/thumb/v7-m/nofp/libgcc.a
LOAD /opt/st/stm32cubeide_1.19.0/plugins/com.st.stm32cube.ide.mcu.externaltools.gnu-tools-for-stm32.13.3.rel1.linux64_1.0.0.202410170706/tools/bin/../lib/gcc/arm-none-eabi/13.3.1/../../../../arm-none-eabi/lib/thumb/v7-m/nofp/libc_nano.a
LOAD /opt/st/stm32cubeide_1.19.0/plugins/com.st.stm32cube.ide.mcu.externaltools.gnu-tools-for-stm32.13.3.rel1.linux64_1.0.0.202410170706/tools/bin/../lib/gcc/arm-none-eabi/13.3.1/../../../../arm-none-eabi/lib/thumb/v7-m/nofp/libnosys.a
END GROUP
START GROUP
LOAD /opt/st/stm32cubeide_1.19.0/plugins/com.st.stm32cube.ide.mcu.externaltools.gnu-tools-for-stm32.13.3.rel1.linux64_1.0.0.202410170706/tools/bin/../lib/gcc/arm-none-eabi/13.3.1/thumb/v7-m/nofp/libgcc.a
LOAD /opt/st/stm32cubeide_1.19.0/plugins/com.st.stm32cube.ide.mcu.externaltools.gnu-tools-for-stm32.13.3.rel1.linux64_1.0.0.202410170706/tools/bin/../lib/gcc/arm-none-eabi/13.3.1/../../../../arm-none-eabi/lib/thumb/v7-m/nofp/libc_nano.a
LOAD /opt/st/stm32cubeide_1.19.0/plugins/com.st.stm32cube.ide.mcu.externaltools.gnu-tools-for-stm32.13.3.rel1.linux64_1.0.0.202410170706/tools/bin/../lib/gcc/arm-none-eabi/13.3.1/../../../../arm-none-eabi/lib/thumb/v7-m/nofp/libnosys.a
END GROUP
LOAD /opt/st/stm32cubeide_1.19.0/plugins/com.st.stm32cube.ide.mcu.externaltools.gnu-tools-for-stm32.13.3.rel1.linux64_1.0.0.202410170706/tools/bin/../lib/gcc/arm-none-eabi/13.3.1/thumb/v7-m/nofp/crtend.o
LOAD /opt/st/stm32cubeide_1.19.0/plugins/com.st.stm32cube.ide.mcu.externaltools.gnu-tools-for-stm32.13.3.rel1.linux64_1.0.0.202410170706/tools/bin/../lib/gcc/arm-none-eabi/13.3.1/thumb/v7-m/nofp/crtn.o
                0x20005000                        _estack = (ORIGIN (RAM) + LENGTH (RAM))
                0x00000200                        _Min_Heap_Size = 0x200
                0x00000400                        _Min_Stack_Size = 0x400

.isr_vector     0x08000000      0x10c
                0x08000000                        . = ALIGN (0x4)
 *(.isr_vector)
 .isr_vector    0x08000000      0x10c ./Core/Startup/startup_stm32f103c8tx.o
                0x08000000                g_pfnVectors
                0x0800010c                        . = ALIGN (0x4)

.text           0x0800010c     0x5e30
                0x0800010c                        . = ALIGN (0x4)
 *(.text)
 .text          0x0800010c       0x40 /opt/st/stm32cubeide_1.19.0/plugins/com.st.stm32cube.ide.mcu.externaltools.gnu-tools-for-stm32.13.3.rel1.linux64_1.0.0.202410170706/tools/bin/../lib/gcc/arm-none-eabi/13.3.1/thumb/v7-m/nofp/crtbegin.o
 .text          0x0800014c       0x14 /opt/st/stm32cubeide_1.19.0/plugins/com.st.stm32cube.ide.mcu.externaltools.gnu-tools-for-stm32.13.3.rel1.linux64_1.0.0.202410170706/tools/bin/../lib/gcc/arm-none-eabi/13.3.1/../../../../arm-none-eabi/lib/thumb/v7-m/nofp/libc_nano.a(libc_a-strcmp.o)
                0x0800014c                strcmp
 .text          0x08000160       0x10 /opt/st/stm32cubeide_1.19.0/plugins/com.st.stm32cube.ide.mcu.externaltools.gnu-tools-for-stm32.13.3.rel1.linux64_1.0.0.202410170706/tools/bin/../lib/gcc/arm-none-eabi/13.3.1/../../../../arm-none-eabi/lib/thumb/v7-m/nofp/libc_nano.a(libc_a-strlen.o)
                0x08000160                strlen
 .text          0x08000170      0x378 /opt/st/stm32cubeide_1.19.0/plugins/com.st.stm32cube.ide.mcu.externaltools.gnu-tools-for-stm32.13.3.rel1.linux64_1.0.0.202410170706/tools/bin/../lib/gcc/arm-none-eabi/13.3.1/thumb/v7-m/nofp/libgcc.a(_arm_addsubdf3.o)
                0x08000170                __aeabi_drsub
                0x08000178                __aeabi_dsub
                0x08000178                __subdf3
                0x0800017c                __adddf3
                0x0800017c                __aeabi_dadd
                0x080003f4                __aeabi_ui2d
                0x080003f4                __floatunsidf
                0x08000414                __floatsidf
                0x08000414                __aeabi_i2d
                0x08000438                __extendsfdf2
                0x08000438                __aeabi_f2d
                0x0800047c                __aeabi_ul2d
                0x0800047c                __floatundidf
                0x0800048c                __floatdidf
                0x0800048c                __aeabi_l2d
 .text          0x080004e8      0x424 /opt/st/stm32cubeide_1.19.0/plugins/com.st.stm32cube.ide.mcu.externaltools.gnu-tools-for-stm32.13.3.rel1.linux64_1.0.0.202410170706/tools/bin/../lib/gcc/arm-none-eabi/13.3.1/thumb/v7-m/nofp/libgcc.a(_arm_muldivdf3.o)
                0x080004e8                __aeabi_dmul
                0x080004e8                __muldf3
                0x0800073c                __aeabi_ddiv
                0x0800073c                __divdf3
 .text          0x0800090c       0xa0 /opt/st/stm32cubeide_1.19.0/plugins/com.st.stm32cube.ide.mcu.externaltools.gnu-tools-for-stm32.13.3.rel1.linux64_1.0.0.202410170706/tools/bin/../lib/gcc/arm-none-eabi/13.3.1/thumb/v7-m/nofp/libgcc.a(_arm_truncdfsf2.o)
                0x0800090c                __aeabi_d2f
                0x0800090c                __truncdfsf2
 .text          0x080009ac      0x21c /opt/st/stm32cubeide_1.19.0/plugins/com.st.stm32cube.ide.mcu.externaltools.gnu-tools-for-stm32.13.3.rel1.linux64_1.0.0.202410170706/tools/bin/../lib/gcc/arm-none-eabi/13.3.1/thumb/v7-m/nofp/libgcc.a(_arm_addsubsf3.o)
                0x080009ac                __aeabi_frsub
                0x080009b4                __subsf3
                0x080009b4                __aeabi_fsub
                0x080009b8                __aeabi_fadd
                0x080009b8                __addsf3
                0x08000b18                __aeabi_ui2f
                0x08000b18                __floatunsisf
                0x08000b20                __aeabi_i2f
                0x08000b20                __floatsisf
                0x08000b3c                __floatundisf
                0x08000b3c                __aeabi_ul2f
                0x08000b4c                __floatdisf
                0x08000b4c                __aeabi_l2f
 .text          0x08000bc8      0x2a0 /opt/st/stm32cubeide_1.19.0/plugins/com.st.stm32cube.ide.mcu.externaltools.gnu-tools-for-stm32.13.3.rel1.linux64_1.0.0.202410170706/tools/bin/../lib/gcc/arm-none-eabi/13.3.1/thumb/v7-m/nofp/libgcc.a(_arm_muldivsf3.o)
                0x08000bc8                __mulsf3
                0x08000bc8                __aeabi_fmul
                0x08000d30                __divsf3
                0x08000d30                __aeabi_fdiv
 .text          0x08000e68       0xec /opt/st/stm32cubeide_1.19.0/plugins/com.st.stm32cube.ide.mcu.externaltools.gnu-tools-for-stm32.13.3.rel1.linux64_1.0.0.202410170706/tools/bin/../lib/gcc/arm-none-eabi/13.3.1/thumb/v7-m/nofp/libgcc.a(_arm_cmpsf2.o)
                0x08000e68                __gtsf2
                0x08000e68                __gesf2
                0x08000e70                __lesf2
                0x08000e70                __ltsf2
                0x08000e78                __nesf2
                0x08000e78                __eqsf2
                0x08000e78                __cmpsf2
                0x08000ed8                __aeabi_cfrcmple
                0x08000ee0                __aeabi_cfcmple
                0x08000ee0                __aeabi_cfcmpeq
                0x08000ef0                __aeabi_fcmpeq
                0x08000f04                __aeabi_fcmplt
                0x08000f18                __aeabi_fcmple
                0x08000f2c                __aeabi_fcmpge
                0x08000f40                __aeabi_fcmpgt
 .text          0x08000f54       0x4c /opt/st/stm32cubeide_1.19.0/plugins/com.st.stm32cube.ide.mcu.externaltools.gnu-tools-for-stm32.13.3.rel1.linux64_1.0.0.202410170706/tools/bin/../lib/gcc/arm-none-eabi/13.3.1/thumb/v7-m/nofp/libgcc.a(_arm_fixsfsi.o)
                0x08000f54                __fixsfsi
                0x08000f54                __aeabi_f2iz
 *(.text*)
 .text.GRAY_Init
                0x08000fa0       0x94 ./Core/BSP/GRAY/gray.o
                0x08000fa0                GRAY_Init
 .text.GRAY_Read
                0x08001034       0xc4 ./Core/BSP/GRAY/gray.o
                0x08001034                GRAY_Read
 .text.GRAY_ReadByte
                0x080010f8       0xc2 ./Core/BSP/GRAY/gray.o
                0x080010f8                GRAY_ReadByte
 *fill*         0x080011ba        0x2 
 .text.KEY_Init
                0x080011bc       0xa4 ./Core/BSP/KEY/key.o
                0x080011bc                KEY_Init
 .text.KEY1_Read
                0x08001260       0x18 ./Core/BSP/KEY/key.o
                0x08001260                KEY1_Read
 .text.KEY2_Read
                0x08001278       0x18 ./Core/BSP/KEY/key.o
                0x08001278                KEY2_Read
 .text.Motor_Init
                0x08001290       0x4c ./Core/BSP/M/motor.o
                0x08001290                Motor_Init
 .text.Motor_A_SetSpeed
                0x080012dc       0xa4 ./Core/BSP/M/motor.o
                0x080012dc                Motor_A_SetSpeed
 .text.Motor_B_SetSpeed
                0x08001380       0xa4 ./Core/BSP/M/motor.o
                0x08001380                Motor_B_SetSpeed
 .text.Car_Move
                0x08001424       0x2c ./Core/BSP/M/motor.o
                0x08001424                Car_Move
 .text.MPU6050_WriteReg
                0x08001450       0x42 ./Core/BSP/MPU6050/MPU6050.o
                0x08001450                MPU6050_WriteReg
 .text.MPU6050_ReadReg
                0x08001492       0x4e ./Core/BSP/MPU6050/MPU6050.o
                0x08001492                MPU6050_ReadReg
 .text.MPU6050_Init
                0x080014e0       0x3c ./Core/BSP/MPU6050/MPU6050.o
                0x080014e0                MPU6050_Init
 .text.MPU6050_GetData
                0x0800151c      0x106 ./Core/BSP/MPU6050/MPU6050.o
                0x0800151c                MPU6050_GetData
 *fill*         0x08001622        0x2 
 .text.IMU_GetData
                0x08001624      0x14c ./Core/BSP/MPU6050/MPU6050.o
                0x08001624                IMU_GetData
 .text.MPU6050_GetYawRate
                0x08001770       0x2e ./Core/BSP/MPU6050/MPU6050.o
                0x08001770                MPU6050_GetYawRate
 *fill*         0x0800179e        0x2 
 .text.MyI2C_W_SCL
                0x080017a0       0x38 ./Core/BSP/MPU6050/SoftIIC.o
                0x080017a0                MyI2C_W_SCL
 .text.MyI2C_W_SDA
                0x080017d8       0x38 ./Core/BSP/MPU6050/SoftIIC.o
                0x080017d8                MyI2C_W_SDA
 .text.MyI2C_R_SDA
                0x08001810       0x34 ./Core/BSP/MPU6050/SoftIIC.o
                0x08001810                MyI2C_R_SDA
 .text.MyI2C_Init
                0x08001844       0x48 ./Core/BSP/MPU6050/SoftIIC.o
                0x08001844                MyI2C_Init
 .text.MyI2C_Start
                0x0800188c       0x20 ./Core/BSP/MPU6050/SoftIIC.o
                0x0800188c                MyI2C_Start
 .text.MyI2C_Stop
                0x080018ac       0x1a ./Core/BSP/MPU6050/SoftIIC.o
                0x080018ac                MyI2C_Stop
 .text.MyI2C_SendByte
                0x080018c6       0x4c ./Core/BSP/MPU6050/SoftIIC.o
                0x080018c6                MyI2C_SendByte
 .text.MyI2C_ReceiveByte
                0x08001912       0x56 ./Core/BSP/MPU6050/SoftIIC.o
                0x08001912                MyI2C_ReceiveByte
 .text.MyI2C_SendAck
                0x08001968       0x26 ./Core/BSP/MPU6050/SoftIIC.o
                0x08001968                MyI2C_SendAck
 .text.MyI2C_ReceiveAck
                0x0800198e       0x2a ./Core/BSP/MPU6050/SoftIIC.o
                0x0800198e                MyI2C_ReceiveAck
 .text.OLED_I2C_Delay
                0x080019b8       0x22 ./Core/BSP/OLED/OLED.o
 *fill*         0x080019da        0x2 
 .text.OLED_I2C_Init
                0x080019dc       0x7c ./Core/BSP/OLED/OLED.o
                0x080019dc                OLED_I2C_Init
 .text.OLED_I2C_Start
                0x08001a58       0x44 ./Core/BSP/OLED/OLED.o
                0x08001a58                OLED_I2C_Start
 .text.OLED_I2C_Stop
                0x08001a9c       0x38 ./Core/BSP/OLED/OLED.o
                0x08001a9c                OLED_I2C_Stop
 .text.OLED_I2C_SendByte
                0x08001ad4       0x84 ./Core/BSP/OLED/OLED.o
                0x08001ad4                OLED_I2C_SendByte
 .text.OLED_WriteCommand
                0x08001b58       0x2e ./Core/BSP/OLED/OLED.o
                0x08001b58                OLED_WriteCommand
 .text.OLED_WriteData
                0x08001b86       0x2e ./Core/BSP/OLED/OLED.o
                0x08001b86                OLED_WriteData
 .text.OLED_SetCursor
                0x08001bb4       0x46 ./Core/BSP/OLED/OLED.o
                0x08001bb4                OLED_SetCursor
 .text.OLED_Clear
                0x08001bfa       0x46 ./Core/BSP/OLED/OLED.o
                0x08001bfa                OLED_Clear
 .text.OLED_ShowChar
                0x08001c40       0xb0 ./Core/BSP/OLED/OLED.o
                0x08001c40                OLED_ShowChar
 .text.OLED_ShowString
                0x08001cf0       0x4a ./Core/BSP/OLED/OLED.o
                0x08001cf0                OLED_ShowString
 .text.OLED_Init
                0x08001d3a       0xa0 ./Core/BSP/OLED/OLED.o
                0x08001d3a                OLED_Init
 *fill*         0x08001dda        0x2 
 .text.usart_init
                0x08001ddc       0x4c ./Core/BSP/UART/usart.o
                0x08001ddc                usart_init
 .text.usart_send_string
                0x08001e28       0x38 ./Core/BSP/UART/usart.o
                0x08001e28                usart_send_string
 .text.usart_get_rx_length
                0x08001e60       0x1c ./Core/BSP/UART/usart.o
                0x08001e60                usart_get_rx_length
 .text.usart_rx_complete
                0x08001e7c       0x20 ./Core/BSP/UART/usart.o
                0x08001e7c                usart_rx_complete
 .text.usart_clear_rx_buffer
                0x08001e9c       0x2c ./Core/BSP/UART/usart.o
                0x08001e9c                usart_clear_rx_buffer
 .text.HAL_UART_RxCpltCallback
                0x08001ec8       0xe4 ./Core/BSP/UART/usart.o
                0x08001ec8                HAL_UART_RxCpltCallback
 .text.main     0x08001fac      0x208 ./Core/Src/main.o
                0x08001fac                main
 .text.SystemClock_Config
                0x080021b4       0x8a ./Core/Src/main.o
                0x080021b4                SystemClock_Config
 *fill*         0x0800223e        0x2 
 .text.MX_TIM3_Init
                0x08002240       0xf4 ./Core/Src/main.o
 .text.MX_USART1_UART_Init
                0x08002334       0x54 ./Core/Src/main.o
 .text.MX_GPIO_Init
                0x08002388       0x5c ./Core/Src/main.o
 .text.Error_Handler
                0x080023e4        0xc ./Core/Src/main.o
                0x080023e4                Error_Handler
 .text.HAL_MspInit
                0x080023f0       0x64 ./Core/Src/stm32f1xx_hal_msp.o
                0x080023f0                HAL_MspInit
 .text.HAL_TIM_PWM_MspInit
                0x08002454       0x3c ./Core/Src/stm32f1xx_hal_msp.o
                0x08002454                HAL_TIM_PWM_MspInit
 .text.HAL_TIM_MspPostInit
                0x08002490       0x98 ./Core/Src/stm32f1xx_hal_msp.o
                0x08002490                HAL_TIM_MspPostInit
 .text.HAL_UART_MspInit
                0x08002528       0xa8 ./Core/Src/stm32f1xx_hal_msp.o
                0x08002528                HAL_UART_MspInit
 .text.NMI_Handler
                0x080025d0        0x8 ./Core/Src/stm32f1xx_it.o
                0x080025d0                NMI_Handler
 .text.HardFault_Handler
                0x080025d8        0x8 ./Core/Src/stm32f1xx_it.o
                0x080025d8                HardFault_Handler
 .text.MemManage_Handler
                0x080025e0        0x8 ./Core/Src/stm32f1xx_it.o
                0x080025e0                MemManage_Handler
 .text.BusFault_Handler
                0x080025e8        0x8 ./Core/Src/stm32f1xx_it.o
                0x080025e8                BusFault_Handler
 .text.UsageFault_Handler
                0x080025f0        0x8 ./Core/Src/stm32f1xx_it.o
                0x080025f0                UsageFault_Handler
 .text.SVC_Handler
                0x080025f8        0xc ./Core/Src/stm32f1xx_it.o
                0x080025f8                SVC_Handler
 .text.DebugMon_Handler
                0x08002604        0xc ./Core/Src/stm32f1xx_it.o
                0x08002604                DebugMon_Handler
 .text.PendSV_Handler
                0x08002610        0xc ./Core/Src/stm32f1xx_it.o
                0x08002610                PendSV_Handler
 .text.SysTick_Handler
                0x0800261c        0xc ./Core/Src/stm32f1xx_it.o
                0x0800261c                SysTick_Handler
 .text.USART1_IRQHandler
                0x08002628       0x14 ./Core/Src/stm32f1xx_it.o
                0x08002628                USART1_IRQHandler
 .text._sbrk    0x0800263c       0x6c ./Core/Src/sysmem.o
                0x0800263c                _sbrk
 .text.SystemInit
                0x080026a8        0xc ./Core/Src/system_stm32f1xx.o
                0x080026a8                SystemInit
 .text.Reset_Handler
                0x080026b4       0x48 ./Core/Startup/startup_stm32f103c8tx.o
                0x080026b4                Reset_Handler
 .text.Default_Handler
                0x080026fc        0x2 ./Core/Startup/startup_stm32f103c8tx.o
                0x080026fc                RTC_Alarm_IRQHandler
                0x080026fc                EXTI2_IRQHandler
                0x080026fc                TIM1_CC_IRQHandler
                0x080026fc                PVD_IRQHandler
                0x080026fc                EXTI3_IRQHandler
                0x080026fc                EXTI0_IRQHandler
                0x080026fc                I2C2_EV_IRQHandler
                0x080026fc                ADC1_2_IRQHandler
                0x080026fc                SPI1_IRQHandler
                0x080026fc                TAMPER_IRQHandler
                0x080026fc                DMA1_Channel4_IRQHandler
                0x080026fc                USART3_IRQHandler
                0x080026fc                RTC_IRQHandler
                0x080026fc                DMA1_Channel7_IRQHandler
                0x080026fc                CAN1_RX1_IRQHandler
                0x080026fc                TIM4_IRQHandler
                0x080026fc                I2C1_EV_IRQHandler
                0x080026fc                DMA1_Channel6_IRQHandler
                0x080026fc                TIM3_IRQHandler
                0x080026fc                RCC_IRQHandler
                0x080026fc                TIM1_TRG_COM_IRQHandler
                0x080026fc                DMA1_Channel1_IRQHandler
                0x080026fc                Default_Handler
                0x080026fc                EXTI15_10_IRQHandler
                0x080026fc                EXTI9_5_IRQHandler
                0x080026fc                SPI2_IRQHandler
                0x080026fc                DMA1_Channel5_IRQHandler
                0x080026fc                EXTI4_IRQHandler
                0x080026fc                USB_LP_CAN1_RX0_IRQHandler
                0x080026fc                USB_HP_CAN1_TX_IRQHandler
                0x080026fc                DMA1_Channel3_IRQHandler
                0x080026fc                TIM1_UP_IRQHandler
                0x080026fc                WWDG_IRQHandler
                0x080026fc                TIM2_IRQHandler
                0x080026fc                TIM1_BRK_IRQHandler
                0x080026fc                EXTI1_IRQHandler
                0x080026fc                USART2_IRQHandler
                0x080026fc                I2C2_ER_IRQHandler
                0x080026fc                DMA1_Channel2_IRQHandler
                0x080026fc                CAN1_SCE_IRQHandler
                0x080026fc                FLASH_IRQHandler
                0x080026fc                I2C1_ER_IRQHandler
                0x080026fc                USBWakeUp_IRQHandler
 .text.hrun_clamp_speed
                0x080026fe       0x3a ./Core/app/hrun/hrun.o
 .text.HRun_Init
                0x08002738       0x1c ./Core/app/hrun/hrun.o
                0x08002738                HRun_Init
 .text.HRun_ToggleLineMode
                0x08002754       0x48 ./Core/app/hrun/hrun.o
                0x08002754                HRun_ToggleLineMode
 .text.HRun_GetLineModeName
                0x0800279c       0x28 ./Core/app/hrun/hrun.o
                0x0800279c                HRun_GetLineModeName
 .text.HRun_LineFollowStep
                0x080027c4      0x2e0 ./Core/app/hrun/hrun.o
                0x080027c4                HRun_LineFollowStep
 .text.parse_float
                0x08002aa4      0x144 ./Core/app/set_parameter/set.o
 .text.Set_ProcessCommand
                0x08002be8      0x438 ./Core/app/set_parameter/set.o
                0x08002be8                Set_ProcessCommand
 .text.HAL_Init
                0x08003020       0x2c ./Drivers/STM32F1xx_HAL_Driver/Src/stm32f1xx_hal.o
                0x08003020                HAL_Init
 .text.HAL_InitTick
                0x0800304c       0x60 ./Drivers/STM32F1xx_HAL_Driver/Src/stm32f1xx_hal.o
                0x0800304c                HAL_InitTick
 .text.HAL_IncTick
                0x080030ac       0x24 ./Drivers/STM32F1xx_HAL_Driver/Src/stm32f1xx_hal.o
                0x080030ac                HAL_IncTick
 .text.HAL_GetTick
                0x080030d0       0x14 ./Drivers/STM32F1xx_HAL_Driver/Src/stm32f1xx_hal.o
                0x080030d0                HAL_GetTick
 .text.HAL_Delay
                0x080030e4       0x48 ./Drivers/STM32F1xx_HAL_Driver/Src/stm32f1xx_hal.o
                0x080030e4                HAL_Delay
 .text.__NVIC_SetPriorityGrouping
                0x0800312c       0x48 ./Drivers/STM32F1xx_HAL_Driver/Src/stm32f1xx_hal_cortex.o
 .text.__NVIC_GetPriorityGrouping
                0x08003174       0x1c ./Drivers/STM32F1xx_HAL_Driver/Src/stm32f1xx_hal_cortex.o
 .text.__NVIC_EnableIRQ
                0x08003190       0x38 ./Drivers/STM32F1xx_HAL_Driver/Src/stm32f1xx_hal_cortex.o
 .text.__NVIC_SetPriority
                0x080031c8       0x54 ./Drivers/STM32F1xx_HAL_Driver/Src/stm32f1xx_hal_cortex.o
 .text.NVIC_EncodePriority
                0x0800321c       0x64 ./Drivers/STM32F1xx_HAL_Driver/Src/stm32f1xx_hal_cortex.o
 .text.SysTick_Config
                0x08003280       0x44 ./Drivers/STM32F1xx_HAL_Driver/Src/stm32f1xx_hal_cortex.o
 .text.HAL_NVIC_SetPriorityGrouping
                0x080032c4       0x16 ./Drivers/STM32F1xx_HAL_Driver/Src/stm32f1xx_hal_cortex.o
                0x080032c4                HAL_NVIC_SetPriorityGrouping
 .text.HAL_NVIC_SetPriority
                0x080032da       0x38 ./Drivers/STM32F1xx_HAL_Driver/Src/stm32f1xx_hal_cortex.o
                0x080032da                HAL_NVIC_SetPriority
 .text.HAL_NVIC_EnableIRQ
                0x08003312       0x1c ./Drivers/STM32F1xx_HAL_Driver/Src/stm32f1xx_hal_cortex.o
                0x08003312                HAL_NVIC_EnableIRQ
 .text.HAL_SYSTICK_Config
                0x0800332e       0x18 ./Drivers/STM32F1xx_HAL_Driver/Src/stm32f1xx_hal_cortex.o
                0x0800332e                HAL_SYSTICK_Config
 .text.HAL_DMA_Abort
                0x08003346       0x76 ./Drivers/STM32F1xx_HAL_Driver/Src/stm32f1xx_hal_dma.o
                0x08003346                HAL_DMA_Abort
 .text.HAL_DMA_Abort_IT
                0x080033bc       0xf0 ./Drivers/STM32F1xx_HAL_Driver/Src/stm32f1xx_hal_dma.o
                0x080033bc                HAL_DMA_Abort_IT
 .text.HAL_GPIO_Init
                0x080034ac      0x308 ./Drivers/STM32F1xx_HAL_Driver/Src/stm32f1xx_hal_gpio.o
                0x080034ac                HAL_GPIO_Init
 .text.HAL_GPIO_ReadPin
                0x080037b4       0x2e ./Drivers/STM32F1xx_HAL_Driver/Src/stm32f1xx_hal_gpio.o
                0x080037b4                HAL_GPIO_ReadPin
 .text.HAL_GPIO_WritePin
                0x080037e2       0x30 ./Drivers/STM32F1xx_HAL_Driver/Src/stm32f1xx_hal_gpio.o
                0x080037e2                HAL_GPIO_WritePin
 *fill*         0x08003812        0x2 
 .text.HAL_RCC_OscConfig
                0x08003814      0x504 ./Drivers/STM32F1xx_HAL_Driver/Src/stm32f1xx_hal_rcc.o
                0x08003814                HAL_RCC_OscConfig
 .text.HAL_RCC_ClockConfig
                0x08003d18      0x1d4 ./Drivers/STM32F1xx_HAL_Driver/Src/stm32f1xx_hal_rcc.o
                0x08003d18                HAL_RCC_ClockConfig
 .text.HAL_RCC_GetSysClockFreq
                0x08003eec       0xa8 ./Drivers/STM32F1xx_HAL_Driver/Src/stm32f1xx_hal_rcc.o
                0x08003eec                HAL_RCC_GetSysClockFreq
 .text.HAL_RCC_GetHCLKFreq
                0x08003f94       0x14 ./Drivers/STM32F1xx_HAL_Driver/Src/stm32f1xx_hal_rcc.o
                0x08003f94                HAL_RCC_GetHCLKFreq
 .text.HAL_RCC_GetPCLK1Freq
                0x08003fa8       0x28 ./Drivers/STM32F1xx_HAL_Driver/Src/stm32f1xx_hal_rcc.o
                0x08003fa8                HAL_RCC_GetPCLK1Freq
 .text.HAL_RCC_GetPCLK2Freq
                0x08003fd0       0x28 ./Drivers/STM32F1xx_HAL_Driver/Src/stm32f1xx_hal_rcc.o
                0x08003fd0                HAL_RCC_GetPCLK2Freq
 .text.RCC_Delay
                0x08003ff8       0x3c ./Drivers/STM32F1xx_HAL_Driver/Src/stm32f1xx_hal_rcc.o
 .text.HAL_TIM_PWM_Init
                0x08004034       0x9e ./Drivers/STM32F1xx_HAL_Driver/Src/stm32f1xx_hal_tim.o
                0x08004034                HAL_TIM_PWM_Init
 *fill*         0x080040d2        0x2 
 .text.HAL_TIM_PWM_Start
                0x080040d4      0x144 ./Drivers/STM32F1xx_HAL_Driver/Src/stm32f1xx_hal_tim.o
                0x080040d4                HAL_TIM_PWM_Start
 .text.HAL_TIM_PWM_ConfigChannel
                0x08004218      0x184 ./Drivers/STM32F1xx_HAL_Driver/Src/stm32f1xx_hal_tim.o
                0x08004218                HAL_TIM_PWM_ConfigChannel
 .text.TIM_Base_SetConfig
                0x0800439c       0xdc ./Drivers/STM32F1xx_HAL_Driver/Src/stm32f1xx_hal_tim.o
                0x0800439c                TIM_Base_SetConfig
 .text.TIM_OC1_SetConfig
                0x08004478       0xcc ./Drivers/STM32F1xx_HAL_Driver/Src/stm32f1xx_hal_tim.o
 .text.TIM_OC2_SetConfig
                0x08004544       0xd4 ./Drivers/STM32F1xx_HAL_Driver/Src/stm32f1xx_hal_tim.o
                0x08004544                TIM_OC2_SetConfig
 .text.TIM_OC3_SetConfig
                0x08004618       0xd4 ./Drivers/STM32F1xx_HAL_Driver/Src/stm32f1xx_hal_tim.o
 .text.TIM_OC4_SetConfig
                0x080046ec       0x9c ./Drivers/STM32F1xx_HAL_Driver/Src/stm32f1xx_hal_tim.o
 .text.TIM_CCxChannelCmd
                0x08004788       0x48 ./Drivers/STM32F1xx_HAL_Driver/Src/stm32f1xx_hal_tim.o
                0x08004788                TIM_CCxChannelCmd
 .text.HAL_TIMEx_MasterConfigSynchronization
                0x080047d0       0xbc ./Drivers/STM32F1xx_HAL_Driver/Src/stm32f1xx_hal_tim_ex.o
                0x080047d0                HAL_TIMEx_MasterConfigSynchronization
 .text.HAL_UART_Init
                0x0800488c       0xa0 ./Drivers/STM32F1xx_HAL_Driver/Src/stm32f1xx_hal_uart.o
                0x0800488c                HAL_UART_Init
 .text.HAL_UART_Transmit
                0x0800492c      0x116 ./Drivers/STM32F1xx_HAL_Driver/Src/stm32f1xx_hal_uart.o
                0x0800492c                HAL_UART_Transmit
 .text.HAL_UART_Receive_IT
                0x08004a42       0x4a ./Drivers/STM32F1xx_HAL_Driver/Src/stm32f1xx_hal_uart.o
                0x08004a42                HAL_UART_Receive_IT
 .text.HAL_UART_IRQHandler
                0x08004a8c      0x524 ./Drivers/STM32F1xx_HAL_Driver/Src/stm32f1xx_hal_uart.o
                0x08004a8c                HAL_UART_IRQHandler
 .text.HAL_UART_TxCpltCallback
                0x08004fb0       0x12 ./Drivers/STM32F1xx_HAL_Driver/Src/stm32f1xx_hal_uart.o
                0x08004fb0                HAL_UART_TxCpltCallback
 .text.HAL_UART_ErrorCallback
                0x08004fc2       0x12 ./Drivers/STM32F1xx_HAL_Driver/Src/stm32f1xx_hal_uart.o
                0x08004fc2                HAL_UART_ErrorCallback
 .text.HAL_UARTEx_RxEventCallback
                0x08004fd4       0x16 ./Drivers/STM32F1xx_HAL_Driver/Src/stm32f1xx_hal_uart.o
                0x08004fd4                HAL_UARTEx_RxEventCallback
 .text.UART_WaitOnFlagUntilTimeout
                0x08004fea       0xb2 ./Drivers/STM32F1xx_HAL_Driver/Src/stm32f1xx_hal_uart.o
 .text.UART_Start_Receive_IT
                0x0800509c       0x72 ./Drivers/STM32F1xx_HAL_Driver/Src/stm32f1xx_hal_uart.o
                0x0800509c                UART_Start_Receive_IT
 .text.UART_EndRxTransfer
                0x0800510e       0xc4 ./Drivers/STM32F1xx_HAL_Driver/Src/stm32f1xx_hal_uart.o
 .text.UART_DMAAbortOnError
                0x080051d2       0x28 ./Drivers/STM32F1xx_HAL_Driver/Src/stm32f1xx_hal_uart.o
 .text.UART_Transmit_IT
                0x080051fa       0x9e ./Drivers/STM32F1xx_HAL_Driver/Src/stm32f1xx_hal_uart.o
 .text.UART_EndTransmit_IT
                0x08005298       0x30 ./Drivers/STM32F1xx_HAL_Driver/Src/stm32f1xx_hal_uart.o
 .text.UART_Receive_IT
                0x080052c8      0x17c ./Drivers/STM32F1xx_HAL_Driver/Src/stm32f1xx_hal_uart.o
 .text.UART_SetConfig
                0x08005444      0x11c ./Drivers/STM32F1xx_HAL_Driver/Src/stm32f1xx_hal_uart.o
 .text.sprintf  0x08005560       0x44 /opt/st/stm32cubeide_1.19.0/plugins/com.st.stm32cube.ide.mcu.externaltools.gnu-tools-for-stm32.13.3.rel1.linux64_1.0.0.202410170706/tools/bin/../lib/gcc/arm-none-eabi/13.3.1/../../../../arm-none-eabi/lib/thumb/v7-m/nofp/libc_nano.a(libc_a-sprintf.o)
                0x08005560                sprintf
                0x08005560                siprintf
 .text.memset   0x080055a4       0x10 /opt/st/stm32cubeide_1.19.0/plugins/com.st.stm32cube.ide.mcu.externaltools.gnu-tools-for-stm32.13.3.rel1.linux64_1.0.0.202410170706/tools/bin/../lib/gcc/arm-none-eabi/13.3.1/../../../../arm-none-eabi/lib/thumb/v7-m/nofp/libc_nano.a(libc_a-memset.o)
                0x080055a4                memset
 .text.strchr   0x080055b4       0x1a /opt/st/stm32cubeide_1.19.0/plugins/com.st.stm32cube.ide.mcu.externaltools.gnu-tools-for-stm32.13.3.rel1.linux64_1.0.0.202410170706/tools/bin/../lib/gcc/arm-none-eabi/13.3.1/../../../../arm-none-eabi/lib/thumb/v7-m/nofp/libc_nano.a(libc_a-strchr.o)
                0x080055b4                strchr
 .text.strncmp  0x080055ce       0x24 /opt/st/stm32cubeide_1.19.0/plugins/com.st.stm32cube.ide.mcu.externaltools.gnu-tools-for-stm32.13.3.rel1.linux64_1.0.0.202410170706/tools/bin/../lib/gcc/arm-none-eabi/13.3.1/../../../../arm-none-eabi/lib/thumb/v7-m/nofp/libc_nano.a(libc_a-strncmp.o)
                0x080055ce                strncmp
 .text.strncpy  0x080055f2       0x26 /opt/st/stm32cubeide_1.19.0/plugins/com.st.stm32cube.ide.mcu.externaltools.gnu-tools-for-stm32.13.3.rel1.linux64_1.0.0.202410170706/tools/bin/../lib/gcc/arm-none-eabi/13.3.1/../../../../arm-none-eabi/lib/thumb/v7-m/nofp/libc_nano.a(libc_a-strncpy.o)
                0x080055f2                strncpy
 .text.__errno  0x08005618        0xc /opt/st/stm32cubeide_1.19.0/plugins/com.st.stm32cube.ide.mcu.externaltools.gnu-tools-for-stm32.13.3.rel1.linux64_1.0.0.202410170706/tools/bin/../lib/gcc/arm-none-eabi/13.3.1/../../../../arm-none-eabi/lib/thumb/v7-m/nofp/libc_nano.a(libc_a-errno.o)
                0x08005618                __errno
 .text.__libc_init_array
                0x08005624       0x48 /opt/st/stm32cubeide_1.19.0/plugins/com.st.stm32cube.ide.mcu.externaltools.gnu-tools-for-stm32.13.3.rel1.linux64_1.0.0.202410170706/tools/bin/../lib/gcc/arm-none-eabi/13.3.1/../../../../arm-none-eabi/lib/thumb/v7-m/nofp/libc_nano.a(libc_a-init.o)
                0x08005624                __libc_init_array
 .text.__retarget_lock_acquire_recursive
                0x0800566c        0x2 /opt/st/stm32cubeide_1.19.0/plugins/com.st.stm32cube.ide.mcu.externaltools.gnu-tools-for-stm32.13.3.rel1.linux64_1.0.0.202410170706/tools/bin/../lib/gcc/arm-none-eabi/13.3.1/../../../../arm-none-eabi/lib/thumb/v7-m/nofp/libc_nano.a(libc_a-lock.o)
                0x0800566c                __retarget_lock_acquire_recursive
 .text.__retarget_lock_release_recursive
                0x0800566e        0x2 /opt/st/stm32cubeide_1.19.0/plugins/com.st.stm32cube.ide.mcu.externaltools.gnu-tools-for-stm32.13.3.rel1.linux64_1.0.0.202410170706/tools/bin/../lib/gcc/arm-none-eabi/13.3.1/../../../../arm-none-eabi/lib/thumb/v7-m/nofp/libc_nano.a(libc_a-lock.o)
                0x0800566e                __retarget_lock_release_recursive
 .text.memcpy   0x08005670       0x1c /opt/st/stm32cubeide_1.19.0/plugins/com.st.stm32cube.ide.mcu.externaltools.gnu-tools-for-stm32.13.3.rel1.linux64_1.0.0.202410170706/tools/bin/../lib/gcc/arm-none-eabi/13.3.1/../../../../arm-none-eabi/lib/thumb/v7-m/nofp/libc_nano.a(libc_a-memcpy-stub.o)
                0x08005670                memcpy
 .text._free_r  0x0800568c       0x90 /opt/st/stm32cubeide_1.19.0/plugins/com.st.stm32cube.ide.mcu.externaltools.gnu-tools-for-stm32.13.3.rel1.linux64_1.0.0.202410170706/tools/bin/../lib/gcc/arm-none-eabi/13.3.1/../../../../arm-none-eabi/lib/thumb/v7-m/nofp/libc_nano.a(libc_a-freer.o)
                0x0800568c                _free_r
 .text.sbrk_aligned
                0x0800571c       0x44 /opt/st/stm32cubeide_1.19.0/plugins/com.st.stm32cube.ide.mcu.externaltools.gnu-tools-for-stm32.13.3.rel1.linux64_1.0.0.202410170706/tools/bin/../lib/gcc/arm-none-eabi/13.3.1/../../../../arm-none-eabi/lib/thumb/v7-m/nofp/libc_nano.a(libc_a-mallocr.o)
 .text._malloc_r
                0x08005760      0x100 /opt/st/stm32cubeide_1.19.0/plugins/com.st.stm32cube.ide.mcu.externaltools.gnu-tools-for-stm32.13.3.rel1.linux64_1.0.0.202410170706/tools/bin/../lib/gcc/arm-none-eabi/13.3.1/../../../../arm-none-eabi/lib/thumb/v7-m/nofp/libc_nano.a(libc_a-mallocr.o)
                0x08005760                _malloc_r
 .text.__malloc_lock
                0x08005860        0xc /opt/st/stm32cubeide_1.19.0/plugins/com.st.stm32cube.ide.mcu.externaltools.gnu-tools-for-stm32.13.3.rel1.linux64_1.0.0.202410170706/tools/bin/../lib/gcc/arm-none-eabi/13.3.1/../../../../arm-none-eabi/lib/thumb/v7-m/nofp/libc_nano.a(libc_a-mlock.o)
                0x08005860                __malloc_lock
 .text.__malloc_unlock
                0x0800586c        0xc /opt/st/stm32cubeide_1.19.0/plugins/com.st.stm32cube.ide.mcu.externaltools.gnu-tools-for-stm32.13.3.rel1.linux64_1.0.0.202410170706/tools/bin/../lib/gcc/arm-none-eabi/13.3.1/../../../../arm-none-eabi/lib/thumb/v7-m/nofp/libc_nano.a(libc_a-mlock.o)
                0x0800586c                __malloc_unlock
 .text.__ssputs_r
                0x08005878       0xb6 /opt/st/stm32cubeide_1.19.0/plugins/com.st.stm32cube.ide.mcu.externaltools.gnu-tools-for-stm32.13.3.rel1.linux64_1.0.0.202410170706/tools/bin/../lib/gcc/arm-none-eabi/13.3.1/../../../../arm-none-eabi/lib/thumb/v7-m/nofp/libc_nano.a(libc_a-nano-svfprintf.o)
                0x08005878                __ssputs_r
 *fill*         0x0800592e        0x2 
 .text._svfprintf_r
                0x08005930      0x1f8 /opt/st/stm32cubeide_1.19.0/plugins/com.st.stm32cube.ide.mcu.externaltools.gnu-tools-for-stm32.13.3.rel1.linux64_1.0.0.202410170706/tools/bin/../lib/gcc/arm-none-eabi/13.3.1/../../../../arm-none-eabi/lib/thumb/v7-m/nofp/libc_nano.a(libc_a-nano-svfprintf.o)
                0x08005930                _svfprintf_r
                0x08005930                _svfiprintf_r
 .text._printf_common
                0x08005b28       0xe4 /opt/st/stm32cubeide_1.19.0/plugins/com.st.stm32cube.ide.mcu.externaltools.gnu-tools-for-stm32.13.3.rel1.linux64_1.0.0.202410170706/tools/bin/../lib/gcc/arm-none-eabi/13.3.1/../../../../arm-none-eabi/lib/thumb/v7-m/nofp/libc_nano.a(libc_a-nano-vfprintf_i.o)
                0x08005b28                _printf_common
 .text._printf_i
                0x08005c0c      0x23c /opt/st/stm32cubeide_1.19.0/plugins/com.st.stm32cube.ide.mcu.externaltools.gnu-tools-for-stm32.13.3.rel1.linux64_1.0.0.202410170706/tools/bin/../lib/gcc/arm-none-eabi/13.3.1/../../../../arm-none-eabi/lib/thumb/v7-m/nofp/libc_nano.a(libc_a-nano-vfprintf_i.o)
                0x08005c0c                _printf_i
 .text.memmove  0x08005e48       0x34 /opt/st/stm32cubeide_1.19.0/plugins/com.st.stm32cube.ide.mcu.externaltools.gnu-tools-for-stm32.13.3.rel1.linux64_1.0.0.202410170706/tools/bin/../lib/gcc/arm-none-eabi/13.3.1/../../../../arm-none-eabi/lib/thumb/v7-m/nofp/libc_nano.a(libc_a-memmove.o)
                0x08005e48                memmove
 .text._sbrk_r  0x08005e7c       0x20 /opt/st/stm32cubeide_1.19.0/plugins/com.st.stm32cube.ide.mcu.externaltools.gnu-tools-for-stm32.13.3.rel1.linux64_1.0.0.202410170706/tools/bin/../lib/gcc/arm-none-eabi/13.3.1/../../../../arm-none-eabi/lib/thumb/v7-m/nofp/libc_nano.a(libc_a-sbrkr.o)
                0x08005e7c                _sbrk_r
 .text.memchr   0x08005e9c       0x1c /opt/st/stm32cubeide_1.19.0/plugins/com.st.stm32cube.ide.mcu.externaltools.gnu-tools-for-stm32.13.3.rel1.linux64_1.0.0.202410170706/tools/bin/../lib/gcc/arm-none-eabi/13.3.1/../../../../arm-none-eabi/lib/thumb/v7-m/nofp/libc_nano.a(libc_a-memchr-stub.o)
                0x08005e9c                memchr
 .text._realloc_r
                0x08005eb8       0x5c /opt/st/stm32cubeide_1.19.0/plugins/com.st.stm32cube.ide.mcu.externaltools.gnu-tools-for-stm32.13.3.rel1.linux64_1.0.0.202410170706/tools/bin/../lib/gcc/arm-none-eabi/13.3.1/../../../../arm-none-eabi/lib/thumb/v7-m/nofp/libc_nano.a(libc_a-reallocr.o)
                0x08005eb8                _realloc_r
 .text._malloc_usable_size_r
                0x08005f14       0x10 /opt/st/stm32cubeide_1.19.0/plugins/com.st.stm32cube.ide.mcu.externaltools.gnu-tools-for-stm32.13.3.rel1.linux64_1.0.0.202410170706/tools/bin/../lib/gcc/arm-none-eabi/13.3.1/../../../../arm-none-eabi/lib/thumb/v7-m/nofp/libc_nano.a(libc_a-msizer.o)
                0x08005f14                _malloc_usable_size_r
 *(.glue_7)
 .glue_7        0x08005f24        0x0 linker stubs
 *(.glue_7t)
 .glue_7t       0x08005f24        0x0 linker stubs
 *(.eh_frame)
 .eh_frame      0x08005f24        0x0 /opt/st/stm32cubeide_1.19.0/plugins/com.st.stm32cube.ide.mcu.externaltools.gnu-tools-for-stm32.13.3.rel1.linux64_1.0.0.202410170706/tools/bin/../lib/gcc/arm-none-eabi/13.3.1/thumb/v7-m/nofp/crtbegin.o
 *(.init)
 .init          0x08005f24        0x4 /opt/st/stm32cubeide_1.19.0/plugins/com.st.stm32cube.ide.mcu.externaltools.gnu-tools-for-stm32.13.3.rel1.linux64_1.0.0.202410170706/tools/bin/../lib/gcc/arm-none-eabi/13.3.1/thumb/v7-m/nofp/crti.o
                0x08005f24                _init
 .init          0x08005f28        0x8 /opt/st/stm32cubeide_1.19.0/plugins/com.st.stm32cube.ide.mcu.externaltools.gnu-tools-for-stm32.13.3.rel1.linux64_1.0.0.202410170706/tools/bin/../lib/gcc/arm-none-eabi/13.3.1/thumb/v7-m/nofp/crtn.o
 *(.fini)
 .fini          0x08005f30        0x4 /opt/st/stm32cubeide_1.19.0/plugins/com.st.stm32cube.ide.mcu.externaltools.gnu-tools-for-stm32.13.3.rel1.linux64_1.0.0.202410170706/tools/bin/../lib/gcc/arm-none-eabi/13.3.1/thumb/v7-m/nofp/crti.o
                0x08005f30                _fini
 .fini          0x08005f34        0x8 /opt/st/stm32cubeide_1.19.0/plugins/com.st.stm32cube.ide.mcu.externaltools.gnu-tools-for-stm32.13.3.rel1.linux64_1.0.0.202410170706/tools/bin/../lib/gcc/arm-none-eabi/13.3.1/thumb/v7-m/nofp/crtn.o
                0x08005f3c                        . = ALIGN (0x4)
                0x08005f3c                        _etext = .

.vfp11_veneer   0x08005f3c        0x0
 .vfp11_veneer  0x08005f3c        0x0 linker stubs

.v4_bx          0x08005f3c        0x0
 .v4_bx         0x08005f3c        0x0 linker stubs

.iplt           0x08005f3c        0x0
 .iplt          0x08005f3c        0x0 /opt/st/stm32cubeide_1.19.0/plugins/com.st.stm32cube.ide.mcu.externaltools.gnu-tools-for-stm32.13.3.rel1.linux64_1.0.0.202410170706/tools/bin/../lib/gcc/arm-none-eabi/13.3.1/thumb/v7-m/nofp/crtbegin.o

.rodata         0x08005f3c      0x96c
                0x08005f3c                        . = ALIGN (0x4)
 *(.rodata)
 .rodata        0x08005f3c      0x104 ./Core/Src/main.o
 .rodata        0x08006040        0xe ./Core/app/hrun/hrun.o
 *fill*         0x0800604e        0x2 
 .rodata        0x08006050      0x205 ./Core/app/set_parameter/set.o
 *(.rodata*)
 *fill*         0x08006255        0x3 
 .rodata.OLED_F8x16
                0x08006258      0x5f0 ./Core/BSP/OLED/OLED.o
                0x08006258                OLED_F8x16
 .rodata.AHBPrescTable
                0x08006848       0x10 ./Core/Src/system_stm32f1xx.o
                0x08006848                AHBPrescTable
 .rodata.APBPrescTable
                0x08006858        0x8 ./Core/Src/system_stm32f1xx.o
                0x08006858                APBPrescTable
 .rodata.aPLLMULFactorTable.1
                0x08006860       0x10 ./Drivers/STM32F1xx_HAL_Driver/Src/stm32f1xx_hal_rcc.o
 .rodata.aPredivFactorTable.0
                0x08006870        0x2 ./Drivers/STM32F1xx_HAL_Driver/Src/stm32f1xx_hal_rcc.o
 .rodata._svfprintf_r.str1.1
                0x08006872       0x33 /opt/st/stm32cubeide_1.19.0/plugins/com.st.stm32cube.ide.mcu.externaltools.gnu-tools-for-stm32.13.3.rel1.linux64_1.0.0.202410170706/tools/bin/../lib/gcc/arm-none-eabi/13.3.1/../../../../arm-none-eabi/lib/thumb/v7-m/nofp/libc_nano.a(libc_a-nano-svfprintf.o)
                                 0x11 (size before relaxing)
 .rodata._printf_i.str1.1
                0x080068a5       0x22 /opt/st/stm32cubeide_1.19.0/plugins/com.st.stm32cube.ide.mcu.externaltools.gnu-tools-for-stm32.13.3.rel1.linux64_1.0.0.202410170706/tools/bin/../lib/gcc/arm-none-eabi/13.3.1/../../../../arm-none-eabi/lib/thumb/v7-m/nofp/libc_nano.a(libc_a-nano-vfprintf_i.o)
                0x080068c8                        . = ALIGN (0x4)
 *fill*         0x080068a5        0x3 

.ARM.extab      0x080068a8        0x0
                0x080068a8                        . = ALIGN (0x4)
 *(.ARM.extab* .gnu.linkonce.armextab.*)
                0x080068a8                        . = ALIGN (0x4)

.ARM            0x080068a8        0x8
                0x080068a8                        . = ALIGN (0x4)
                0x080068a8                        __exidx_start = .
 *(.ARM.exidx*)
 .ARM.exidx     0x080068a8        0x8 /opt/st/stm32cubeide_1.19.0/plugins/com.st.stm32cube.ide.mcu.externaltools.gnu-tools-for-stm32.13.3.rel1.linux64_1.0.0.202410170706/tools/bin/../lib/gcc/arm-none-eabi/13.3.1/../../../../arm-none-eabi/lib/thumb/v7-m/nofp/libc_nano.a(libc_a-strcmp.o)
 .ARM.exidx     0x080068b0        0x0 /opt/st/stm32cubeide_1.19.0/plugins/com.st.stm32cube.ide.mcu.externaltools.gnu-tools-for-stm32.13.3.rel1.linux64_1.0.0.202410170706/tools/bin/../lib/gcc/arm-none-eabi/13.3.1/../../../../arm-none-eabi/lib/thumb/v7-m/nofp/libc_nano.a(libc_a-strlen.o)
                                  0x8 (size before relaxing)
                0x080068b0                        __exidx_end = .
                0x080068b0                        . = ALIGN (0x4)

.preinit_array  0x080068b0        0x0
                0x080068b0                        . = ALIGN (0x4)
                0x080068b0                        PROVIDE (__preinit_array_start = .)
 *(.preinit_array*)
                0x080068b0                        PROVIDE (__preinit_array_end = .)
                0x080068b0                        . = ALIGN (0x4)

.init_array     0x080068b0        0x4
                0x080068b0                        . = ALIGN (0x4)
                0x080068b0                        PROVIDE (__init_array_start = .)
 *(SORT_BY_NAME(.init_array.*))
 *(.init_array*)
 .init_array    0x080068b0        0x4 /opt/st/stm32cubeide_1.19.0/plugins/com.st.stm32cube.ide.mcu.externaltools.gnu-tools-for-stm32.13.3.rel1.linux64_1.0.0.202410170706/tools/bin/../lib/gcc/arm-none-eabi/13.3.1/thumb/v7-m/nofp/crtbegin.o
                0x080068b4                        PROVIDE (__init_array_end = .)
                0x080068b4                        . = ALIGN (0x4)

.fini_array     0x080068b4        0x4
                0x080068b4                        . = ALIGN (0x4)
                [!provide]                        PROVIDE (__fini_array_start = .)
 *(SORT_BY_NAME(.fini_array.*))
 *(.fini_array*)
 .fini_array    0x080068b4        0x4 /opt/st/stm32cubeide_1.19.0/plugins/com.st.stm32cube.ide.mcu.externaltools.gnu-tools-for-stm32.13.3.rel1.linux64_1.0.0.202410170706/tools/bin/../lib/gcc/arm-none-eabi/13.3.1/thumb/v7-m/nofp/crtbegin.o
                [!provide]                        PROVIDE (__fini_array_end = .)
                0x080068b8                        . = ALIGN (0x4)
                0x080068b8                        _sidata = LOADADDR (.data)

.rel.dyn        0x080068b8        0x0
 .rel.iplt      0x080068b8        0x0 /opt/st/stm32cubeide_1.19.0/plugins/com.st.stm32cube.ide.mcu.externaltools.gnu-tools-for-stm32.13.3.rel1.linux64_1.0.0.202410170706/tools/bin/../lib/gcc/arm-none-eabi/13.3.1/thumb/v7-m/nofp/crtbegin.o

.data           0x20000000       0x6c load address 0x080068b8
                0x20000000                        . = ALIGN (0x4)
                0x20000000                        _sdata = .
 *(.data)
 *(.data*)
 .data.SystemCoreClock
                0x20000000        0x4 ./Core/Src/system_stm32f1xx.o
                0x20000000                SystemCoreClock
 .data.hrun_base_speed
                0x20000004        0x2 ./Core/app/hrun/hrun.o
                0x20000004                hrun_base_speed
 *fill*         0x20000006        0x2 
 .data.hrun_kp  0x20000008        0x4 ./Core/app/hrun/hrun.o
                0x20000008                hrun_kp
 .data.hrun_kg  0x2000000c        0x4 ./Core/app/hrun/hrun.o
                0x2000000c                hrun_kg
 .data.hrun_weight_multiplier
                0x20000010        0x2 ./Core/app/hrun/hrun.o
                0x20000010                hrun_weight_multiplier
 *fill*         0x20000012        0x2 
 .data.uwTickPrio
                0x20000014        0x4 ./Drivers/STM32F1xx_HAL_Driver/Src/stm32f1xx_hal.o
                0x20000014                uwTickPrio
 .data.uwTickFreq
                0x20000018        0x1 ./Drivers/STM32F1xx_HAL_Driver/Src/stm32f1xx_hal.o
                0x20000018                uwTickFreq
 *fill*         0x20000019        0x3 
 .data._impure_ptr
                0x2000001c        0x4 /opt/st/stm32cubeide_1.19.0/plugins/com.st.stm32cube.ide.mcu.externaltools.gnu-tools-for-stm32.13.3.rel1.linux64_1.0.0.202410170706/tools/bin/../lib/gcc/arm-none-eabi/13.3.1/../../../../arm-none-eabi/lib/thumb/v7-m/nofp/libc_nano.a(libc_a-impure.o)
                0x2000001c                _impure_ptr
 .data._impure_data
                0x20000020       0x4c /opt/st/stm32cubeide_1.19.0/plugins/com.st.stm32cube.ide.mcu.externaltools.gnu-tools-for-stm32.13.3.rel1.linux64_1.0.0.202410170706/tools/bin/../lib/gcc/arm-none-eabi/13.3.1/../../../../arm-none-eabi/lib/thumb/v7-m/nofp/libc_nano.a(libc_a-impure.o)
                0x20000020                _impure_data
 *(.RamFunc)
 *(.RamFunc*)
                0x2000006c                        . = ALIGN (0x4)
                0x2000006c                        _edata = .

.igot.plt       0x2000006c        0x0 load address 0x08006924
 .igot.plt      0x2000006c        0x0 /opt/st/stm32cubeide_1.19.0/plugins/com.st.stm32cube.ide.mcu.externaltools.gnu-tools-for-stm32.13.3.rel1.linux64_1.0.0.202410170706/tools/bin/../lib/gcc/arm-none-eabi/13.3.1/thumb/v7-m/nofp/crtbegin.o
                0x2000006c                        . = ALIGN (0x4)

.bss            0x2000006c      0x2e4 load address 0x08006924
                0x2000006c                        _sbss = .
                0x2000006c                        __bss_start__ = _sbss
 *(.bss)
 .bss           0x2000006c       0x1c /opt/st/stm32cubeide_1.19.0/plugins/com.st.stm32cube.ide.mcu.externaltools.gnu-tools-for-stm32.13.3.rel1.linux64_1.0.0.202410170706/tools/bin/../lib/gcc/arm-none-eabi/13.3.1/thumb/v7-m/nofp/crtbegin.o
 *(.bss*)
 .bss.USART_RX_BUF
                0x20000088       0xc8 ./Core/BSP/UART/usart.o
                0x20000088                USART_RX_BUF
 .bss.USART_RX_STA
                0x20000150        0x2 ./Core/BSP/UART/usart.o
                0x20000150                USART_RX_STA
 .bss.usart_rx_count
                0x20000152        0x2 ./Core/BSP/UART/usart.o
                0x20000152                usart_rx_count
 .bss.rx_byte   0x20000154        0x1 ./Core/BSP/UART/usart.o
 *fill*         0x20000155        0x3 
 .bss.g_huart   0x20000158        0x4 ./Core/BSP/UART/usart.o
 .bss.htim3     0x2000015c       0x48 ./Core/Src/main.o
                0x2000015c                htim3
 .bss.huart1    0x200001a4       0x48 ./Core/Src/main.o
                0x200001a4                huart1
 .bss.__sbrk_heap_end
                0x200001ec        0x4 ./Core/Src/sysmem.o
 .bss.hrun_kd   0x200001f0        0x4 ./Core/app/hrun/hrun.o
                0x200001f0                hrun_kd
 .bss.hrun_line_mode
                0x200001f4        0x1 ./Core/app/hrun/hrun.o
                0x200001f4                hrun_line_mode
 *fill*         0x200001f5        0x3 
 .bss.hrun_last_error
                0x200001f8        0x4 ./Core/app/hrun/hrun.o
 .bss.hrun_integral
                0x200001fc        0x4 ./Core/app/hrun/hrun.o
 .bss.hrun_lost_line_count
                0x20000200        0x1 ./Core/app/hrun/hrun.o
 *fill*         0x20000201        0x3 
 .bss.uwTick    0x20000204        0x4 ./Drivers/STM32F1xx_HAL_Driver/Src/stm32f1xx_hal.o
                0x20000204                uwTick
 .bss.__sf      0x20000208      0x138 /opt/st/stm32cubeide_1.19.0/plugins/com.st.stm32cube.ide.mcu.externaltools.gnu-tools-for-stm32.13.3.rel1.linux64_1.0.0.202410170706/tools/bin/../lib/gcc/arm-none-eabi/13.3.1/../../../../arm-none-eabi/lib/thumb/v7-m/nofp/libc_nano.a(libc_a-findfp.o)
                0x20000208                __sf
 .bss.errno     0x20000340        0x4 /opt/st/stm32cubeide_1.19.0/plugins/com.st.stm32cube.ide.mcu.externaltools.gnu-tools-for-stm32.13.3.rel1.linux64_1.0.0.202410170706/tools/bin/../lib/gcc/arm-none-eabi/13.3.1/../../../../arm-none-eabi/lib/thumb/v7-m/nofp/libc_nano.a(libc_a-reent.o)
                0x20000340                errno
 .bss.__lock___malloc_recursive_mutex
                0x20000344        0x1 /opt/st/stm32cubeide_1.19.0/plugins/com.st.stm32cube.ide.mcu.externaltools.gnu-tools-for-stm32.13.3.rel1.linux64_1.0.0.202410170706/tools/bin/../lib/gcc/arm-none-eabi/13.3.1/../../../../arm-none-eabi/lib/thumb/v7-m/nofp/libc_nano.a(libc_a-lock.o)
                0x20000344                __lock___malloc_recursive_mutex
 *fill*         0x20000345        0x3 
 .bss.__malloc_sbrk_start
                0x20000348        0x4 /opt/st/stm32cubeide_1.19.0/plugins/com.st.stm32cube.ide.mcu.externaltools.gnu-tools-for-stm32.13.3.rel1.linux64_1.0.0.202410170706/tools/bin/../lib/gcc/arm-none-eabi/13.3.1/../../../../arm-none-eabi/lib/thumb/v7-m/nofp/libc_nano.a(libc_a-mallocr.o)
                0x20000348                __malloc_sbrk_start
 .bss.__malloc_free_list
                0x2000034c        0x4 /opt/st/stm32cubeide_1.19.0/plugins/com.st.stm32cube.ide.mcu.externaltools.gnu-tools-for-stm32.13.3.rel1.linux64_1.0.0.202410170706/tools/bin/../lib/gcc/arm-none-eabi/13.3.1/../../../../arm-none-eabi/lib/thumb/v7-m/nofp/libc_nano.a(libc_a-mallocr.o)
                0x2000034c                __malloc_free_list
 *(COMMON)
                0x20000350                        . = ALIGN (0x4)
                0x20000350                        _ebss = .
                0x20000350                        __bss_end__ = _ebss

._user_heap_stack
                0x20000350      0x600 load address 0x08006924
                0x20000350                        . = ALIGN (0x8)
                [!provide]                        PROVIDE (end = .)
                0x20000350                        PROVIDE (_end = .)
                0x20000550                        . = (. + _Min_Heap_Size)
 *fill*         0x20000350      0x200 
                0x20000950                        . = (. + _Min_Stack_Size)
 *fill*         0x20000550      0x400 
                0x20000950                        . = ALIGN (0x8)

/DISCARD/
 libc.a(*)
 libm.a(*)
 libgcc.a(*)

.ARM.attributes
                0x00000000       0x29
 *(.ARM.attributes)
 .ARM.attributes
                0x00000000       0x1d /opt/st/stm32cubeide_1.19.0/plugins/com.st.stm32cube.ide.mcu.externaltools.gnu-tools-for-stm32.13.3.rel1.linux64_1.0.0.202410170706/tools/bin/../lib/gcc/arm-none-eabi/13.3.1/thumb/v7-m/nofp/crti.o
 .ARM.attributes
                0x0000001d       0x2d /opt/st/stm32cubeide_1.19.0/plugins/com.st.stm32cube.ide.mcu.externaltools.gnu-tools-for-stm32.13.3.rel1.linux64_1.0.0.202410170706/tools/bin/../lib/gcc/arm-none-eabi/13.3.1/thumb/v7-m/nofp/crtbegin.o
 .ARM.attributes
                0x0000004a       0x2d ./Core/BSP/GRAY/gray.o
 .ARM.attributes
                0x00000077       0x2d ./Core/BSP/KEY/key.o
 .ARM.attributes
                0x000000a4       0x2d ./Core/BSP/M/motor.o
 .ARM.attributes
                0x000000d1       0x2d ./Core/BSP/MPU6050/MPU6050.o
 .ARM.attributes
                0x000000fe       0x2d ./Core/BSP/MPU6050/SoftIIC.o
 .ARM.attributes
                0x0000012b       0x2d ./Core/BSP/OLED/OLED.o
 .ARM.attributes
                0x00000158       0x2d ./Core/BSP/UART/usart.o
 .ARM.attributes
                0x00000185       0x2d ./Core/Src/main.o
 .ARM.attributes
                0x000001b2       0x2d ./Core/Src/stm32f1xx_hal_msp.o
 .ARM.attributes
                0x000001df       0x2d ./Core/Src/stm32f1xx_it.o
 .ARM.attributes
                0x0000020c       0x2d ./Core/Src/sysmem.o
 .ARM.attributes
                0x00000239       0x2d ./Core/Src/system_stm32f1xx.o
 .ARM.attributes
                0x00000266       0x21 ./Core/Startup/startup_stm32f103c8tx.o
 .ARM.attributes
                0x00000287       0x2d ./Core/app/hrun/hrun.o
 .ARM.attributes
                0x000002b4       0x2d ./Core/app/set_parameter/set.o
 .ARM.attributes
                0x000002e1       0x2d ./Drivers/STM32F1xx_HAL_Driver/Src/stm32f1xx_hal.o
 .ARM.attributes
                0x0000030e       0x2d ./Drivers/STM32F1xx_HAL_Driver/Src/stm32f1xx_hal_cortex.o
 .ARM.attributes
                0x0000033b       0x2d ./Drivers/STM32F1xx_HAL_Driver/Src/stm32f1xx_hal_dma.o
 .ARM.attributes
                0x00000368       0x2d ./Drivers/STM32F1xx_HAL_Driver/Src/stm32f1xx_hal_gpio.o
 .ARM.attributes
                0x00000395       0x2d ./Drivers/STM32F1xx_HAL_Driver/Src/stm32f1xx_hal_rcc.o
 .ARM.attributes
                0x000003c2       0x2d ./Drivers/STM32F1xx_HAL_Driver/Src/stm32f1xx_hal_tim.o
 .ARM.attributes
                0x000003ef       0x2d ./Drivers/STM32F1xx_HAL_Driver/Src/stm32f1xx_hal_tim_ex.o
 .ARM.attributes
                0x0000041c       0x2d ./Drivers/STM32F1xx_HAL_Driver/Src/stm32f1xx_hal_uart.o
 .ARM.attributes
                0x00000449       0x2d /opt/st/stm32cubeide_1.19.0/plugins/com.st.stm32cube.ide.mcu.externaltools.gnu-tools-for-stm32.13.3.rel1.linux64_1.0.0.202410170706/tools/bin/../lib/gcc/arm-none-eabi/13.3.1/../../../../arm-none-eabi/lib/thumb/v7-m/nofp/libc_nano.a(libc_a-findfp.o)
 .ARM.attributes
                0x00000476       0x2d /opt/st/stm32cubeide_1.19.0/plugins/com.st.stm32cube.ide.mcu.externaltools.gnu-tools-for-stm32.13.3.rel1.linux64_1.0.0.202410170706/tools/bin/../lib/gcc/arm-none-eabi/13.3.1/../../../../arm-none-eabi/lib/thumb/v7-m/nofp/libc_nano.a(libc_a-sprintf.o)
 .ARM.attributes
                0x000004a3       0x2d /opt/st/stm32cubeide_1.19.0/plugins/com.st.stm32cube.ide.mcu.externaltools.gnu-tools-for-stm32.13.3.rel1.linux64_1.0.0.202410170706/tools/bin/../lib/gcc/arm-none-eabi/13.3.1/../../../../arm-none-eabi/lib/thumb/v7-m/nofp/libc_nano.a(libc_a-memset.o)
 .ARM.attributes
                0x000004d0       0x2d /opt/st/stm32cubeide_1.19.0/plugins/com.st.stm32cube.ide.mcu.externaltools.gnu-tools-for-stm32.13.3.rel1.linux64_1.0.0.202410170706/tools/bin/../lib/gcc/arm-none-eabi/13.3.1/../../../../arm-none-eabi/lib/thumb/v7-m/nofp/libc_nano.a(libc_a-strchr.o)
 .ARM.attributes
                0x000004fd       0x2d /opt/st/stm32cubeide_1.19.0/plugins/com.st.stm32cube.ide.mcu.externaltools.gnu-tools-for-stm32.13.3.rel1.linux64_1.0.0.202410170706/tools/bin/../lib/gcc/arm-none-eabi/13.3.1/../../../../arm-none-eabi/lib/thumb/v7-m/nofp/libc_nano.a(libc_a-strncmp.o)
 .ARM.attributes
                0x0000052a       0x2d /opt/st/stm32cubeide_1.19.0/plugins/com.st.stm32cube.ide.mcu.externaltools.gnu-tools-for-stm32.13.3.rel1.linux64_1.0.0.202410170706/tools/bin/../lib/gcc/arm-none-eabi/13.3.1/../../../../arm-none-eabi/lib/thumb/v7-m/nofp/libc_nano.a(libc_a-strncpy.o)
 .ARM.attributes
                0x00000557       0x2d /opt/st/stm32cubeide_1.19.0/plugins/com.st.stm32cube.ide.mcu.externaltools.gnu-tools-for-stm32.13.3.rel1.linux64_1.0.0.202410170706/tools/bin/../lib/gcc/arm-none-eabi/13.3.1/../../../../arm-none-eabi/lib/thumb/v7-m/nofp/libc_nano.a(libc_a-reent.o)
 .ARM.attributes
                0x00000584       0x2d /opt/st/stm32cubeide_1.19.0/plugins/com.st.stm32cube.ide.mcu.externaltools.gnu-tools-for-stm32.13.3.rel1.linux64_1.0.0.202410170706/tools/bin/../lib/gcc/arm-none-eabi/13.3.1/../../../../arm-none-eabi/lib/thumb/v7-m/nofp/libc_nano.a(libc_a-impure.o)
 .ARM.attributes
                0x000005b1       0x2d /opt/st/stm32cubeide_1.19.0/plugins/com.st.stm32cube.ide.mcu.externaltools.gnu-tools-for-stm32.13.3.rel1.linux64_1.0.0.202410170706/tools/bin/../lib/gcc/arm-none-eabi/13.3.1/../../../../arm-none-eabi/lib/thumb/v7-m/nofp/libc_nano.a(libc_a-errno.o)
 .ARM.attributes
                0x000005de       0x2d /opt/st/stm32cubeide_1.19.0/plugins/com.st.stm32cube.ide.mcu.externaltools.gnu-tools-for-stm32.13.3.rel1.linux64_1.0.0.202410170706/tools/bin/../lib/gcc/arm-none-eabi/13.3.1/../../../../arm-none-eabi/lib/thumb/v7-m/nofp/libc_nano.a(libc_a-init.o)
 .ARM.attributes
                0x0000060b       0x2d /opt/st/stm32cubeide_1.19.0/plugins/com.st.stm32cube.ide.mcu.externaltools.gnu-tools-for-stm32.13.3.rel1.linux64_1.0.0.202410170706/tools/bin/../lib/gcc/arm-none-eabi/13.3.1/../../../../arm-none-eabi/lib/thumb/v7-m/nofp/libc_nano.a(libc_a-lock.o)
 .ARM.attributes
                0x00000638       0x1b /opt/st/stm32cubeide_1.19.0/plugins/com.st.stm32cube.ide.mcu.externaltools.gnu-tools-for-stm32.13.3.rel1.linux64_1.0.0.202410170706/tools/bin/../lib/gcc/arm-none-eabi/13.3.1/../../../../arm-none-eabi/lib/thumb/v7-m/nofp/libc_nano.a(libc_a-strcmp.o)
 .ARM.attributes
                0x00000653       0x2d /opt/st/stm32cubeide_1.19.0/plugins/com.st.stm32cube.ide.mcu.externaltools.gnu-tools-for-stm32.13.3.rel1.linux64_1.0.0.202410170706/tools/bin/../lib/gcc/arm-none-eabi/13.3.1/../../../../arm-none-eabi/lib/thumb/v7-m/nofp/libc_nano.a(libc_a-memcpy-stub.o)
 .ARM.attributes
                0x00000680       0x17 /opt/st/stm32cubeide_1.19.0/plugins/com.st.stm32cube.ide.mcu.externaltools.gnu-tools-for-stm32.13.3.rel1.linux64_1.0.0.202410170706/tools/bin/../lib/gcc/arm-none-eabi/13.3.1/../../../../arm-none-eabi/lib/thumb/v7-m/nofp/libc_nano.a(libc_a-strlen.o)
 .ARM.attributes
                0x00000697       0x2d /opt/st/stm32cubeide_1.19.0/plugins/com.st.stm32cube.ide.mcu.externaltools.gnu-tools-for-stm32.13.3.rel1.linux64_1.0.0.202410170706/tools/bin/../lib/gcc/arm-none-eabi/13.3.1/../../../../arm-none-eabi/lib/thumb/v7-m/nofp/libc_nano.a(libc_a-freer.o)
 .ARM.attributes
                0x000006c4       0x2d /opt/st/stm32cubeide_1.19.0/plugins/com.st.stm32cube.ide.mcu.externaltools.gnu-tools-for-stm32.13.3.rel1.linux64_1.0.0.202410170706/tools/bin/../lib/gcc/arm-none-eabi/13.3.1/../../../../arm-none-eabi/lib/thumb/v7-m/nofp/libc_nano.a(libc_a-mallocr.o)
 .ARM.attributes
                0x000006f1       0x2d /opt/st/stm32cubeide_1.19.0/plugins/com.st.stm32cube.ide.mcu.externaltools.gnu-tools-for-stm32.13.3.rel1.linux64_1.0.0.202410170706/tools/bin/../lib/gcc/arm-none-eabi/13.3.1/../../../../arm-none-eabi/lib/thumb/v7-m/nofp/libc_nano.a(libc_a-mlock.o)
 .ARM.attributes
                0x0000071e       0x2d /opt/st/stm32cubeide_1.19.0/plugins/com.st.stm32cube.ide.mcu.externaltools.gnu-tools-for-stm32.13.3.rel1.linux64_1.0.0.202410170706/tools/bin/../lib/gcc/arm-none-eabi/13.3.1/../../../../arm-none-eabi/lib/thumb/v7-m/nofp/libc_nano.a(libc_a-nano-svfprintf.o)
 .ARM.attributes
                0x0000074b       0x2d /opt/st/stm32cubeide_1.19.0/plugins/com.st.stm32cube.ide.mcu.externaltools.gnu-tools-for-stm32.13.3.rel1.linux64_1.0.0.202410170706/tools/bin/../lib/gcc/arm-none-eabi/13.3.1/../../../../arm-none-eabi/lib/thumb/v7-m/nofp/libc_nano.a(libc_a-nano-vfprintf_i.o)
 .ARM.attributes
                0x00000778       0x2d /opt/st/stm32cubeide_1.19.0/plugins/com.st.stm32cube.ide.mcu.externaltools.gnu-tools-for-stm32.13.3.rel1.linux64_1.0.0.202410170706/tools/bin/../lib/gcc/arm-none-eabi/13.3.1/../../../../arm-none-eabi/lib/thumb/v7-m/nofp/libc_nano.a(libc_a-memmove.o)
 .ARM.attributes
                0x000007a5       0x2d /opt/st/stm32cubeide_1.19.0/plugins/com.st.stm32cube.ide.mcu.externaltools.gnu-tools-for-stm32.13.3.rel1.linux64_1.0.0.202410170706/tools/bin/../lib/gcc/arm-none-eabi/13.3.1/../../../../arm-none-eabi/lib/thumb/v7-m/nofp/libc_nano.a(libc_a-sbrkr.o)
 .ARM.attributes
                0x000007d2       0x2d /opt/st/stm32cubeide_1.19.0/plugins/com.st.stm32cube.ide.mcu.externaltools.gnu-tools-for-stm32.13.3.rel1.linux64_1.0.0.202410170706/tools/bin/../lib/gcc/arm-none-eabi/13.3.1/../../../../arm-none-eabi/lib/thumb/v7-m/nofp/libc_nano.a(libc_a-memchr-stub.o)
 .ARM.attributes
                0x000007ff       0x2d /opt/st/stm32cubeide_1.19.0/plugins/com.st.stm32cube.ide.mcu.externaltools.gnu-tools-for-stm32.13.3.rel1.linux64_1.0.0.202410170706/tools/bin/../lib/gcc/arm-none-eabi/13.3.1/../../../../arm-none-eabi/lib/thumb/v7-m/nofp/libc_nano.a(libc_a-reallocr.o)
 .ARM.attributes
                0x0000082c       0x2d /opt/st/stm32cubeide_1.19.0/plugins/com.st.stm32cube.ide.mcu.externaltools.gnu-tools-for-stm32.13.3.rel1.linux64_1.0.0.202410170706/tools/bin/../lib/gcc/arm-none-eabi/13.3.1/../../../../arm-none-eabi/lib/thumb/v7-m/nofp/libc_nano.a(libc_a-msizer.o)
 .ARM.attributes
                0x00000859       0x1d /opt/st/stm32cubeide_1.19.0/plugins/com.st.stm32cube.ide.mcu.externaltools.gnu-tools-for-stm32.13.3.rel1.linux64_1.0.0.202410170706/tools/bin/../lib/gcc/arm-none-eabi/13.3.1/thumb/v7-m/nofp/libgcc.a(_arm_addsubdf3.o)
 .ARM.attributes
                0x00000876       0x1d /opt/st/stm32cubeide_1.19.0/plugins/com.st.stm32cube.ide.mcu.externaltools.gnu-tools-for-stm32.13.3.rel1.linux64_1.0.0.202410170706/tools/bin/../lib/gcc/arm-none-eabi/13.3.1/thumb/v7-m/nofp/libgcc.a(_arm_muldivdf3.o)
 .ARM.attributes
                0x00000893       0x1d /opt/st/stm32cubeide_1.19.0/plugins/com.st.stm32cube.ide.mcu.externaltools.gnu-tools-for-stm32.13.3.rel1.linux64_1.0.0.202410170706/tools/bin/../lib/gcc/arm-none-eabi/13.3.1/thumb/v7-m/nofp/libgcc.a(_arm_truncdfsf2.o)
 .ARM.attributes
                0x000008b0       0x1d /opt/st/stm32cubeide_1.19.0/plugins/com.st.stm32cube.ide.mcu.externaltools.gnu-tools-for-stm32.13.3.rel1.linux64_1.0.0.202410170706/tools/bin/../lib/gcc/arm-none-eabi/13.3.1/thumb/v7-m/nofp/libgcc.a(_arm_addsubsf3.o)
 .ARM.attributes
                0x000008cd       0x1d /opt/st/stm32cubeide_1.19.0/plugins/com.st.stm32cube.ide.mcu.externaltools.gnu-tools-for-stm32.13.3.rel1.linux64_1.0.0.202410170706/tools/bin/../lib/gcc/arm-none-eabi/13.3.1/thumb/v7-m/nofp/libgcc.a(_arm_muldivsf3.o)
 .ARM.attributes
                0x000008ea       0x1d /opt/st/stm32cubeide_1.19.0/plugins/com.st.stm32cube.ide.mcu.externaltools.gnu-tools-for-stm32.13.3.rel1.linux64_1.0.0.202410170706/tools/bin/../lib/gcc/arm-none-eabi/13.3.1/thumb/v7-m/nofp/libgcc.a(_arm_cmpsf2.o)
 .ARM.attributes
                0x00000907       0x1d /opt/st/stm32cubeide_1.19.0/plugins/com.st.stm32cube.ide.mcu.externaltools.gnu-tools-for-stm32.13.3.rel1.linux64_1.0.0.202410170706/tools/bin/../lib/gcc/arm-none-eabi/13.3.1/thumb/v7-m/nofp/libgcc.a(_arm_fixsfsi.o)
 .ARM.attributes
                0x00000924       0x1d /opt/st/stm32cubeide_1.19.0/plugins/com.st.stm32cube.ide.mcu.externaltools.gnu-tools-for-stm32.13.3.rel1.linux64_1.0.0.202410170706/tools/bin/../lib/gcc/arm-none-eabi/13.3.1/thumb/v7-m/nofp/crtn.o
OUTPUT(smart_car_training.elf elf32-littlearm)
LOAD linker stubs
LOAD /opt/st/stm32cubeide_1.19.0/plugins/com.st.stm32cube.ide.mcu.externaltools.gnu-tools-for-stm32.13.3.rel1.linux64_1.0.0.202410170706/tools/bin/../lib/gcc/arm-none-eabi/13.3.1/../../../../arm-none-eabi/lib/thumb/v7-m/nofp/libc.a
LOAD /opt/st/stm32cubeide_1.19.0/plugins/com.st.stm32cube.ide.mcu.externaltools.gnu-tools-for-stm32.13.3.rel1.linux64_1.0.0.202410170706/tools/bin/../lib/gcc/arm-none-eabi/13.3.1/../../../../arm-none-eabi/lib/thumb/v7-m/nofp/libm.a
LOAD /opt/st/stm32cubeide_1.19.0/plugins/com.st.stm32cube.ide.mcu.externaltools.gnu-tools-for-stm32.13.3.rel1.linux64_1.0.0.202410170706/tools/bin/../lib/gcc/arm-none-eabi/13.3.1/thumb/v7-m/nofp/libgcc.a

.debug_info     0x00000000     0xe2b5
 .debug_info    0x00000000      0x37f ./Core/BSP/GRAY/gray.o
 .debug_info    0x0000037f      0x3e2 ./Core/BSP/KEY/key.o
 .debug_info    0x00000761      0x70d ./Core/BSP/M/motor.o
 .debug_info    0x00000e6e      0x322 ./Core/BSP/MPU6050/MPU6050.o
 .debug_info    0x00001190      0x38e ./Core/BSP/MPU6050/SoftIIC.o
 .debug_info    0x0000151e      0x67b ./Core/BSP/OLED/OLED.o
 .debug_info    0x00001b99      0x7af ./Core/BSP/UART/usart.o
 .debug_info    0x00002348      0xf2a ./Core/Src/main.o
 .debug_info    0x00003272      0xd92 ./Core/Src/stm32f1xx_hal_msp.o
 .debug_info    0x00004004      0x5eb ./Core/Src/stm32f1xx_it.o
 .debug_info    0x000045ef      0x168 ./Core/Src/sysmem.o
 .debug_info    0x00004757      0x222 ./Core/Src/system_stm32f1xx.o
 .debug_info    0x00004979       0x30 ./Core/Startup/startup_stm32f103c8tx.o
 .debug_info    0x000049a9      0x388 ./Core/app/hrun/hrun.o
 .debug_info    0x00004d31      0x2c6 ./Core/app/set_parameter/set.o
 .debug_info    0x00004ff7      0x704 ./Drivers/STM32F1xx_HAL_Driver/Src/stm32f1xx_hal.o
 .debug_info    0x000056fb      0xa87 ./Drivers/STM32F1xx_HAL_Driver/Src/stm32f1xx_hal_cortex.o
 .debug_info    0x00006182      0x6d2 ./Drivers/STM32F1xx_HAL_Driver/Src/stm32f1xx_hal_dma.o
 .debug_info    0x00006854      0x5ab ./Drivers/STM32F1xx_HAL_Driver/Src/stm32f1xx_hal_gpio.o
 .debug_info    0x00006dff      0x7d5 ./Drivers/STM32F1xx_HAL_Driver/Src/stm32f1xx_hal_rcc.o
 .debug_info    0x000075d4     0x2959 ./Drivers/STM32F1xx_HAL_Driver/Src/stm32f1xx_hal_tim.o
 .debug_info    0x00009f2d     0x149b ./Drivers/STM32F1xx_HAL_Driver/Src/stm32f1xx_hal_tim_ex.o
 .debug_info    0x0000b3c8     0x2eed ./Drivers/STM32F1xx_HAL_Driver/Src/stm32f1xx_hal_uart.o

.debug_abbrev   0x00000000     0x2bd4
 .debug_abbrev  0x00000000      0x1a4 ./Core/BSP/GRAY/gray.o
 .debug_abbrev  0x000001a4      0x1c8 ./Core/BSP/KEY/key.o
 .debug_abbrev  0x0000036c      0x1c0 ./Core/BSP/M/motor.o
 .debug_abbrev  0x0000052c      0x14d ./Core/BSP/MPU6050/MPU6050.o
 .debug_abbrev  0x00000679      0x1c2 ./Core/BSP/MPU6050/SoftIIC.o
 .debug_abbrev  0x0000083b      0x257 ./Core/BSP/OLED/OLED.o
 .debug_abbrev  0x00000a92      0x252 ./Core/BSP/UART/usart.o
 .debug_abbrev  0x00000ce4      0x318 ./Core/Src/main.o
 .debug_abbrev  0x00000ffc      0x1fa ./Core/Src/stm32f1xx_hal_msp.o
 .debug_abbrev  0x000011f6      0x176 ./Core/Src/stm32f1xx_it.o
 .debug_abbrev  0x0000136c       0xbc ./Core/Src/sysmem.o
 .debug_abbrev  0x00001428      0x13f ./Core/Src/system_stm32f1xx.o
 .debug_abbrev  0x00001567       0x24 ./Core/Startup/startup_stm32f103c8tx.o
 .debug_abbrev  0x0000158b      0x1bd ./Core/app/hrun/hrun.o
 .debug_abbrev  0x00001748      0x11a ./Core/app/set_parameter/set.o
 .debug_abbrev  0x00001862      0x201 ./Drivers/STM32F1xx_HAL_Driver/Src/stm32f1xx_hal.o
 .debug_abbrev  0x00001a63      0x2f8 ./Drivers/STM32F1xx_HAL_Driver/Src/stm32f1xx_hal_cortex.o
 .debug_abbrev  0x00001d5b      0x20b ./Drivers/STM32F1xx_HAL_Driver/Src/stm32f1xx_hal_dma.o
 .debug_abbrev  0x00001f66      0x1ca ./Drivers/STM32F1xx_HAL_Driver/Src/stm32f1xx_hal_gpio.o
 .debug_abbrev  0x00002130      0x2b3 ./Drivers/STM32F1xx_HAL_Driver/Src/stm32f1xx_hal_rcc.o
 .debug_abbrev  0x000023e3      0x277 ./Drivers/STM32F1xx_HAL_Driver/Src/stm32f1xx_hal_tim.o
 .debug_abbrev  0x0000265a      0x282 ./Drivers/STM32F1xx_HAL_Driver/Src/stm32f1xx_hal_tim_ex.o
 .debug_abbrev  0x000028dc      0x2f8 ./Drivers/STM32F1xx_HAL_Driver/Src/stm32f1xx_hal_uart.o

.debug_aranges  0x00000000      0xeb8
 .debug_aranges
                0x00000000       0x38 ./Core/BSP/GRAY/gray.o
 .debug_aranges
                0x00000038       0x38 ./Core/BSP/KEY/key.o
 .debug_aranges
                0x00000070       0x38 ./Core/BSP/M/motor.o
 .debug_aranges
                0x000000a8       0x50 ./Core/BSP/MPU6050/MPU6050.o
 .debug_aranges
                0x000000f8       0x68 ./Core/BSP/MPU6050/SoftIIC.o
 .debug_aranges
                0x00000160       0xa0 ./Core/BSP/OLED/OLED.o
 .debug_aranges
                0x00000200       0x58 ./Core/BSP/UART/usart.o
 .debug_aranges
                0x00000258       0x48 ./Core/Src/main.o
 .debug_aranges
                0x000002a0       0x48 ./Core/Src/stm32f1xx_hal_msp.o
 .debug_aranges
                0x000002e8       0x68 ./Core/Src/stm32f1xx_it.o
 .debug_aranges
                0x00000350       0x20 ./Core/Src/sysmem.o
 .debug_aranges
                0x00000370       0x28 ./Core/Src/system_stm32f1xx.o
 .debug_aranges
                0x00000398       0x28 ./Core/Startup/startup_stm32f103c8tx.o
 .debug_aranges
                0x000003c0       0x48 ./Core/app/hrun/hrun.o
 .debug_aranges
                0x00000408       0x28 ./Core/app/set_parameter/set.o
 .debug_aranges
                0x00000430       0xe0 ./Drivers/STM32F1xx_HAL_Driver/Src/stm32f1xx_hal.o
 .debug_aranges
                0x00000510      0x100 ./Drivers/STM32F1xx_HAL_Driver/Src/stm32f1xx_hal_cortex.o
 .debug_aranges
                0x00000610       0x80 ./Drivers/STM32F1xx_HAL_Driver/Src/stm32f1xx_hal_dma.o
 .debug_aranges
                0x00000690       0x58 ./Drivers/STM32F1xx_HAL_Driver/Src/stm32f1xx_hal_gpio.o
 .debug_aranges
                0x000006e8       0x90 ./Drivers/STM32F1xx_HAL_Driver/Src/stm32f1xx_hal_rcc.o
 .debug_aranges
                0x00000778      0x3d0 ./Drivers/STM32F1xx_HAL_Driver/Src/stm32f1xx_hal_tim.o
 .debug_aranges
                0x00000b48      0x168 ./Drivers/STM32F1xx_HAL_Driver/Src/stm32f1xx_hal_tim_ex.o
 .debug_aranges
                0x00000cb0      0x208 ./Drivers/STM32F1xx_HAL_Driver/Src/stm32f1xx_hal_uart.o

.debug_rnglists
                0x00000000      0xb7d
 .debug_rnglists
                0x00000000       0x29 ./Core/BSP/GRAY/gray.o
 .debug_rnglists
                0x00000029       0x27 ./Core/BSP/KEY/key.o
 .debug_rnglists
                0x00000050       0x27 ./Core/BSP/M/motor.o
 .debug_rnglists
                0x00000077       0x39 ./Core/BSP/MPU6050/MPU6050.o
 .debug_rnglists
                0x000000b0       0x49 ./Core/BSP/MPU6050/SoftIIC.o
 .debug_rnglists
                0x000000f9       0x78 ./Core/BSP/OLED/OLED.o
 .debug_rnglists
                0x00000171       0x3e ./Core/BSP/UART/usart.o
 .debug_rnglists
                0x000001af       0x34 ./Core/Src/main.o
 .debug_rnglists
                0x000001e3       0x33 ./Core/Src/stm32f1xx_hal_msp.o
 .debug_rnglists
                0x00000216       0x49 ./Core/Src/stm32f1xx_it.o
 .debug_rnglists
                0x0000025f       0x13 ./Core/Src/sysmem.o
 .debug_rnglists
                0x00000272       0x1a ./Core/Src/system_stm32f1xx.o
 .debug_rnglists
                0x0000028c       0x19 ./Core/Startup/startup_stm32f103c8tx.o
 .debug_rnglists
                0x000002a5       0x32 ./Core/app/hrun/hrun.o
 .debug_rnglists
                0x000002d7       0x3e ./Core/app/set_parameter/set.o
 .debug_rnglists
                0x00000315       0xa3 ./Drivers/STM32F1xx_HAL_Driver/Src/stm32f1xx_hal.o
 .debug_rnglists
                0x000003b8       0xbb ./Drivers/STM32F1xx_HAL_Driver/Src/stm32f1xx_hal_cortex.o
 .debug_rnglists
                0x00000473       0x64 ./Drivers/STM32F1xx_HAL_Driver/Src/stm32f1xx_hal_dma.o
 .debug_rnglists
                0x000004d7       0x3f ./Drivers/STM32F1xx_HAL_Driver/Src/stm32f1xx_hal_gpio.o
 .debug_rnglists
                0x00000516       0x6c ./Drivers/STM32F1xx_HAL_Driver/Src/stm32f1xx_hal_rcc.o
 .debug_rnglists
                0x00000582      0x31a ./Drivers/STM32F1xx_HAL_Driver/Src/stm32f1xx_hal_tim.o
 .debug_rnglists
                0x0000089c      0x125 ./Drivers/STM32F1xx_HAL_Driver/Src/stm32f1xx_hal_tim_ex.o
 .debug_rnglists
                0x000009c1      0x1bc ./Drivers/STM32F1xx_HAL_Driver/Src/stm32f1xx_hal_uart.o

.debug_macro    0x00000000    0x191c8
 .debug_macro   0x00000000      0x1bc ./Core/BSP/GRAY/gray.o
 .debug_macro   0x000001bc      0xacc ./Core/BSP/GRAY/gray.o
 .debug_macro   0x00000c88      0x21b ./Core/BSP/GRAY/gray.o
 .debug_macro   0x00000ea3       0x2e ./Core/BSP/GRAY/gray.o
 .debug_macro   0x00000ed1       0x22 ./Core/BSP/GRAY/gray.o
 .debug_macro   0x00000ef3       0x22 ./Core/BSP/GRAY/gray.o
 .debug_macro   0x00000f15       0x8e ./Core/BSP/GRAY/gray.o
 .debug_macro   0x00000fa3       0x51 ./Core/BSP/GRAY/gray.o
 .debug_macro   0x00000ff4      0x103 ./Core/BSP/GRAY/gray.o
 .debug_macro   0x000010f7       0x6a ./Core/BSP/GRAY/gray.o
 .debug_macro   0x00001161      0x1df ./Core/BSP/GRAY/gray.o
 .debug_macro   0x00001340       0x1c ./Core/BSP/GRAY/gray.o
 .debug_macro   0x0000135c       0x22 ./Core/BSP/GRAY/gray.o
 .debug_macro   0x0000137e       0xbd ./Core/BSP/GRAY/gray.o
 .debug_macro   0x0000143b      0xd23 ./Core/BSP/GRAY/gray.o
 .debug_macro   0x0000215e     0xe09e ./Core/BSP/GRAY/gray.o
 .debug_macro   0x000101fc       0x6d ./Core/BSP/GRAY/gray.o
 .debug_macro   0x00010269     0x34a2 ./Core/BSP/GRAY/gray.o
 .debug_macro   0x0001370b      0x190 ./Core/BSP/GRAY/gray.o
 .debug_macro   0x0001389b       0x5c ./Core/BSP/GRAY/gray.o
 .debug_macro   0x000138f7      0x5bc ./Core/BSP/GRAY/gray.o
 .debug_macro   0x00013eb3      0x289 ./Core/BSP/GRAY/gray.o
 .debug_macro   0x0001413c      0x1cb ./Core/BSP/GRAY/gray.o
 .debug_macro   0x00014307      0x114 ./Core/BSP/GRAY/gray.o
 .debug_macro   0x0001441b      0x1b2 ./Core/BSP/GRAY/gray.o
 .debug_macro   0x000145cd       0x27 ./Core/BSP/GRAY/gray.o
 .debug_macro   0x000145f4      0x136 ./Core/BSP/GRAY/gray.o
 .debug_macro   0x0001472a      0x1bc ./Core/BSP/GRAY/gray.o
 .debug_macro   0x000148e6       0x34 ./Core/BSP/GRAY/gray.o
 .debug_macro   0x0001491a       0x3c ./Core/BSP/GRAY/gray.o
 .debug_macro   0x00014956       0x57 ./Core/BSP/GRAY/gray.o
 .debug_macro   0x000149ad       0x87 ./Core/BSP/GRAY/gray.o
 .debug_macro   0x00014a34      0x240 ./Core/BSP/GRAY/gray.o
 .debug_macro   0x00014c74      0x140 ./Core/BSP/GRAY/gray.o
 .debug_macro   0x00014db4      0x8ed ./Core/BSP/GRAY/gray.o
 .debug_macro   0x000156a1      0x28e ./Core/BSP/GRAY/gray.o
 .debug_macro   0x0001592f       0x83 ./Core/BSP/GRAY/gray.o
 .debug_macro   0x000159b2       0x64 ./Core/BSP/GRAY/gray.o
 .debug_macro   0x00015a16      0x1bc ./Core/BSP/KEY/key.o
 .debug_macro   0x00015bd2       0x28 ./Core/BSP/KEY/key.o
 .debug_macro   0x00015bfa      0x29b ./Core/BSP/M/motor.o
 .debug_macro   0x00015e95       0x24 ./Core/BSP/M/motor.o
 .debug_macro   0x00015eb9       0x61 ./Core/BSP/M/motor.o
 .debug_macro   0x00015f1a       0x43 ./Core/BSP/M/motor.o
 .debug_macro   0x00015f5d       0x34 ./Core/BSP/M/motor.o
 .debug_macro   0x00015f91       0x16 ./Core/BSP/M/motor.o
 .debug_macro   0x00015fa7       0x3c ./Core/BSP/M/motor.o
 .debug_macro   0x00015fe3      0x370 ./Core/BSP/M/motor.o
 .debug_macro   0x00016353       0x16 ./Core/BSP/M/motor.o
 .debug_macro   0x00016369       0x4a ./Core/BSP/M/motor.o
 .debug_macro   0x000163b3       0x34 ./Core/BSP/M/motor.o
 .debug_macro   0x000163e7       0x10 ./Core/BSP/M/motor.o
 .debug_macro   0x000163f7       0x58 ./Core/BSP/M/motor.o
 .debug_macro   0x0001644f       0x8e ./Core/BSP/M/motor.o
 .debug_macro   0x000164dd       0x1c ./Core/BSP/M/motor.o
 .debug_macro   0x000164f9      0x185 ./Core/BSP/M/motor.o
 .debug_macro   0x0001667e       0x16 ./Core/BSP/M/motor.o
 .debug_macro   0x00016694       0x29 ./Core/BSP/M/motor.o
 .debug_macro   0x000166bd      0x27a ./Core/BSP/MPU6050/MPU6050.o
 .debug_macro   0x00016937       0x1c ./Core/BSP/MPU6050/MPU6050.o
 .debug_macro   0x00016953       0x88 ./Core/BSP/MPU6050/MPU6050.o
 .debug_macro   0x000169db      0x19b ./Core/BSP/MPU6050/MPU6050.o
 .debug_macro   0x00016b76      0x1b6 ./Core/BSP/MPU6050/SoftIIC.o
 .debug_macro   0x00016d2c      0x1c3 ./Core/BSP/OLED/OLED.o
 .debug_macro   0x00016eef      0x281 ./Core/BSP/UART/usart.o
 .debug_macro   0x00017170       0x10 ./Core/BSP/UART/usart.o
 .debug_macro   0x00017180       0x20 ./Core/BSP/UART/usart.o
 .debug_macro   0x000171a0      0x301 ./Core/Src/main.o
 .debug_macro   0x000174a1       0x10 ./Core/Src/main.o
 .debug_macro   0x000174b1       0x6a ./Core/Src/main.o
 .debug_macro   0x0001751b       0x2e ./Core/Src/main.o
 .debug_macro   0x00017549       0x16 ./Core/Src/main.o
 .debug_macro   0x0001755f       0x10 ./Core/Src/main.o
 .debug_macro   0x0001756f       0x16 ./Core/Src/main.o
 .debug_macro   0x00017585       0x16 ./Core/Src/main.o
 .debug_macro   0x0001759b      0x146 ./Core/Src/main.o
 .debug_macro   0x000176e1       0x16 ./Core/Src/main.o
 .debug_macro   0x000176f7      0x1ad ./Core/Src/stm32f1xx_hal_msp.o
 .debug_macro   0x000178a4      0x1b7 ./Core/Src/stm32f1xx_it.o
 .debug_macro   0x00017a5b      0x112 ./Core/Src/sysmem.o
 .debug_macro   0x00017b6d      0x23c ./Core/Src/sysmem.o
 .debug_macro   0x00017da9      0x1a3 ./Core/Src/system_stm32f1xx.o
 .debug_macro   0x00017f4c      0x1d3 ./Core/app/hrun/hrun.o
 .debug_macro   0x0001811f      0x2ee ./Core/app/set_parameter/set.o
 .debug_macro   0x0001840d      0x1c7 ./Drivers/STM32F1xx_HAL_Driver/Src/stm32f1xx_hal.o
 .debug_macro   0x000185d4      0x1a3 ./Drivers/STM32F1xx_HAL_Driver/Src/stm32f1xx_hal_cortex.o
 .debug_macro   0x00018777      0x1a3 ./Drivers/STM32F1xx_HAL_Driver/Src/stm32f1xx_hal_dma.o
 .debug_macro   0x0001891a      0x20e ./Drivers/STM32F1xx_HAL_Driver/Src/stm32f1xx_hal_gpio.o
 .debug_macro   0x00018b28      0x1b5 ./Drivers/STM32F1xx_HAL_Driver/Src/stm32f1xx_hal_rcc.o
 .debug_macro   0x00018cdd      0x1a4 ./Drivers/STM32F1xx_HAL_Driver/Src/stm32f1xx_hal_tim.o
 .debug_macro   0x00018e81      0x1a3 ./Drivers/STM32F1xx_HAL_Driver/Src/stm32f1xx_hal_tim_ex.o
 .debug_macro   0x00019024      0x1a4 ./Drivers/STM32F1xx_HAL_Driver/Src/stm32f1xx_hal_uart.o

.debug_line     0x00000000    0x11bbd
 .debug_line    0x00000000      0x7c0 ./Core/BSP/GRAY/gray.o
 .debug_line    0x000007c0      0x702 ./Core/BSP/KEY/key.o
 .debug_line    0x00000ec2      0x845 ./Core/BSP/M/motor.o
 .debug_line    0x00001707      0x8c7 ./Core/BSP/MPU6050/MPU6050.o
 .debug_line    0x00001fce      0x7cd ./Core/BSP/MPU6050/SoftIIC.o
 .debug_line    0x0000279b      0x9c8 ./Core/BSP/OLED/OLED.o
 .debug_line    0x00003163      0x8b9 ./Core/BSP/UART/usart.o
 .debug_line    0x00003a1c      0xc50 ./Core/Src/main.o
 .debug_line    0x0000466c      0x709 ./Core/Src/stm32f1xx_hal_msp.o
 .debug_line    0x00004d75      0x708 ./Core/Src/stm32f1xx_it.o
 .debug_line    0x0000547d      0x4bd ./Core/Src/sysmem.o
 .debug_line    0x0000593a      0x6c0 ./Core/Src/system_stm32f1xx.o
 .debug_line    0x00005ffa       0x78 ./Core/Startup/startup_stm32f103c8tx.o
 .debug_line    0x00006072      0x898 ./Core/app/hrun/hrun.o
 .debug_line    0x0000690a      0xb73 ./Core/app/set_parameter/set.o
 .debug_line    0x0000747d      0x8f1 ./Drivers/STM32F1xx_HAL_Driver/Src/stm32f1xx_hal.o
 .debug_line    0x00007d6e      0xabb ./Drivers/STM32F1xx_HAL_Driver/Src/stm32f1xx_hal_cortex.o
 .debug_line    0x00008829      0xcfb ./Drivers/STM32F1xx_HAL_Driver/Src/stm32f1xx_hal_dma.o
 .debug_line    0x00009524      0x94e ./Drivers/STM32F1xx_HAL_Driver/Src/stm32f1xx_hal_gpio.o
 .debug_line    0x00009e72      0xdaa ./Drivers/STM32F1xx_HAL_Driver/Src/stm32f1xx_hal_rcc.o
 .debug_line    0x0000ac1c     0x33df ./Drivers/STM32F1xx_HAL_Driver/Src/stm32f1xx_hal_tim.o
 .debug_line    0x0000dffb     0x17b5 ./Drivers/STM32F1xx_HAL_Driver/Src/stm32f1xx_hal_tim_ex.o
 .debug_line    0x0000f7b0     0x240d ./Drivers/STM32F1xx_HAL_Driver/Src/stm32f1xx_hal_uart.o

.debug_str      0x00000000    0x8bbf5
 .debug_str     0x00000000    0x8bbf5 ./Core/BSP/GRAY/gray.o
                              0x83a01 (size before relaxing)
 .debug_str     0x0008bbf5    0x83903 ./Core/BSP/KEY/key.o
 .debug_str     0x0008bbf5    0x86f56 ./Core/BSP/M/motor.o
 .debug_str     0x0008bbf5    0x8743c ./Core/BSP/MPU6050/MPU6050.o
 .debug_str     0x0008bbf5    0x838ad ./Core/BSP/MPU6050/SoftIIC.o
 .debug_str     0x0008bbf5    0x839fd ./Core/BSP/OLED/OLED.o
 .debug_str     0x0008bbf5    0x86e25 ./Core/BSP/UART/usart.o
 .debug_str     0x0008bbf5    0x87d1c ./Core/Src/main.o
 .debug_str     0x0008bbf5    0x84240 ./Core/Src/stm32f1xx_hal_msp.o
 .debug_str     0x0008bbf5    0x83bc7 ./Core/Src/stm32f1xx_it.o
 .debug_str     0x0008bbf5     0x7729 ./Core/Src/sysmem.o
 .debug_str     0x0008bbf5    0x837a2 ./Core/Src/system_stm32f1xx.o
 .debug_str     0x0008bbf5       0x83 ./Core/Startup/startup_stm32f103c8tx.o
 .debug_str     0x0008bbf5    0x83ad6 ./Core/app/hrun/hrun.o
 .debug_str     0x0008bbf5    0x8720e ./Core/app/set_parameter/set.o
 .debug_str     0x0008bbf5    0x83ed5 ./Drivers/STM32F1xx_HAL_Driver/Src/stm32f1xx_hal.o
 .debug_str     0x0008bbf5    0x83e21 ./Drivers/STM32F1xx_HAL_Driver/Src/stm32f1xx_hal_cortex.o
 .debug_str     0x0008bbf5    0x83b4b ./Drivers/STM32F1xx_HAL_Driver/Src/stm32f1xx_hal_dma.o
 .debug_str     0x0008bbf5    0x83b28 ./Drivers/STM32F1xx_HAL_Driver/Src/stm32f1xx_hal_gpio.o
 .debug_str     0x0008bbf5    0x83bd1 ./Drivers/STM32F1xx_HAL_Driver/Src/stm32f1xx_hal_rcc.o
 .debug_str     0x0008bbf5    0x84bd3 ./Drivers/STM32F1xx_HAL_Driver/Src/stm32f1xx_hal_tim.o
 .debug_str     0x0008bbf5    0x843df ./Drivers/STM32F1xx_HAL_Driver/Src/stm32f1xx_hal_tim_ex.o
 .debug_str     0x0008bbf5    0x84242 ./Drivers/STM32F1xx_HAL_Driver/Src/stm32f1xx_hal_uart.o

.comment        0x00000000       0x43
 .comment       0x00000000       0x43 ./Core/BSP/GRAY/gray.o
                                 0x44 (size before relaxing)
 .comment       0x00000043       0x44 ./Core/BSP/KEY/key.o
 .comment       0x00000043       0x44 ./Core/BSP/M/motor.o
 .comment       0x00000043       0x44 ./Core/BSP/MPU6050/MPU6050.o
 .comment       0x00000043       0x44 ./Core/BSP/MPU6050/SoftIIC.o
 .comment       0x00000043       0x44 ./Core/BSP/OLED/OLED.o
 .comment       0x00000043       0x44 ./Core/BSP/UART/usart.o
 .comment       0x00000043       0x44 ./Core/Src/main.o
 .comment       0x00000043       0x44 ./Core/Src/stm32f1xx_hal_msp.o
 .comment       0x00000043       0x44 ./Core/Src/stm32f1xx_it.o
 .comment       0x00000043       0x44 ./Core/Src/sysmem.o
 .comment       0x00000043       0x44 ./Core/Src/system_stm32f1xx.o
 .comment       0x00000043       0x44 ./Core/app/hrun/hrun.o
 .comment       0x00000043       0x44 ./Core/app/set_parameter/set.o
 .comment       0x00000043       0x44 ./Drivers/STM32F1xx_HAL_Driver/Src/stm32f1xx_hal.o
 .comment       0x00000043       0x44 ./Drivers/STM32F1xx_HAL_Driver/Src/stm32f1xx_hal_cortex.o
 .comment       0x00000043       0x44 ./Drivers/STM32F1xx_HAL_Driver/Src/stm32f1xx_hal_dma.o
 .comment       0x00000043       0x44 ./Drivers/STM32F1xx_HAL_Driver/Src/stm32f1xx_hal_gpio.o
 .comment       0x00000043       0x44 ./Drivers/STM32F1xx_HAL_Driver/Src/stm32f1xx_hal_rcc.o
 .comment       0x00000043       0x44 ./Drivers/STM32F1xx_HAL_Driver/Src/stm32f1xx_hal_tim.o
 .comment       0x00000043       0x44 ./Drivers/STM32F1xx_HAL_Driver/Src/stm32f1xx_hal_tim_ex.o
 .comment       0x00000043       0x44 ./Drivers/STM32F1xx_HAL_Driver/Src/stm32f1xx_hal_uart.o

.debug_frame    0x00000000     0x4368
 .debug_frame   0x00000000       0xa4 ./Core/BSP/GRAY/gray.o
 .debug_frame   0x000000a4       0x90 ./Core/BSP/KEY/key.o
 .debug_frame   0x00000134       0xa0 ./Core/BSP/M/motor.o
 .debug_frame   0x000001d4      0x108 ./Core/BSP/MPU6050/MPU6050.o
 .debug_frame   0x000002dc      0x168 ./Core/BSP/MPU6050/SoftIIC.o
 .debug_frame   0x00000444      0x270 ./Core/BSP/OLED/OLED.o
 .debug_frame   0x000006b4      0x124 ./Core/BSP/UART/usart.o
 .debug_frame   0x000007d8       0xd4 ./Core/Src/main.o
 .debug_frame   0x000008ac       0xf4 ./Core/Src/stm32f1xx_hal_msp.o
 .debug_frame   0x000009a0      0x120 ./Core/Src/stm32f1xx_it.o
 .debug_frame   0x00000ac0       0x34 ./Core/Src/sysmem.o
 .debug_frame   0x00000af4       0x58 ./Core/Src/system_stm32f1xx.o
 .debug_frame   0x00000b4c       0xe4 ./Core/app/hrun/hrun.o
 .debug_frame   0x00000c30       0x68 ./Core/app/set_parameter/set.o
 .debug_frame   0x00000c98      0x334 ./Drivers/STM32F1xx_HAL_Driver/Src/stm32f1xx_hal.o
 .debug_frame   0x00000fcc      0x428 ./Drivers/STM32F1xx_HAL_Driver/Src/stm32f1xx_hal_cortex.o
 .debug_frame   0x000013f4      0x208 ./Drivers/STM32F1xx_HAL_Driver/Src/stm32f1xx_hal_dma.o
 .debug_frame   0x000015fc      0x14c ./Drivers/STM32F1xx_HAL_Driver/Src/stm32f1xx_hal_gpio.o
 .debug_frame   0x00001748      0x218 ./Drivers/STM32F1xx_HAL_Driver/Src/stm32f1xx_hal_rcc.o
 .debug_frame   0x00001960     0x11b8 ./Drivers/STM32F1xx_HAL_Driver/Src/stm32f1xx_hal_tim.o
 .debug_frame   0x00002b18      0x638 ./Drivers/STM32F1xx_HAL_Driver/Src/stm32f1xx_hal_tim_ex.o
 .debug_frame   0x00003150      0x944 ./Drivers/STM32F1xx_HAL_Driver/Src/stm32f1xx_hal_uart.o
 .debug_frame   0x00003a94      0x144 /opt/st/stm32cubeide_1.19.0/plugins/com.st.stm32cube.ide.mcu.externaltools.gnu-tools-for-stm32.13.3.rel1.linux64_1.0.0.202410170706/tools/bin/../lib/gcc/arm-none-eabi/13.3.1/../../../../arm-none-eabi/lib/thumb/v7-m/nofp/libc_nano.a(libc_a-findfp.o)
 .debug_frame   0x00003bd8       0x74 /opt/st/stm32cubeide_1.19.0/plugins/com.st.stm32cube.ide.mcu.externaltools.gnu-tools-for-stm32.13.3.rel1.linux64_1.0.0.202410170706/tools/bin/../lib/gcc/arm-none-eabi/13.3.1/../../../../arm-none-eabi/lib/thumb/v7-m/nofp/libc_nano.a(libc_a-sprintf.o)
 .debug_frame   0x00003c4c       0x20 /opt/st/stm32cubeide_1.19.0/plugins/com.st.stm32cube.ide.mcu.externaltools.gnu-tools-for-stm32.13.3.rel1.linux64_1.0.0.202410170706/tools/bin/../lib/gcc/arm-none-eabi/13.3.1/../../../../arm-none-eabi/lib/thumb/v7-m/nofp/libc_nano.a(libc_a-memset.o)
 .debug_frame   0x00003c6c       0x20 /opt/st/stm32cubeide_1.19.0/plugins/com.st.stm32cube.ide.mcu.externaltools.gnu-tools-for-stm32.13.3.rel1.linux64_1.0.0.202410170706/tools/bin/../lib/gcc/arm-none-eabi/13.3.1/../../../../arm-none-eabi/lib/thumb/v7-m/nofp/libc_nano.a(libc_a-strchr.o)
 .debug_frame   0x00003c8c       0x28 /opt/st/stm32cubeide_1.19.0/plugins/com.st.stm32cube.ide.mcu.externaltools.gnu-tools-for-stm32.13.3.rel1.linux64_1.0.0.202410170706/tools/bin/../lib/gcc/arm-none-eabi/13.3.1/../../../../arm-none-eabi/lib/thumb/v7-m/nofp/libc_nano.a(libc_a-strncmp.o)
 .debug_frame   0x00003cb4       0x28 /opt/st/stm32cubeide_1.19.0/plugins/com.st.stm32cube.ide.mcu.externaltools.gnu-tools-for-stm32.13.3.rel1.linux64_1.0.0.202410170706/tools/bin/../lib/gcc/arm-none-eabi/13.3.1/../../../../arm-none-eabi/lib/thumb/v7-m/nofp/libc_nano.a(libc_a-strncpy.o)
 .debug_frame   0x00003cdc       0x38 /opt/st/stm32cubeide_1.19.0/plugins/com.st.stm32cube.ide.mcu.externaltools.gnu-tools-for-stm32.13.3.rel1.linux64_1.0.0.202410170706/tools/bin/../lib/gcc/arm-none-eabi/13.3.1/../../../../arm-none-eabi/lib/thumb/v7-m/nofp/libc_nano.a(libc_a-reent.o)
 .debug_frame   0x00003d14       0x20 /opt/st/stm32cubeide_1.19.0/plugins/com.st.stm32cube.ide.mcu.externaltools.gnu-tools-for-stm32.13.3.rel1.linux64_1.0.0.202410170706/tools/bin/../lib/gcc/arm-none-eabi/13.3.1/../../../../arm-none-eabi/lib/thumb/v7-m/nofp/libc_nano.a(libc_a-errno.o)
 .debug_frame   0x00003d34       0x2c /opt/st/stm32cubeide_1.19.0/plugins/com.st.stm32cube.ide.mcu.externaltools.gnu-tools-for-stm32.13.3.rel1.linux64_1.0.0.202410170706/tools/bin/../lib/gcc/arm-none-eabi/13.3.1/../../../../arm-none-eabi/lib/thumb/v7-m/nofp/libc_nano.a(libc_a-init.o)
 .debug_frame   0x00003d60       0xb0 /opt/st/stm32cubeide_1.19.0/plugins/com.st.stm32cube.ide.mcu.externaltools.gnu-tools-for-stm32.13.3.rel1.linux64_1.0.0.202410170706/tools/bin/../lib/gcc/arm-none-eabi/13.3.1/../../../../arm-none-eabi/lib/thumb/v7-m/nofp/libc_nano.a(libc_a-lock.o)
 .debug_frame   0x00003e10       0x20 /opt/st/stm32cubeide_1.19.0/plugins/com.st.stm32cube.ide.mcu.externaltools.gnu-tools-for-stm32.13.3.rel1.linux64_1.0.0.202410170706/tools/bin/../lib/gcc/arm-none-eabi/13.3.1/../../../../arm-none-eabi/lib/thumb/v7-m/nofp/libc_nano.a(libc_a-strcmp.o)
 .debug_frame   0x00003e30       0x28 /opt/st/stm32cubeide_1.19.0/plugins/com.st.stm32cube.ide.mcu.externaltools.gnu-tools-for-stm32.13.3.rel1.linux64_1.0.0.202410170706/tools/bin/../lib/gcc/arm-none-eabi/13.3.1/../../../../arm-none-eabi/lib/thumb/v7-m/nofp/libc_nano.a(libc_a-memcpy-stub.o)
 .debug_frame   0x00003e58       0x38 /opt/st/stm32cubeide_1.19.0/plugins/com.st.stm32cube.ide.mcu.externaltools.gnu-tools-for-stm32.13.3.rel1.linux64_1.0.0.202410170706/tools/bin/../lib/gcc/arm-none-eabi/13.3.1/../../../../arm-none-eabi/lib/thumb/v7-m/nofp/libc_nano.a(libc_a-freer.o)
 .debug_frame   0x00003e90       0x50 /opt/st/stm32cubeide_1.19.0/plugins/com.st.stm32cube.ide.mcu.externaltools.gnu-tools-for-stm32.13.3.rel1.linux64_1.0.0.202410170706/tools/bin/../lib/gcc/arm-none-eabi/13.3.1/../../../../arm-none-eabi/lib/thumb/v7-m/nofp/libc_nano.a(libc_a-mallocr.o)
 .debug_frame   0x00003ee0       0x30 /opt/st/stm32cubeide_1.19.0/plugins/com.st.stm32cube.ide.mcu.externaltools.gnu-tools-for-stm32.13.3.rel1.linux64_1.0.0.202410170706/tools/bin/../lib/gcc/arm-none-eabi/13.3.1/../../../../arm-none-eabi/lib/thumb/v7-m/nofp/libc_nano.a(libc_a-mlock.o)
 .debug_frame   0x00003f10       0x90 /opt/st/stm32cubeide_1.19.0/plugins/com.st.stm32cube.ide.mcu.externaltools.gnu-tools-for-stm32.13.3.rel1.linux64_1.0.0.202410170706/tools/bin/../lib/gcc/arm-none-eabi/13.3.1/../../../../arm-none-eabi/lib/thumb/v7-m/nofp/libc_nano.a(libc_a-nano-svfprintf.o)
 .debug_frame   0x00003fa0       0x60 /opt/st/stm32cubeide_1.19.0/plugins/com.st.stm32cube.ide.mcu.externaltools.gnu-tools-for-stm32.13.3.rel1.linux64_1.0.0.202410170706/tools/bin/../lib/gcc/arm-none-eabi/13.3.1/../../../../arm-none-eabi/lib/thumb/v7-m/nofp/libc_nano.a(libc_a-nano-vfprintf_i.o)
 .debug_frame   0x00004000       0x28 /opt/st/stm32cubeide_1.19.0/plugins/com.st.stm32cube.ide.mcu.externaltools.gnu-tools-for-stm32.13.3.rel1.linux64_1.0.0.202410170706/tools/bin/../lib/gcc/arm-none-eabi/13.3.1/../../../../arm-none-eabi/lib/thumb/v7-m/nofp/libc_nano.a(libc_a-memmove.o)
 .debug_frame   0x00004028       0x2c /opt/st/stm32cubeide_1.19.0/plugins/com.st.stm32cube.ide.mcu.externaltools.gnu-tools-for-stm32.13.3.rel1.linux64_1.0.0.202410170706/tools/bin/../lib/gcc/arm-none-eabi/13.3.1/../../../../arm-none-eabi/lib/thumb/v7-m/nofp/libc_nano.a(libc_a-sbrkr.o)