Archive member included to satisfy reference by file (symbol)

/opt/st/stm32cubeide_1.19.0/plugins/com.st.stm32cube.ide.mcu.externaltools.gnu-tools-for-stm32.13.3.rel1.linux64_1.0.0.202410170706/tools/bin/../lib/gcc/arm-none-eabi/13.3.1/../../../../arm-none-eabi/lib/thumb/v7-m/nofp/libc_nano.a(libc_a-exit.o)
                              /opt/st/stm32cubeide_1.19.0/plugins/com.st.stm32cube.ide.mcu.externaltools.gnu-tools-for-stm32.13.3.rel1.linux64_1.0.0.202410170706/tools/bin/../lib/gcc/arm-none-eabi/13.3.1/../../../../arm-none-eabi/lib/thumb/v7-m/nofp/crt0.o (exit)
/opt/st/stm32cubeide_1.19.0/plugins/com.st.stm32cube.ide.mcu.externaltools.gnu-tools-for-stm32.13.3.rel1.linux64_1.0.0.202410170706/tools/bin/../lib/gcc/arm-none-eabi/13.3.1/../../../../arm-none-eabi/lib/thumb/v7-m/nofp/libc_nano.a(libc_a-findfp.o)
                              /opt/st/stm32cubeide_1.19.0/plugins/com.st.stm32cube.ide.mcu.externaltools.gnu-tools-for-stm32.13.3.rel1.linux64_1.0.0.202410170706/tools/bin/../lib/gcc/arm-none-eabi/13.3.1/../../../../arm-none-eabi/lib/thumb/v7-m/nofp/libc_nano.a(libc_a-exit.o) (__stdio_exit_handler)
/opt/st/stm32cubeide_1.19.0/plugins/com.st.stm32cube.ide.mcu.externaltools.gnu-tools-for-stm32.13.3.rel1.linux64_1.0.0.202410170706/tools/bin/../lib/gcc/arm-none-eabi/13.3.1/../../../../arm-none-eabi/lib/thumb/v7-m/nofp/libc_nano.a(libc_a-fwalk.o)
                              /opt/st/stm32cubeide_1.19.0/plugins/com.st.stm32cube.ide.mcu.externaltools.gnu-tools-for-stm32.13.3.rel1.linux64_1.0.0.202410170706/tools/bin/../lib/gcc/arm-none-eabi/13.3.1/../../../../arm-none-eabi/lib/thumb/v7-m/nofp/libc_nano.a(libc_a-findfp.o) (_fwalk_sglue)
/opt/st/stm32cubeide_1.19.0/plugins/com.st.stm32cube.ide.mcu.externaltools.gnu-tools-for-stm32.13.3.rel1.linux64_1.0.0.202410170706/tools/bin/../lib/gcc/arm-none-eabi/13.3.1/../../../../arm-none-eabi/lib/thumb/v7-m/nofp/libc_nano.a(libc_a-stdio.o)
                              /opt/st/stm32cubeide_1.19.0/plugins/com.st.stm32cube.ide.mcu.externaltools.gnu-tools-for-stm32.13.3.rel1.linux64_1.0.0.202410170706/tools/bin/../lib/gcc/arm-none-eabi/13.3.1/../../../../arm-none-eabi/lib/thumb/v7-m/nofp/libc_nano.a(libc_a-findfp.o) (__sread)
/opt/st/stm32cubeide_1.19.0/plugins/com.st.stm32cube.ide.mcu.externaltools.gnu-tools-for-stm32.13.3.rel1.linux64_1.0.0.202410170706/tools/bin/../lib/gcc/arm-none-eabi/13.3.1/../../../../arm-none-eabi/lib/thumb/v7-m/nofp/libc_nano.a(libc_a-memset.o)
                              /opt/st/stm32cubeide_1.19.0/plugins/com.st.stm32cube.ide.mcu.externaltools.gnu-tools-for-stm32.13.3.rel1.linux64_1.0.0.202410170706/tools/bin/../lib/gcc/arm-none-eabi/13.3.1/../../../../arm-none-eabi/lib/thumb/v7-m/nofp/crt0.o (memset)
/opt/st/stm32cubeide_1.19.0/plugins/com.st.stm32cube.ide.mcu.externaltools.gnu-tools-for-stm32.13.3.rel1.linux64_1.0.0.202410170706/tools/bin/../lib/gcc/arm-none-eabi/13.3.1/../../../../arm-none-eabi/lib/thumb/v7-m/nofp/libc_nano.a(libc_a-closer.o)
                              /opt/st/stm32cubeide_1.19.0/plugins/com.st.stm32cube.ide.mcu.externaltools.gnu-tools-for-stm32.13.3.rel1.linux64_1.0.0.202410170706/tools/bin/../lib/gcc/arm-none-eabi/13.3.1/../../../../arm-none-eabi/lib/thumb/v7-m/nofp/libc_nano.a(libc_a-stdio.o) (_close_r)
/opt/st/stm32cubeide_1.19.0/plugins/com.st.stm32cube.ide.mcu.externaltools.gnu-tools-for-stm32.13.3.rel1.linux64_1.0.0.202410170706/tools/bin/../lib/gcc/arm-none-eabi/13.3.1/../../../../arm-none-eabi/lib/thumb/v7-m/nofp/libc_nano.a(libc_a-reent.o)
                              /opt/st/stm32cubeide_1.19.0/plugins/com.st.stm32cube.ide.mcu.externaltools.gnu-tools-for-stm32.13.3.rel1.linux64_1.0.0.202410170706/tools/bin/../lib/gcc/arm-none-eabi/13.3.1/../../../../arm-none-eabi/lib/thumb/v7-m/nofp/libc_nano.a(libc_a-closer.o) (errno)
/opt/st/stm32cubeide_1.19.0/plugins/com.st.stm32cube.ide.mcu.externaltools.gnu-tools-for-stm32.13.3.rel1.linux64_1.0.0.202410170706/tools/bin/../lib/gcc/arm-none-eabi/13.3.1/../../../../arm-none-eabi/lib/thumb/v7-m/nofp/libc_nano.a(libc_a-impure.o)
                              /opt/st/stm32cubeide_1.19.0/plugins/com.st.stm32cube.ide.mcu.externaltools.gnu-tools-for-stm32.13.3.rel1.linux64_1.0.0.202410170706/tools/bin/../lib/gcc/arm-none-eabi/13.3.1/../../../../arm-none-eabi/lib/thumb/v7-m/nofp/libc_nano.a(libc_a-reent.o) (_impure_ptr)
/opt/st/stm32cubeide_1.19.0/plugins/com.st.stm32cube.ide.mcu.externaltools.gnu-tools-for-stm32.13.3.rel1.linux64_1.0.0.202410170706/tools/bin/../lib/gcc/arm-none-eabi/13.3.1/../../../../arm-none-eabi/lib/thumb/v7-m/nofp/libc_nano.a(libc_a-lseekr.o)
                              /opt/st/stm32cubeide_1.19.0/plugins/com.st.stm32cube.ide.mcu.externaltools.gnu-tools-for-stm32.13.3.rel1.linux64_1.0.0.202410170706/tools/bin/../lib/gcc/arm-none-eabi/13.3.1/../../../../arm-none-eabi/lib/thumb/v7-m/nofp/libc_nano.a(libc_a-stdio.o) (_lseek_r)
[...]
Memory Configuration

Name             Origin             Length             Attributes
RAM              0x20000000         0x00005000         xrw
FLASH            0x08000000         0x00010000         xr
*default*        0x00000000         0xffffffff

Linker script and memory map

LOAD /opt/st/stm32cubeide_1.19.0/plugins/com.st.stm32cube.ide.mcu.externaltools.gnu-tools-for-stm32.13.3.rel1.linux64_1.0.0.202410170706/tools/bin/../lib/gcc/arm-none-eabi/13.3.1/thumb/v7-m/nofp/crti.o
LOAD /opt/st/stm32cubeide_1.19.0/plugins/com.st.stm32cube.ide.mcu.externaltools.gnu-tools-for-stm32.13.3.rel1.linux64_1.0.0.202410170706/tools/bin/../lib/gcc/arm-none-eabi/13.3.1/thumb/v7-m/nofp/crtbegin.o
LOAD /opt/st/stm32cubeide_1.19.0/plugins/com.st.stm32cube.ide.mcu.externaltools.gnu-tools-for-stm32.13.3.rel1.linux64_1.0.0.202410170706/tools/bin/../lib/gcc/arm-none-eabi/13.3.1/../../../../arm-none-eabi/lib/thumb/v7-m/nofp/crt0.o
LOAD ./Core/BSP/GRAY/gray.o
LOAD ./Core/BSP/KEY/key.o
LOAD ./Core/BSP/LED/led.o
LOAD ./Core/BSP/M/motor.o
LOAD ./Core/BSP/MPU6050/MPU6050.o
LOAD ./Core/BSP/MPU6050/SoftIIC.o
LOAD ./Core/BSP/OLED/OLED.o
LOAD ./Core/Src/main.o
LOAD ./Core/Src/stm32f1xx_hal_msp.o
LOAD ./Core/Src/stm32f1xx_it.o
LOAD ./Core/Src/syscalls.o
LOAD ./Core/Src/sysmem.o
LOAD ./Core/Src/system_stm32f1xx.o
LOAD ./Core/Startup/startup_stm32f103c8tx.o
LOAD ./Core/app/panel/panel.o
LOAD ./Core/app/run/run.o
LOAD ./Drivers/STM32F1xx_HAL_Driver/Src/stm32f1xx_hal.o
LOAD ./Drivers/STM32F1xx_HAL_Driver/Src/stm32f1xx_hal_cortex.o
LOAD ./Drivers/STM32F1xx_HAL_Driver/Src/stm32f1xx_hal_dma.o
LOAD ./Drivers/STM32F1xx_HAL_Driver/Src/stm32f1xx_hal_exti.o
LOAD ./Drivers/STM32F1xx_HAL_Driver/Src/stm32f1xx_hal_flash.o
LOAD ./Drivers/STM32F1xx_HAL_Driver/Src/stm32f1xx_hal_flash_ex.o
LOAD ./Drivers/STM32F1xx_HAL_Driver/Src/stm32f1xx_hal_gpio.o
LOAD ./Drivers/STM32F1xx_HAL_Driver/Src/stm32f1xx_hal_gpio_ex.o
LOAD ./Drivers/STM32F1xx_HAL_Driver/Src/stm32f1xx_hal_pwr.o
LOAD ./Drivers/STM32F1xx_HAL_Driver/Src/stm32f1xx_hal_rcc.o
LOAD ./Drivers/STM32F1xx_HAL_Driver/Src/stm32f1xx_hal_rcc_ex.o
LOAD ./Drivers/STM32F1xx_HAL_Driver/Src/stm32f1xx_hal_tim.o
LOAD ./Drivers/STM32F1xx_HAL_Driver/Src/stm32f1xx_hal_tim_ex.o
START GROUP
LOAD /opt/st/stm32cubeide_1.19.0/plugins/com.st.stm32cube.ide.mcu.externaltools.gnu-tools-for-stm32.13.3.rel1.linux64_1.0.0.202410170706/tools/bin/../lib/gcc/arm-none-eabi/13.3.1/../../../../arm-none-eabi/lib/thumb/v7-m/nofp/libc_nano.a
LOAD /opt/st/stm32cubeide_1.19.0/plugins/com.st.stm32cube.ide.mcu.externaltools.gnu-tools-for-stm32.13.3.rel1.linux64_1.0.0.202410170706/tools/bin/../lib/gcc/arm-none-eabi/13.3.1/../../../../arm-none-eabi/lib/thumb/v7-m/nofp/libm.a
END GROUP
START GROUP
LOAD /opt/st/stm32cubeide_1.19.0/plugins/com.st.stm32cube.ide.mcu.externaltools.gnu-tools-for-stm32.13.3.rel1.linux64_1.0.0.202410170706/tools/bin/../lib/gcc/arm-none-eabi/13.3.1/thumb/v7-m/nofp/libgcc.a
LOAD /opt/st/stm32cubeide_1.19.0/plugins/com.st.stm32cube.ide.mcu.externaltools.gnu-tools-for-stm32.13.3.rel1.linux64_1.0.0.202410170706/tools/bin/../lib/gcc/arm-none-eabi/13.3.1/../../../../arm-none-eabi/lib/thumb/v7-m/nofp/libc_nano.a
END GROUP
START GROUP
LOAD /opt/st/stm32cubeide_1.19.0/plugins/com.st.stm32cube.ide.mcu.externaltools.gnu-tools-for-stm32.13.3.rel1.linux64_1.0.0.202410170706/tools/bin/../lib/gcc/arm-none-eabi/13.3.1/thumb/v7-m/nofp/libgcc.a
LOAD /opt/st/stm32cubeide_1.19.0/plugins/com.st.stm32cube.ide.mcu.externaltools.gnu-tools-for-stm32.13.3.rel1.linux64_1.0.0.202410170706/tools/bin/../lib/gcc/arm-none-eabi/13.3.1/../../../../arm-none-eabi/lib/thumb/v7-m/nofp/libc_nano.a
LOAD /opt/st/stm32cubeide_1.19.0/plugins/com.st.stm32cube.ide.mcu.externaltools.gnu-tools-for-stm32.13.3.rel1.linux64_1.0.0.202410170706/tools/bin/../lib/gcc/arm-none-eabi/13.3.1/../../../../arm-none-eabi/lib/thumb/v7-m/nofp/libnosys.a
END GROUP
START GROUP
LOAD /opt/st/stm32cubeide_1.19.0/plugins/com.st.stm32cube.ide.mcu.externaltools.gnu-tools-for-stm32.13.3.rel1.linux64_1.0.0.202410170706/tools/bin/../lib/gcc/arm-none-eabi/13.3.1/thumb/v7-m/nofp/libgcc.a
LOAD /opt/st/stm32cubeide_1.19.0/plugins/com.st.stm32cube.ide.mcu.externaltools.gnu-tools-for-stm32.13.3.rel1.linux64_1.0.0.202410170706/tools/bin/../lib/gcc/arm-none-eabi/13.3.1/../../../../arm-none-eabi/lib/thumb/v7-m/nofp/libc_nano.a
LOAD /opt/st/stm32cubeide_1.19.0/plugins/com.st.stm32cube.ide.mcu.externaltools.gnu-tools-for-stm32.13.3.rel1.linux64_1.0.0.202410170706/tools/bin/../lib/gcc/arm-none-eabi/13.3.1/../../../../arm-none-eabi/lib/thumb/v7-m/nofp/libnosys.a
END GROUP
LOAD /opt/st/stm32cubeide_1.19.0/plugins/com.st.stm32cube.ide.mcu.externaltools.gnu-tools-for-stm32.13.3.rel1.linux64_1.0.0.202410170706/tools/bin/../lib/gcc/arm-none-eabi/13.3.1/thumb/v7-m/nofp/crtend.o
LOAD /opt/st/stm32cubeide_1.19.0/plugins/com.st.stm32cube.ide.mcu.externaltools.gnu-tools-for-stm32.13.3.rel1.linux64_1.0.0.202410170706/tools/bin/../lib/gcc/arm-none-eabi/13.3.1/thumb/v7-m/nofp/crtn.o
                0x20005000                        _estack = (ORIGIN (RAM) + LENGTH (RAM))
                0x00000200                        _Min_Heap_Size = 0x200
                0x00000400                        _Min_Stack_Size = 0x400

.isr_vector     0x08000000      0x10c
                0x08000000                        . = ALIGN (0x4)
 *(.isr_vector)
 .isr_vector    0x08000000      0x10c ./Core/Startup/startup_stm32f103c8tx.o
                0x08000000                g_pfnVectors
                0x0800010c                        . = ALIGN (0x4)

.text           0x0800010c     0x3340
                0x0800010c                        . = ALIGN (0x4)
 *(.text)
 .text          0x0800010c       0x40 /opt/st/stm32cubeide_1.19.0/plugins/com.st.stm32cube.ide.mcu.externaltools.gnu-tools-for-stm32.13.3.rel1.linux64_1.0.0.202410170706/tools/bin/../lib/gcc/arm-none-eabi/13.3.1/thumb/v7-m/nofp/crtbegin.o
 .text          0x0800014c      0x21c /opt/st/stm32cubeide_1.19.0/plugins/com.st.stm32cube.ide.mcu.externaltools.gnu-tools-for-stm32.13.3.rel1.linux64_1.0.0.202410170706/tools/bin/../lib/gcc/arm-none-eabi/13.3.1/thumb/v7-m/nofp/libgcc.a(_arm_addsubsf3.o)
                0x0800014c                __aeabi_frsub
                0x08000154                __subsf3
                0x08000154                __aeabi_fsub
                0x08000158                __aeabi_fadd
                0x08000158                __addsf3
                0x080002b8                __aeabi_ui2f
                0x080002b8                __floatunsisf
                0x080002c0                __aeabi_i2f
                0x080002c0                __floatsisf
                0x080002dc                __floatundisf
                0x080002dc                __aeabi_ul2f
                0x080002ec                __floatdisf
                0x080002ec                __aeabi_l2f
 .text          0x08000368      0x2a0 /opt/st/stm32cubeide_1.19.0/plugins/com.st.stm32cube.ide.mcu.externaltools.gnu-tools-for-stm32.13.3.rel1.linux64_1.0.0.202410170706/tools/bin/../lib/gcc/arm-none-eabi/13.3.1/thumb/v7-m/nofp/libgcc.a(_arm_muldivsf3.o)
                0x08000368                __mulsf3
                0x08000368                __aeabi_fmul
                0x080004d0                __divsf3
                0x080004d0                __aeabi_fdiv
 .text          0x08000608       0x4c /opt/st/stm32cubeide_1.19.0/plugins/com.st.stm32cube.ide.mcu.externaltools.gnu-tools-for-stm32.13.3.rel1.linux64_1.0.0.202410170706/tools/bin/../lib/gcc/arm-none-eabi/13.3.1/thumb/v7-m/nofp/libgcc.a(_arm_fixsfsi.o)
                0x08000608                __fixsfsi
                0x08000608                __aeabi_f2iz
 *(.text*)
 .text.GRAY_Init
                0x08000654       0x94 ./Core/BSP/GRAY/gray.o
                0x08000654                GRAY_Init
 .text.GRAY_Read
                0x080006e8       0xc4 ./Core/BSP/GRAY/gray.o
                0x080006e8                GRAY_Read
 .text.GRAY_ReadAll
                0x080007ac       0x80 ./Core/BSP/GRAY/gray.o
                0x080007ac                GRAY_ReadAll
 .text.GRAY_ReadByte
                0x0800082c       0xc2 ./Core/BSP/GRAY/gray.o
                0x0800082c                GRAY_ReadByte
 *fill*         0x080008ee        0x2 
 .text.KEY_Init
                0x080008f0       0xa4 ./Core/BSP/KEY/key.o
                0x080008f0                KEY_Init
 .text.KEY1_Read
                0x08000994       0x18 ./Core/BSP/KEY/key.o
                0x08000994                KEY1_Read
 .text.KEY2_Read
                0x080009ac       0x18 ./Core/BSP/KEY/key.o
                0x080009ac                KEY2_Read
 .text.KEY_Scan
                0x080009c4       0x88 ./Core/BSP/KEY/key.o
                0x080009c4                KEY_Scan
 .text.LED_Init
                0x08000a4c       0x90 ./Core/BSP/LED/led.o
                0x08000a4c                LED_Init
 .text.Motor_Init
                0x08000adc       0x4c ./Core/BSP/M/motor.o
                0x08000adc                Motor_Init
 .text.Motor_A_SetSpeed
                0x08000b28       0x84 ./Core/BSP/M/motor.o
                0x08000b28                Motor_A_SetSpeed
 .text.Motor_B_SetSpeed
                0x08000bac       0x84 ./Core/BSP/M/motor.o
                0x08000bac                Motor_B_SetSpeed
 .text.Car_Move
                0x08000c30       0x2c ./Core/BSP/M/motor.o
                0x08000c30                Car_Move
 .text.MPU6050_WriteReg
                0x08000c5c       0x42 ./Core/BSP/MPU6050/MPU6050.o
                0x08000c5c                MPU6050_WriteReg
 .text.MPU6050_Init
                0x08000c9e       0x3c ./Core/BSP/MPU6050/MPU6050.o
                0x08000c9e                MPU6050_Init
 *fill*         0x08000cda        0x2 
 .text.MyI2C_W_SCL
                0x08000cdc       0x38 ./Core/BSP/MPU6050/SoftIIC.o
                0x08000cdc                MyI2C_W_SCL
 .text.MyI2C_W_SDA
                0x08000d14       0x38 ./Core/BSP/MPU6050/SoftIIC.o
                0x08000d14                MyI2C_W_SDA
 .text.MyI2C_R_SDA
                0x08000d4c       0x34 ./Core/BSP/MPU6050/SoftIIC.o
                0x08000d4c                MyI2C_R_SDA
 .text.MyI2C_Init
                0x08000d80       0x48 ./Core/BSP/MPU6050/SoftIIC.o
                0x08000d80                MyI2C_Init
 .text.MyI2C_Start
                0x08000dc8       0x20 ./Core/BSP/MPU6050/SoftIIC.o
                0x08000dc8                MyI2C_Start
 .text.MyI2C_Stop
                0x08000de8       0x1a ./Core/BSP/MPU6050/SoftIIC.o
                0x08000de8                MyI2C_Stop
 .text.MyI2C_SendByte
                0x08000e02       0x4c ./Core/BSP/MPU6050/SoftIIC.o
                0x08000e02                MyI2C_SendByte
 .text.MyI2C_ReceiveAck
                0x08000e4e       0x2a ./Core/BSP/MPU6050/SoftIIC.o
                0x08000e4e                MyI2C_ReceiveAck
 .text.OLED_I2C_Delay
                0x08000e78       0x22 ./Core/BSP/OLED/OLED.o
 *fill*         0x08000e9a        0x2 
 .text.OLED_I2C_Init
                0x08000e9c       0x7c ./Core/BSP/OLED/OLED.o
                0x08000e9c                OLED_I2C_Init
 .text.OLED_I2C_Start
                0x08000f18       0x44 ./Core/BSP/OLED/OLED.o
                0x08000f18                OLED_I2C_Start
 .text.OLED_I2C_Stop
                0x08000f5c       0x38 ./Core/BSP/OLED/OLED.o
                0x08000f5c                OLED_I2C_Stop
 .text.OLED_I2C_SendByte
                0x08000f94       0x84 ./Core/BSP/OLED/OLED.o
                0x08000f94                OLED_I2C_SendByte
 .text.OLED_WriteCommand
                0x08001018       0x2e ./Core/BSP/OLED/OLED.o
                0x08001018                OLED_WriteCommand
 .text.OLED_WriteData
                0x08001046       0x2e ./Core/BSP/OLED/OLED.o
                0x08001046                OLED_WriteData
 .text.OLED_SetCursor
                0x08001074       0x46 ./Core/BSP/OLED/OLED.o
                0x08001074                OLED_SetCursor
 .text.OLED_Clear
                0x080010ba       0x46 ./Core/BSP/OLED/OLED.o
                0x080010ba                OLED_Clear
 .text.OLED_ShowChar
                0x08001100       0xb0 ./Core/BSP/OLED/OLED.o
                0x08001100                OLED_ShowChar
 .text.OLED_ShowString
                0x080011b0       0x4a ./Core/BSP/OLED/OLED.o
                0x080011b0                OLED_ShowString
 .text.OLED_Pow
                0x080011fa       0x30 ./Core/BSP/OLED/OLED.o
                0x080011fa                OLED_Pow
 *fill*         0x0800122a        0x2 
 .text.OLED_ShowSignedNum
                0x0800122c       0xa8 ./Core/BSP/OLED/OLED.o
                0x0800122c                OLED_ShowSignedNum
 .text.OLED_Init
                0x080012d4       0xa0 ./Core/BSP/OLED/OLED.o
                0x080012d4                OLED_Init
 .text.main     0x08001374       0x80 ./Core/Src/main.o
                0x08001374                main
 .text.SystemClock_Config
                0x080013f4       0x8a ./Core/Src/main.o
                0x080013f4                SystemClock_Config
 *fill*         0x0800147e        0x2 
 .text.MX_TIM3_Init
                0x08001480       0xf4 ./Core/Src/main.o
 .text.MX_GPIO_Init
                0x08001574       0x5c ./Core/Src/main.o
 .text.Error_Handler
                0x080015d0        0xc ./Core/Src/main.o
                0x080015d0                Error_Handler
 .text.HAL_MspInit
                0x080015dc       0x64 ./Core/Src/stm32f1xx_hal_msp.o
                0x080015dc                HAL_MspInit
 .text.HAL_TIM_PWM_MspInit
                0x08001640       0x3c ./Core/Src/stm32f1xx_hal_msp.o
                0x08001640                HAL_TIM_PWM_MspInit
 .text.HAL_TIM_MspPostInit
                0x0800167c       0x98 ./Core/Src/stm32f1xx_hal_msp.o
                0x0800167c                HAL_TIM_MspPostInit
 .text.NMI_Handler
                0x08001714        0x8 ./Core/Src/stm32f1xx_it.o
                0x08001714                NMI_Handler
 .text.HardFault_Handler
                0x0800171c        0x8 ./Core/Src/stm32f1xx_it.o
                0x0800171c                HardFault_Handler
 .text.MemManage_Handler
                0x08001724        0x8 ./Core/Src/stm32f1xx_it.o
                0x08001724                MemManage_Handler
 .text.BusFault_Handler
                0x0800172c        0x8 ./Core/Src/stm32f1xx_it.o
                0x0800172c                BusFault_Handler
 .text.UsageFault_Handler
                0x08001734        0x8 ./Core/Src/stm32f1xx_it.o
                0x08001734                UsageFault_Handler
 .text.SVC_Handler
                0x0800173c        0xc ./Core/Src/stm32f1xx_it.o
                0x0800173c                SVC_Handler
 .text.DebugMon_Handler
                0x08001748        0xc ./Core/Src/stm32f1xx_it.o
                0x08001748                DebugMon_Handler
 .text.PendSV_Handler
                0x08001754        0xc ./Core/Src/stm32f1xx_it.o
                0x08001754                PendSV_Handler
 .text.SysTick_Handler
                0x08001760        0xc ./Core/Src/stm32f1xx_it.o
                0x08001760                SysTick_Handler
 .text.SystemInit
                0x0800176c        0xc ./Core/Src/system_stm32f1xx.o
                0x0800176c                SystemInit
 .text.Reset_Handler
                0x08001778       0x48 ./Core/Startup/startup_stm32f103c8tx.o
                0x08001778                Reset_Handler
 .text.Default_Handler
                0x080017c0        0x2 ./Core/Startup/startup_stm32f103c8tx.o
                0x080017c0                RTC_Alarm_IRQHandler
                0x080017c0                EXTI2_IRQHandler
                0x080017c0                TIM1_CC_IRQHandler
                0x080017c0                PVD_IRQHandler
                0x080017c0                EXTI3_IRQHandler
                0x080017c0                EXTI0_IRQHandler
                0x080017c0                I2C2_EV_IRQHandler
                0x080017c0                ADC1_2_IRQHandler
                0x080017c0                SPI1_IRQHandler
                0x080017c0                TAMPER_IRQHandler
                0x080017c0                DMA1_Channel4_IRQHandler
                0x080017c0                USART3_IRQHandler
                0x080017c0                RTC_IRQHandler
                0x080017c0                DMA1_Channel7_IRQHandler
                0x080017c0                CAN1_RX1_IRQHandler
                0x080017c0                TIM4_IRQHandler
                0x080017c0                I2C1_EV_IRQHandler
                0x080017c0                DMA1_Channel6_IRQHandler
                0x080017c0                TIM3_IRQHandler
                0x080017c0                RCC_IRQHandler
                0x080017c0                TIM1_TRG_COM_IRQHandler
                0x080017c0                DMA1_Channel1_IRQHandler
                0x080017c0                Default_Handler
                0x080017c0                EXTI15_10_IRQHandler
                0x080017c0                EXTI9_5_IRQHandler
                0x080017c0                SPI2_IRQHandler
                0x080017c0                DMA1_Channel5_IRQHandler
                0x080017c0                EXTI4_IRQHandler
                0x080017c0                USB_LP_CAN1_RX0_IRQHandler
                0x080017c0                USB_HP_CAN1_TX_IRQHandler
                0x080017c0                DMA1_Channel3_IRQHandler
                0x080017c0                TIM1_UP_IRQHandler
                0x080017c0                WWDG_IRQHandler
                0x080017c0                TIM2_IRQHandler
                0x080017c0                TIM1_BRK_IRQHandler
                0x080017c0                EXTI1_IRQHandler
                0x080017c0                USART2_IRQHandler
                0x080017c0                I2C2_ER_IRQHandler
                0x080017c0                DMA1_Channel2_IRQHandler
                0x080017c0                CAN1_SCE_IRQHandler
                0x080017c0                FLASH_IRQHandler
                0x080017c0                USART1_IRQHandler
                0x080017c0                I2C1_ER_IRQHandler
                0x080017c0                USBWakeUp_IRQHandler
 *fill*         0x080017c2        0x2 
 .text.Panel_DrawStandby
                0x080017c4       0x44 ./Core/app/panel/panel.o
 .text.Panel_DrawLineFollow
                0x08001808       0x38 ./Core/app/panel/panel.o
 .text.Panel_DrawGrayCalib
                0x08001840       0x7c ./Core/app/panel/panel.o
 .text.Panel_DrawLineColor
                0x080018bc       0x6c ./Core/app/panel/panel.o
 .text.Panel_DrawSpeed
                0x08001928       0x64 ./Core/app/panel/panel.o
 .text.Panel_EnterMenu
                0x0800198c       0x5c ./Core/app/panel/panel.o
 .text.Panel_ExitMenu
                0x080019e8       0x18 ./Core/app/panel/panel.o
 .text.Panel_Init
                0x08001a00       0x60 ./Core/app/panel/panel.o
                0x08001a00                Panel_Init
 .text.Panel_Task
                0x08001a60      0x184 ./Core/app/panel/panel.o
                0x08001a60                Panel_Task
 .text.run_clamp_speed
                0x08001be4       0x3a ./Core/app/run/run.o
 .text.Run_Init
                0x08001c1e       0x10 ./Core/app/run/run.o
                0x08001c1e                Run_Init
 *fill*         0x08001c2e        0x2 
 .text.Run_SetBaseSpeed
                0x08001c30       0x20 ./Core/app/run/run.o
                0x08001c30                Run_SetBaseSpeed
 .text.Run_LineFollowStep
                0x08001c50      0x13c ./Core/app/run/run.o
                0x08001c50                Run_LineFollowStep
 .text.HAL_Init
                0x08001d8c       0x2c ./Drivers/STM32F1xx_HAL_Driver/Src/stm32f1xx_hal.o
                0x08001d8c                HAL_Init
 .text.HAL_InitTick
                0x08001db8       0x60 ./Drivers/STM32F1xx_HAL_Driver/Src/stm32f1xx_hal.o
                0x08001db8                HAL_InitTick
 .text.HAL_IncTick
                0x08001e18       0x24 ./Drivers/STM32F1xx_HAL_Driver/Src/stm32f1xx_hal.o
                0x08001e18                HAL_IncTick
 .text.HAL_GetTick
                0x08001e3c       0x14 ./Drivers/STM32F1xx_HAL_Driver/Src/stm32f1xx_hal.o
                0x08001e3c                HAL_GetTick
 .text.HAL_Delay
                0x08001e50       0x48 ./Drivers/STM32F1xx_HAL_Driver/Src/stm32f1xx_hal.o
                0x08001e50                HAL_Delay
 .text.__NVIC_SetPriorityGrouping
                0x08001e98       0x48 ./Drivers/STM32F1xx_HAL_Driver/Src/stm32f1xx_hal_cortex.o
 .text.__NVIC_GetPriorityGrouping
                0x08001ee0       0x1c ./Drivers/STM32F1xx_HAL_Driver/Src/stm32f1xx_hal_cortex.o
 .text.__NVIC_SetPriority
                0x08001efc       0x54 ./Drivers/STM32F1xx_HAL_Driver/Src/stm32f1xx_hal_cortex.o
 .text.NVIC_EncodePriority
                0x08001f50       0x64 ./Drivers/STM32F1xx_HAL_Driver/Src/stm32f1xx_hal_cortex.o
 .text.SysTick_Config
                0x08001fb4       0x44 ./Drivers/STM32F1xx_HAL_Driver/Src/stm32f1xx_hal_cortex.o
 .text.HAL_NVIC_SetPriorityGrouping
                0x08001ff8       0x16 ./Drivers/STM32F1xx_HAL_Driver/Src/stm32f1xx_hal_cortex.o
                0x08001ff8                HAL_NVIC_SetPriorityGrouping
 .text.HAL_NVIC_SetPriority
                0x0800200e       0x38 ./Drivers/STM32F1xx_HAL_Driver/Src/stm32f1xx_hal_cortex.o
                0x0800200e                HAL_NVIC_SetPriority
 .text.HAL_SYSTICK_Config
                0x08002046       0x18 ./Drivers/STM32F1xx_HAL_Driver/Src/stm32f1xx_hal_cortex.o
                0x08002046                HAL_SYSTICK_Config
 *fill*         0x0800205e        0x2 
 .text.HAL_GPIO_Init
                0x08002060      0x308 ./Drivers/STM32F1xx_HAL_Driver/Src/stm32f1xx_hal_gpio.o
                0x08002060                HAL_GPIO_Init
 .text.HAL_GPIO_ReadPin
                0x08002368       0x2e ./Drivers/STM32F1xx_HAL_Driver/Src/stm32f1xx_hal_gpio.o
                0x08002368                HAL_GPIO_ReadPin
 .text.HAL_GPIO_WritePin
                0x08002396       0x30 ./Drivers/STM32F1xx_HAL_Driver/Src/stm32f1xx_hal_gpio.o
                0x08002396                HAL_GPIO_WritePin
 *fill*         0x080023c6        0x2 
 .text.HAL_RCC_OscConfig
                0x080023c8      0x504 ./Drivers/STM32F1xx_HAL_Driver/Src/stm32f1xx_hal_rcc.o
                0x080023c8                HAL_RCC_OscConfig
 .text.HAL_RCC_ClockConfig
                0x080028cc      0x1d4 ./Drivers/STM32F1xx_HAL_Driver/Src/stm32f1xx_hal_rcc.o
                0x080028cc                HAL_RCC_ClockConfig
 .text.HAL_RCC_GetSysClockFreq
                0x08002aa0       0xa8 ./Drivers/STM32F1xx_HAL_Driver/Src/stm32f1xx_hal_rcc.o
                0x08002aa0                HAL_RCC_GetSysClockFreq
 .text.RCC_Delay
                0x08002b48       0x3c ./Drivers/STM32F1xx_HAL_Driver/Src/stm32f1xx_hal_rcc.o
 .text.HAL_TIM_PWM_Init
                0x08002b84       0x9e ./Drivers/STM32F1xx_HAL_Driver/Src/stm32f1xx_hal_tim.o
                0x08002b84                HAL_TIM_PWM_Init
 *fill*         0x08002c22        0x2 
 .text.HAL_TIM_PWM_Start
                0x08002c24      0x144 ./Drivers/STM32F1xx_HAL_Driver/Src/stm32f1xx_hal_tim.o
                0x08002c24                HAL_TIM_PWM_Start
 .text.HAL_TIM_PWM_ConfigChannel
                0x08002d68      0x184 ./Drivers/STM32F1xx_HAL_Driver/Src/stm32f1xx_hal_tim.o
                0x08002d68                HAL_TIM_PWM_ConfigChannel
 .text.TIM_Base_SetConfig
                0x08002eec       0xdc ./Drivers/STM32F1xx_HAL_Driver/Src/stm32f1xx_hal_tim.o
                0x08002eec                TIM_Base_SetConfig
 .text.TIM_OC1_SetConfig
                0x08002fc8       0xcc ./Drivers/STM32F1xx_HAL_Driver/Src/stm32f1xx_hal_tim.o
 .text.TIM_OC2_SetConfig
                0x08003094       0xd4 ./Drivers/STM32F1xx_HAL_Driver/Src/stm32f1xx_hal_tim.o
                0x08003094                TIM_OC2_SetConfig
 .text.TIM_OC3_SetConfig
                0x08003168       0xd4 ./Drivers/STM32F1xx_HAL_Driver/Src/stm32f1xx_hal_tim.o
 .text.TIM_OC4_SetConfig
                0x0800323c       0x9c ./Drivers/STM32F1xx_HAL_Driver/Src/stm32f1xx_hal_tim.o
 .text.TIM_CCxChannelCmd
                0x080032d8       0x48 ./Drivers/STM32F1xx_HAL_Driver/Src/stm32f1xx_hal_tim.o
                0x080032d8                TIM_CCxChannelCmd
 .text.HAL_TIMEx_MasterConfigSynchronization
                0x08003320       0xbc ./Drivers/STM32F1xx_HAL_Driver/Src/stm32f1xx_hal_tim_ex.o
                0x08003320                HAL_TIMEx_MasterConfigSynchronization
 .text.memset   0x080033dc       0x10 /opt/st/stm32cubeide_1.19.0/plugins/com.st.stm32cube.ide.mcu.externaltools.gnu-tools-for-stm32.13.3.rel1.linux64_1.0.0.202410170706/tools/bin/../lib/gcc/arm-none-eabi/13.3.1/../../../../arm-none-eabi/lib/thumb/v7-m/nofp/libc_nano.a(libc_a-memset.o)
                0x080033dc                memset
 .text.__libc_init_array
                0x080033ec       0x48 /opt/st/stm32cubeide_1.19.0/plugins/com.st.stm32cube.ide.mcu.externaltools.gnu-tools-for-stm32.13.3.rel1.linux64_1.0.0.202410170706/tools/bin/../lib/gcc/arm-none-eabi/13.3.1/../../../../arm-none-eabi/lib/thumb/v7-m/nofp/libc_nano.a(libc_a-init.o)
                0x080033ec                __libc_init_array
 *(.glue_7)
 .glue_7        0x08003434        0x0 linker stubs
 *(.glue_7t)
 .glue_7t       0x08003434        0x0 linker stubs
 *(.eh_frame)
 .eh_frame      0x08003434        0x0 /opt/st/stm32cubeide_1.19.0/plugins/com.st.stm32cube.ide.mcu.externaltools.gnu-tools-for-stm32.13.3.rel1.linux64_1.0.0.202410170706/tools/bin/../lib/gcc/arm-none-eabi/13.3.1/thumb/v7-m/nofp/crtbegin.o
 *(.init)
 .init          0x08003434        0x4 /opt/st/stm32cubeide_1.19.0/plugins/com.st.stm32cube.ide.mcu.externaltools.gnu-tools-for-stm32.13.3.rel1.linux64_1.0.0.202410170706/tools/bin/../lib/gcc/arm-none-eabi/13.3.1/thumb/v7-m/nofp/crti.o
                0x08003434                _init
 .init          0x08003438        0x8 /opt/st/stm32cubeide_1.19.0/plugins/com.st.stm32cube.ide.mcu.externaltools.gnu-tools-for-stm32.13.3.rel1.linux64_1.0.0.202410170706/tools/bin/../lib/gcc/arm-none-eabi/13.3.1/thumb/v7-m/nofp/crtn.o
 *(.fini)
 .fini          0x08003440        0x4 /opt/st/stm32cubeide_1.19.0/plugins/com.st.stm32cube.ide.mcu.externaltools.gnu-tools-for-stm32.13.3.rel1.linux64_1.0.0.202410170706/tools/bin/../lib/gcc/arm-none-eabi/13.3.1/thumb/v7-m/nofp/crti.o
                0x08003440                _fini
 .fini          0x08003444        0x8 /opt/st/stm32cubeide_1.19.0/plugins/com.st.stm32cube.ide.mcu.externaltools.gnu-tools-for-stm32.13.3.rel1.linux64_1.0.0.202410170706/tools/bin/../lib/gcc/arm-none-eabi/13.3.1/thumb/v7-m/nofp/crtn.o
                0x0800344c                        . = ALIGN (0x4)
                0x0800344c                        _etext = .

.vfp11_veneer   0x0800344c        0x0
 .vfp11_veneer  0x0800344c        0x0 linker stubs

.v4_bx          0x0800344c        0x0
 .v4_bx         0x0800344c        0x0 linker stubs

.iplt           0x0800344c        0x0
 .iplt          0x0800344c        0x0 /opt/st/stm32cubeide_1.19.0/plugins/com.st.stm32cube.ide.mcu.externaltools.gnu-tools-for-stm32.13.3.rel1.linux64_1.0.0.202410170706/tools/bin/../lib/gcc/arm-none-eabi/13.3.1/thumb/v7-m/nofp/crtbegin.o

.rodata         0x0800344c      0x6e4
                0x0800344c                        . = ALIGN (0x4)
 *(.rodata)
 .rodata        0x0800344c       0xc7 ./Core/app/panel/panel.o
 *(.rodata*)
 *fill*         0x08003513        0x1 
 .rodata.OLED_F8x16
                0x08003514      0x5f0 ./Core/BSP/OLED/OLED.o
                0x08003514                OLED_F8x16
 .rodata.AHBPrescTable
                0x08003b04       0x10 ./Core/Src/system_stm32f1xx.o
                0x08003b04                AHBPrescTable
 .rodata.weights.0
                0x08003b14        0x8 ./Core/app/run/run.o
 .rodata.aPLLMULFactorTable.1
                0x08003b1c       0x10 ./Drivers/STM32F1xx_HAL_Driver/Src/stm32f1xx_hal_rcc.o
 .rodata.aPredivFactorTable.0
                0x08003b2c        0x2 ./Drivers/STM32F1xx_HAL_Driver/Src/stm32f1xx_hal_rcc.o
                0x08003b30                        . = ALIGN (0x4)
 *fill*         0x08003b2e        0x2 

.ARM.extab      0x08003b30        0x0
                0x08003b30                        . = ALIGN (0x4)
 *(.ARM.extab* .gnu.linkonce.armextab.*)
                0x08003b30                        . = ALIGN (0x4)

.ARM            0x08003b30        0x0
                0x08003b30                        . = ALIGN (0x4)
                0x08003b30                        __exidx_start = .
 *(.ARM.exidx*)
                0x08003b30                        __exidx_end = .
                0x08003b30                        . = ALIGN (0x4)

.preinit_array  0x08003b30        0x0
                0x08003b30                        . = ALIGN (0x4)
                0x08003b30                        PROVIDE (__preinit_array_start = .)
 *(.preinit_array*)
                0x08003b30                        PROVIDE (__preinit_array_end = .)
                0x08003b30                        . = ALIGN (0x4)

.init_array     0x08003b30        0x4
                0x08003b30                        . = ALIGN (0x4)
                0x08003b30                        PROVIDE (__init_array_start = .)
 *(SORT_BY_NAME(.init_array.*))
 *(.init_array*)
 .init_array    0x08003b30        0x4 /opt/st/stm32cubeide_1.19.0/plugins/com.st.stm32cube.ide.mcu.externaltools.gnu-tools-for-stm32.13.3.rel1.linux64_1.0.0.202410170706/tools/bin/../lib/gcc/arm-none-eabi/13.3.1/thumb/v7-m/nofp/crtbegin.o
                0x08003b34                        PROVIDE (__init_array_end = .)
                0x08003b34                        . = ALIGN (0x4)

.fini_array     0x08003b34        0x4
                0x08003b34                        . = ALIGN (0x4)
                [!provide]                        PROVIDE (__fini_array_start = .)
 *(SORT_BY_NAME(.fini_array.*))
 *(.fini_array*)
 .fini_array    0x08003b34        0x4 /opt/st/stm32cubeide_1.19.0/plugins/com.st.stm32cube.ide.mcu.externaltools.gnu-tools-for-stm32.13.3.rel1.linux64_1.0.0.202410170706/tools/bin/../lib/gcc/arm-none-eabi/13.3.1/thumb/v7-m/nofp/crtbegin.o
                [!provide]                        PROVIDE (__fini_array_end = .)
                0x08003b38                        . = ALIGN (0x4)
                0x08003b38                        _sidata = LOADADDR (.data)

.rel.dyn        0x08003b38        0x0
 .rel.iplt      0x08003b38        0x0 /opt/st/stm32cubeide_1.19.0/plugins/com.st.stm32cube.ide.mcu.externaltools.gnu-tools-for-stm32.13.3.rel1.linux64_1.0.0.202410170706/tools/bin/../lib/gcc/arm-none-eabi/13.3.1/thumb/v7-m/nofp/crtbegin.o

.data           0x20000000       0x1c load address 0x08003b38
                0x20000000                        . = ALIGN (0x4)
                0x20000000                        _sdata = .
 *(.data)
 *(.data*)
 .data.key_flag.0
                0x20000000        0x1 ./Core/BSP/KEY/key.o
 *fill*         0x20000001        0x3 
 .data.SystemCoreClock
                0x20000004        0x4 ./Core/Src/system_stm32f1xx.o
                0x20000004                SystemCoreClock
 .data.run_base_speed
                0x20000008        0x2 ./Core/app/run/run.o
 *fill*         0x2000000a        0x2 
 .data.run_kp   0x2000000c        0x4 ./Core/app/run/run.o
 .data.run_kd   0x20000010        0x4 ./Core/app/run/run.o
 .data.uwTickPrio
                0x20000014        0x4 ./Drivers/STM32F1xx_HAL_Driver/Src/stm32f1xx_hal.o
                0x20000014                uwTickPrio
 .data.uwTickFreq
                0x20000018        0x1 ./Drivers/STM32F1xx_HAL_Driver/Src/stm32f1xx_hal.o
                0x20000018                uwTickFreq
 *(.RamFunc)
 *(.RamFunc*)
                0x2000001c                        . = ALIGN (0x4)
 *fill*         0x20000019        0x3 
                0x2000001c                        _edata = .

.igot.plt       0x2000001c        0x0 load address 0x08003b54
 .igot.plt      0x2000001c        0x0 /opt/st/stm32cubeide_1.19.0/plugins/com.st.stm32cube.ide.mcu.externaltools.gnu-tools-for-stm32.13.3.rel1.linux64_1.0.0.202410170706/tools/bin/../lib/gcc/arm-none-eabi/13.3.1/thumb/v7-m/nofp/crtbegin.o
                0x2000001c                        . = ALIGN (0x4)

.bss            0x2000001c       0x78 load address 0x08003b54
                0x2000001c                        _sbss = .
                0x2000001c                        __bss_start__ = _sbss
 *(.bss)
 .bss           0x2000001c       0x1c /opt/st/stm32cubeide_1.19.0/plugins/com.st.stm32cube.ide.mcu.externaltools.gnu-tools-for-stm32.13.3.rel1.linux64_1.0.0.202410170706/tools/bin/../lib/gcc/arm-none-eabi/13.3.1/thumb/v7-m/nofp/crtbegin.o
 *(.bss*)
 .bss.htim3     0x20000038       0x48 ./Core/Src/main.o
                0x20000038                htim3
 .bss.g_panel_config
                0x20000080        0x4 ./Core/Src/main.o
                0x20000080                g_panel_config
 .bss.s_cfg     0x20000084        0x4 ./Core/app/panel/panel.o
 .bss.s_menu_page
                0x20000088        0x1 ./Core/app/panel/panel.o
 *fill*         0x20000089        0x3 
 .bss.run_last_error
                0x2000008c        0x4 ./Core/app/run/run.o
 .bss.uwTick    0x20000090        0x4 ./Drivers/STM32F1xx_HAL_Driver/Src/stm32f1xx_hal.o
                0x20000090                uwTick
 *(COMMON)
                0x20000094                        . = ALIGN (0x4)
                0x20000094                        _ebss = .
                0x20000094                        __bss_end__ = _ebss

._user_heap_stack
                0x20000094      0x604 load address 0x08003b54
                0x20000098                        . = ALIGN (0x8)
 *fill*         0x20000094        0x4 
                [!provide]                        PROVIDE (end = .)
                0x20000098                        PROVIDE (_end = .)
                0x20000298                        . = (. + _Min_Heap_Size)
 *fill*         0x20000098      0x200 
                0x20000698                        . = (. + _Min_Stack_Size)
 *fill*         0x20000298      0x400 
                0x20000698                        . = ALIGN (0x8)

/DISCARD/
 libc.a(*)
 libm.a(*)
 libgcc.a(*)

.ARM.attributes
                0x00000000       0x29
 *(.ARM.attributes)
 .ARM.attributes
                0x00000000       0x1d /opt/st/stm32cubeide_1.19.0/plugins/com.st.stm32cube.ide.mcu.externaltools.gnu-tools-for-stm32.13.3.rel1.linux64_1.0.0.202410170706/tools/bin/../lib/gcc/arm-none-eabi/13.3.1/thumb/v7-m/nofp/crti.o
 .ARM.attributes
                0x0000001d       0x2d /opt/st/stm32cubeide_1.19.0/plugins/com.st.stm32cube.ide.mcu.externaltools.gnu-tools-for-stm32.13.3.rel1.linux64_1.0.0.202410170706/tools/bin/../lib/gcc/arm-none-eabi/13.3.1/thumb/v7-m/nofp/crtbegin.o
 .ARM.attributes
                0x0000004a       0x2d ./Core/BSP/GRAY/gray.o
 .ARM.attributes
                0x00000077       0x2d ./Core/BSP/KEY/key.o
 .ARM.attributes
                0x000000a4       0x2d ./Core/BSP/LED/led.o
 .ARM.attributes
                0x000000d1       0x2d ./Core/BSP/M/motor.o
 .ARM.attributes
                0x000000fe       0x2d ./Core/BSP/MPU6050/MPU6050.o
 .ARM.attributes
                0x0000012b       0x2d ./Core/BSP/MPU6050/SoftIIC.o
 .ARM.attributes
                0x00000158       0x2d ./Core/BSP/OLED/OLED.o
 .ARM.attributes
                0x00000185       0x2d ./Core/Src/main.o
 .ARM.attributes
                0x000001b2       0x2d ./Core/Src/stm32f1xx_hal_msp.o
 .ARM.attributes
                0x000001df       0x2d ./Core/Src/stm32f1xx_it.o
 .ARM.attributes
                0x0000020c       0x2d ./Core/Src/system_stm32f1xx.o
 .ARM.attributes
                0x00000239       0x21 ./Core/Startup/startup_stm32f103c8tx.o
 .ARM.attributes
                0x0000025a       0x2d ./Core/app/panel/panel.o
 .ARM.attributes
                0x00000287       0x2d ./Core/app/run/run.o
 .ARM.attributes
                0x000002b4       0x2d ./Drivers/STM32F1xx_HAL_Driver/Src/stm32f1xx_hal.o
 .ARM.attributes
                0x000002e1       0x2d ./Drivers/STM32F1xx_HAL_Driver/Src/stm32f1xx_hal_cortex.o
 .ARM.attributes
                0x0000030e       0x2d ./Drivers/STM32F1xx_HAL_Driver/Src/stm32f1xx_hal_gpio.o
 .ARM.attributes
                0x0000033b       0x2d ./Drivers/STM32F1xx_HAL_Driver/Src/stm32f1xx_hal_rcc.o
 .ARM.attributes
                0x00000368       0x2d ./Drivers/STM32F1xx_HAL_Driver/Src/stm32f1xx_hal_tim.o
 .ARM.attributes
                0x00000395       0x2d ./Drivers/STM32F1xx_HAL_Driver/Src/stm32f1xx_hal_tim_ex.o
 .ARM.attributes
                0x000003c2       0x2d /opt/st/stm32cubeide_1.19.0/plugins/com.st.stm32cube.ide.mcu.externaltools.gnu-tools-for-stm32.13.3.rel1.linux64_1.0.0.202410170706/tools/bin/../lib/gcc/arm-none-eabi/13.3.1/../../../../arm-none-eabi/lib/thumb/v7-m/nofp/libc_nano.a(libc_a-memset.o)
 .ARM.attributes
                0x000003ef       0x2d /opt/st/stm32cubeide_1.19.0/plugins/com.st.stm32cube.ide.mcu.externaltools.gnu-tools-for-stm32.13.3.rel1.linux64_1.0.0.202410170706/tools/bin/../lib/gcc/arm-none-eabi/13.3.1/../../../../arm-none-eabi/lib/thumb/v7-m/nofp/libc_nano.a(libc_a-init.o)
 .ARM.attributes
                0x0000041c       0x1d /opt/st/stm32cubeide_1.19.0/plugins/com.st.stm32cube.ide.mcu.externaltools.gnu-tools-for-stm32.13.3.rel1.linux64_1.0.0.202410170706/tools/bin/../lib/gcc/arm-none-eabi/13.3.1/thumb/v7-m/nofp/libgcc.a(_arm_addsubsf3.o)
 .ARM.attributes
                0x00000439       0x1d /opt/st/stm32cubeide_1.19.0/plugins/com.st.stm32cube.ide.mcu.externaltools.gnu-tools-for-stm32.13.3.rel1.linux64_1.0.0.202410170706/tools/bin/../lib/gcc/arm-none-eabi/13.3.1/thumb/v7-m/nofp/libgcc.a(_arm_muldivsf3.o)
 .ARM.attributes
                0x00000456       0x1d /opt/st/stm32cubeide_1.19.0/plugins/com.st.stm32cube.ide.mcu.externaltools.gnu-tools-for-stm32.13.3.rel1.linux64_1.0.0.202410170706/tools/bin/../lib/gcc/arm-none-eabi/13.3.1/thumb/v7-m/nofp/libgcc.a(_arm_fixsfsi.o)
 .ARM.attributes
                0x00000473       0x1d /opt/st/stm32cubeide_1.19.0/plugins/com.st.stm32cube.ide.mcu.externaltools.gnu-tools-for-stm32.13.3.rel1.linux64_1.0.0.202410170706/tools/bin/../lib/gcc/arm-none-eabi/13.3.1/thumb/v7-m/nofp/crtn.o
OUTPUT(smart_car_training.elf elf32-littlearm)
LOAD linker stubs
LOAD /opt/st/stm32cubeide_1.19.0/plugins/com.st.stm32cube.ide.mcu.externaltools.gnu-tools-for-stm32.13.3.rel1.linux64_1.0.0.202410170706/tools/bin/../lib/gcc/arm-none-eabi/13.3.1/../../../../arm-none-eabi/lib/thumb/v7-m/nofp/libc.a
LOAD /opt/st/stm32cubeide_1.19.0/plugins/com.st.stm32cube.ide.mcu.externaltools.gnu-tools-for-stm32.13.3.rel1.linux64_1.0.0.202410170706/tools/bin/../lib/gcc/arm-none-eabi/13.3.1/../../../../arm-none-eabi/lib/thumb/v7-m/nofp/libm.a
LOAD /opt/st/stm32cubeide_1.19.0/plugins/com.st.stm32cube.ide.mcu.externaltools.gnu-tools-for-stm32.13.3.rel1.linux64_1.0.0.202410170706/tools/bin/../lib/gcc/arm-none-eabi/13.3.1/thumb/v7-m/nofp/libgcc.a

.debug_info     0x00000000     0x9a72
 .debug_info    0x00000000      0x37f ./Core/BSP/GRAY/gray.o
 .debug_info    0x0000037f      0x3e2 ./Core/BSP/KEY/key.o
 .debug_info    0x00000761      0x3ee ./Core/BSP/LED/led.o
 .debug_info    0x00000b4f      0x6d4 ./Core/BSP/M/motor.o
 .debug_info    0x00001223      0x322 ./Core/BSP/MPU6050/MPU6050.o
 .debug_info    0x00001545      0x38e ./Core/BSP/MPU6050/SoftIIC.o
 .debug_info    0x000018d3      0x67b ./Core/BSP/OLED/OLED.o
 .debug_info    0x00001f4e      0xbb4 ./Core/Src/main.o
 .debug_info    0x00002b02      0x900 ./Core/Src/stm32f1xx_hal_msp.o
 .debug_info    0x00003402      0x113 ./Core/Src/stm32f1xx_it.o
 .debug_info    0x00003515      0x222 ./Core/Src/system_stm32f1xx.o
 .debug_info    0x00003737       0x30 ./Core/Startup/startup_stm32f103c8tx.o
 .debug_info    0x00003767      0x3ac ./Core/app/panel/panel.o
 .debug_info    0x00003b13      0x260 ./Core/app/run/run.o
 .debug_info    0x00003d73      0x704 ./Drivers/STM32F1xx_HAL_Driver/Src/stm32f1xx_hal.o
 .debug_info    0x00004477      0xa87 ./Drivers/STM32F1xx_HAL_Driver/Src/stm32f1xx_hal_cortex.o
 .debug_info    0x00004efe      0x5ab ./Drivers/STM32F1xx_HAL_Driver/Src/stm32f1xx_hal_gpio.o
 .debug_info    0x000054a9      0x7d5 ./Drivers/STM32F1xx_HAL_Driver/Src/stm32f1xx_hal_rcc.o
 .debug_info    0x00005c7e     0x2959 ./Drivers/STM32F1xx_HAL_Driver/Src/stm32f1xx_hal_tim.o
 .debug_info    0x000085d7     0x149b ./Drivers/STM32F1xx_HAL_Driver/Src/stm32f1xx_hal_tim_ex.o

.debug_abbrev   0x00000000     0x23a2
 .debug_abbrev  0x00000000      0x1a4 ./Core/BSP/GRAY/gray.o
 .debug_abbrev  0x000001a4      0x1c8 ./Core/BSP/KEY/key.o
 .debug_abbrev  0x0000036c      0x1aa ./Core/BSP/LED/led.o
 .debug_abbrev  0x00000516      0x1ad ./Core/BSP/M/motor.o
 .debug_abbrev  0x000006c3      0x14d ./Core/BSP/MPU6050/MPU6050.o
 .debug_abbrev  0x00000810      0x1c2 ./Core/BSP/MPU6050/SoftIIC.o
 .debug_abbrev  0x000009d2      0x257 ./Core/BSP/OLED/OLED.o
 .debug_abbrev  0x00000c29      0x2cb ./Core/Src/main.o
 .debug_abbrev  0x00000ef4      0x1cf ./Core/Src/stm32f1xx_hal_msp.o
 .debug_abbrev  0x000010c3       0x73 ./Core/Src/stm32f1xx_it.o
 .debug_abbrev  0x00001136      0x13f ./Core/Src/system_stm32f1xx.o
 .debug_abbrev  0x00001275       0x24 ./Core/Startup/startup_stm32f103c8tx.o
 .debug_abbrev  0x00001299      0x16e ./Core/app/panel/panel.o
 .debug_abbrev  0x00001407      0x12c ./Core/app/run/run.o
 .debug_abbrev  0x00001533      0x201 ./Drivers/STM32F1xx_HAL_Driver/Src/stm32f1xx_hal.o
 .debug_abbrev  0x00001734      0x2f8 ./Drivers/STM32F1xx_HAL_Driver/Src/stm32f1xx_hal_cortex.o
 .debug_abbrev  0x00001a2c      0x1ca ./Drivers/STM32F1xx_HAL_Driver/Src/stm32f1xx_hal_gpio.o
 .debug_abbrev  0x00001bf6      0x2b3 ./Drivers/STM32F1xx_HAL_Driver/Src/stm32f1xx_hal_rcc.o
 .debug_abbrev  0x00001ea9      0x277 ./Drivers/STM32F1xx_HAL_Driver/Src/stm32f1xx_hal_tim.o
 .debug_abbrev  0x00002120      0x282 ./Drivers/STM32F1xx_HAL_Driver/Src/stm32f1xx_hal_tim_ex.o

.debug_aranges  0x00000000      0xc08
 .debug_aranges
                0x00000000       0x38 ./Core/BSP/GRAY/gray.o
 .debug_aranges
                0x00000038       0x38 ./Core/BSP/KEY/key.o
 .debug_aranges
                0x00000070       0x48 ./Core/BSP/LED/led.o
 .debug_aranges
                0x000000b8       0x38 ./Core/BSP/M/motor.o
 .debug_aranges
                0x000000f0       0x50 ./Core/BSP/MPU6050/MPU6050.o
 .debug_aranges
                0x00000140       0x68 ./Core/BSP/MPU6050/SoftIIC.o
 .debug_aranges
                0x000001a8       0xa0 ./Core/BSP/OLED/OLED.o
 .debug_aranges
                0x00000248       0x40 ./Core/Src/main.o
 .debug_aranges
                0x00000288       0x38 ./Core/Src/stm32f1xx_hal_msp.o
 .debug_aranges
                0x000002c0       0x60 ./Core/Src/stm32f1xx_it.o
 .debug_aranges
                0x00000320       0x28 ./Core/Src/system_stm32f1xx.o
 .debug_aranges
                0x00000348       0x28 ./Core/Startup/startup_stm32f103c8tx.o
 .debug_aranges
                0x00000370       0x60 ./Core/app/panel/panel.o
 .debug_aranges
                0x000003d0       0x38 ./Core/app/run/run.o
 .debug_aranges
                0x00000408       0xe0 ./Drivers/STM32F1xx_HAL_Driver/Src/stm32f1xx_hal.o
 .debug_aranges
                0x000004e8      0x100 ./Drivers/STM32F1xx_HAL_Driver/Src/stm32f1xx_hal_cortex.o
 .debug_aranges
                0x000005e8       0x58 ./Drivers/STM32F1xx_HAL_Driver/Src/stm32f1xx_hal_gpio.o
 .debug_aranges
                0x00000640       0x90 ./Drivers/STM32F1xx_HAL_Driver/Src/stm32f1xx_hal_rcc.o
 .debug_aranges
                0x000006d0      0x3d0 ./Drivers/STM32F1xx_HAL_Driver/Src/stm32f1xx_hal_tim.o
 .debug_aranges
                0x00000aa0      0x168 ./Drivers/STM32F1xx_HAL_Driver/Src/stm32f1xx_hal_tim_ex.o

.debug_rnglists
                0x00000000      0x91f
 .debug_rnglists
                0x00000000       0x29 ./Core/BSP/GRAY/gray.o
 .debug_rnglists
                0x00000029       0x27 ./Core/BSP/KEY/key.o
 .debug_rnglists
                0x00000050       0x32 ./Core/BSP/LED/led.o
 .debug_rnglists
                0x00000082       0x27 ./Core/BSP/M/motor.o
 .debug_rnglists
                0x000000a9       0x39 ./Core/BSP/MPU6050/MPU6050.o
 .debug_rnglists
                0x000000e2       0x49 ./Core/BSP/MPU6050/SoftIIC.o
 .debug_rnglists
                0x0000012b       0x78 ./Core/BSP/OLED/OLED.o
 .debug_rnglists
                0x000001a3       0x2e ./Core/Src/main.o
 .debug_rnglists
                0x000001d1       0x26 ./Core/Src/stm32f1xx_hal_msp.o
 .debug_rnglists
                0x000001f7       0x43 ./Core/Src/stm32f1xx_it.o
 .debug_rnglists
                0x0000023a       0x1a ./Core/Src/system_stm32f1xx.o
 .debug_rnglists
                0x00000254       0x19 ./Core/Startup/startup_stm32f103c8tx.o
 .debug_rnglists
                0x0000026d       0x44 ./Core/app/panel/panel.o
 .debug_rnglists
                0x000002b1       0x26 ./Core/app/run/run.o
 .debug_rnglists
                0x000002d7       0xa3 ./Drivers/STM32F1xx_HAL_Driver/Src/stm32f1xx_hal.o
 .debug_rnglists
                0x0000037a       0xbb ./Drivers/STM32F1xx_HAL_Driver/Src/stm32f1xx_hal_cortex.o
 .debug_rnglists
                0x00000435       0x3f ./Drivers/STM32F1xx_HAL_Driver/Src/stm32f1xx_hal_gpio.o
 .debug_rnglists
                0x00000474       0x6c ./Drivers/STM32F1xx_HAL_Driver/Src/stm32f1xx_hal_rcc.o
 .debug_rnglists
                0x000004e0      0x31a ./Drivers/STM32F1xx_HAL_Driver/Src/stm32f1xx_hal_tim.o
 .debug_rnglists
                0x000007fa      0x125 ./Drivers/STM32F1xx_HAL_Driver/Src/stm32f1xx_hal_tim_ex.o

.debug_macro    0x00000000    0x184a9
 .debug_macro   0x00000000      0x1b2 ./Core/BSP/GRAY/gray.o
 .debug_macro   0x000001b2      0xacc ./Core/BSP/GRAY/gray.o
 .debug_macro   0x00000c7e      0x21b ./Core/BSP/GRAY/gray.o
 .debug_macro   0x00000e99       0x2e ./Core/BSP/GRAY/gray.o
 .debug_macro   0x00000ec7       0x22 ./Core/BSP/GRAY/gray.o
 .debug_macro   0x00000ee9       0x22 ./Core/BSP/GRAY/gray.o
 .debug_macro   0x00000f0b       0x8e ./Core/BSP/GRAY/gray.o
 .debug_macro   0x00000f99       0x51 ./Core/BSP/GRAY/gray.o
 .debug_macro   0x00000fea      0x103 ./Core/BSP/GRAY/gray.o
 .debug_macro   0x000010ed       0x6a ./Core/BSP/GRAY/gray.o
 .debug_macro   0x00001157      0x1df ./Core/BSP/GRAY/gray.o
 .debug_macro   0x00001336       0x1c ./Core/BSP/GRAY/gray.o
 .debug_macro   0x00001352       0x22 ./Core/BSP/GRAY/gray.o
 .debug_macro   0x00001374       0xbd ./Core/BSP/GRAY/gray.o
 .debug_macro   0x00001431      0xd23 ./Core/BSP/GRAY/gray.o
 .debug_macro   0x00002154     0xe09e ./Core/BSP/GRAY/gray.o
 .debug_macro   0x000101f2       0x6d ./Core/BSP/GRAY/gray.o
 .debug_macro   0x0001025f     0x34a2 ./Core/BSP/GRAY/gray.o
 .debug_macro   0x00013701      0x190 ./Core/BSP/GRAY/gray.o
 .debug_macro   0x00013891       0x5c ./Core/BSP/GRAY/gray.o
 .debug_macro   0x000138ed      0x5bc ./Core/BSP/GRAY/gray.o
 .debug_macro   0x00013ea9      0x289 ./Core/BSP/GRAY/gray.o
 .debug_macro   0x00014132      0x1cb ./Core/BSP/GRAY/gray.o
 .debug_macro   0x000142fd      0x114 ./Core/BSP/GRAY/gray.o
 .debug_macro   0x00014411      0x1b2 ./Core/BSP/GRAY/gray.o
 .debug_macro   0x000145c3       0x27 ./Core/BSP/GRAY/gray.o
 .debug_macro   0x000145ea      0x136 ./Core/BSP/GRAY/gray.o
 .debug_macro   0x00014720      0x1bc ./Core/BSP/GRAY/gray.o
 .debug_macro   0x000148dc       0x34 ./Core/BSP/GRAY/gray.o
 .debug_macro   0x00014910       0x3c ./Core/BSP/GRAY/gray.o
 .debug_macro   0x0001494c       0x57 ./Core/BSP/GRAY/gray.o
 .debug_macro   0x000149a3       0x87 ./Core/BSP/GRAY/gray.o
 .debug_macro   0x00014a2a      0x240 ./Core/BSP/GRAY/gray.o
 .debug_macro   0x00014c6a      0x140 ./Core/BSP/GRAY/gray.o
 .debug_macro   0x00014daa      0x8ed ./Core/BSP/GRAY/gray.o
 .debug_macro   0x00015697       0x83 ./Core/BSP/GRAY/gray.o
 .debug_macro   0x0001571a       0x64 ./Core/BSP/GRAY/gray.o
 .debug_macro   0x0001577e      0x1b2 ./Core/BSP/KEY/key.o
 .debug_macro   0x00015930       0x28 ./Core/BSP/KEY/key.o
 .debug_macro   0x00015958      0x1a8 ./Core/BSP/LED/led.o
 .debug_macro   0x00015b00       0x28 ./Core/BSP/LED/led.o
 .debug_macro   0x00015b28      0x1c5 ./Core/BSP/M/motor.o
 .debug_macro   0x00015ced      0x270 ./Core/BSP/MPU6050/MPU6050.o
 .debug_macro   0x00015f5d       0x1c ./Core/BSP/MPU6050/MPU6050.o
 .debug_macro   0x00015f79       0x88 ./Core/BSP/MPU6050/MPU6050.o
 .debug_macro   0x00016001       0x61 ./Core/BSP/MPU6050/MPU6050.o
 .debug_macro   0x00016062       0x24 ./Core/BSP/MPU6050/MPU6050.o
 .debug_macro   0x00016086       0x43 ./Core/BSP/MPU6050/MPU6050.o
 .debug_macro   0x000160c9       0x34 ./Core/BSP/MPU6050/MPU6050.o
 .debug_macro   0x000160fd      0x370 ./Core/BSP/MPU6050/MPU6050.o
 .debug_macro   0x0001646d       0x16 ./Core/BSP/MPU6050/MPU6050.o
 .debug_macro   0x00016483       0x4a ./Core/BSP/MPU6050/MPU6050.o
 .debug_macro   0x000164cd       0x34 ./Core/BSP/MPU6050/MPU6050.o
 .debug_macro   0x00016501       0x10 ./Core/BSP/MPU6050/MPU6050.o
 .debug_macro   0x00016511       0x58 ./Core/BSP/MPU6050/MPU6050.o
 .debug_macro   0x00016569       0x8e ./Core/BSP/MPU6050/MPU6050.o
 .debug_macro   0x000165f7       0x1c ./Core/BSP/MPU6050/MPU6050.o
 .debug_macro   0x00016613      0x185 ./Core/BSP/MPU6050/MPU6050.o
 .debug_macro   0x00016798      0x19b ./Core/BSP/MPU6050/MPU6050.o
 .debug_macro   0x00016933      0x1ac ./Core/BSP/MPU6050/SoftIIC.o
 .debug_macro   0x00016adf      0x1b9 ./Core/BSP/OLED/OLED.o
 .debug_macro   0x00016c98      0x2c7 ./Core/Src/main.o
 .debug_macro   0x00016f5f       0x2e ./Core/Src/main.o
 .debug_macro   0x00016f8d       0x6a ./Core/Src/main.o
 .debug_macro   0x00016ff7       0x2e ./Core/Src/main.o
 .debug_macro   0x00017025       0x16 ./Core/Src/main.o
 .debug_macro   0x0001703b       0x3c ./Core/Src/main.o
 .debug_macro   0x00017077       0x10 ./Core/Src/main.o
 .debug_macro   0x00017087       0x16 ./Core/Src/main.o
 .debug_macro   0x0001709d       0x16 ./Core/Src/main.o
 .debug_macro   0x000170b3      0x146 ./Core/Src/main.o
 .debug_macro   0x000171f9      0x1a3 ./Core/Src/stm32f1xx_hal_msp.o
 .debug_macro   0x0001739c      0x1ad ./Core/Src/stm32f1xx_it.o
 .debug_macro   0x00017549      0x199 ./Core/Src/system_stm32f1xx.o
 .debug_macro   0x000176e2      0x1cf ./Core/app/panel/panel.o
 .debug_macro   0x000178b1      0x1c0 ./Core/app/run/run.o
 .debug_macro   0x00017a71      0x1bd ./Drivers/STM32F1xx_HAL_Driver/Src/stm32f1xx_hal.o
 .debug_macro   0x00017c2e      0x199 ./Drivers/STM32F1xx_HAL_Driver/Src/stm32f1xx_hal_cortex.o
 .debug_macro   0x00017dc7      0x204 ./Drivers/STM32F1xx_HAL_Driver/Src/stm32f1xx_hal_gpio.o
 .debug_macro   0x00017fcb      0x1ab ./Drivers/STM32F1xx_HAL_Driver/Src/stm32f1xx_hal_rcc.o
 .debug_macro   0x00018176      0x19a ./Drivers/STM32F1xx_HAL_Driver/Src/stm32f1xx_hal_tim.o
 .debug_macro   0x00018310      0x199 ./Drivers/STM32F1xx_HAL_Driver/Src/stm32f1xx_hal_tim_ex.o

.debug_line     0x00000000     0xdc92
 .debug_line    0x00000000      0x7a8 ./Core/BSP/GRAY/gray.o
 .debug_line    0x000007a8      0x6ea ./Core/BSP/KEY/key.o
 .debug_line    0x00000e92      0x6f5 ./Core/BSP/LED/led.o
 .debug_line    0x00001587      0x6d1 ./Core/BSP/M/motor.o
 .debug_line    0x00001c58      0x8af ./Core/BSP/MPU6050/MPU6050.o
 .debug_line    0x00002507      0x7b5 ./Core/BSP/MPU6050/SoftIIC.o
 .debug_line    0x00002cbc      0x9b0 ./Core/BSP/OLED/OLED.o
 .debug_line    0x0000366c      0xb2e ./Core/Src/main.o
 .debug_line    0x0000419a      0x69b ./Core/Src/stm32f1xx_hal_msp.o
 .debug_line    0x00004835      0x6d8 ./Core/Src/stm32f1xx_it.o
 .debug_line    0x00004f0d      0x6a8 ./Core/Src/system_stm32f1xx.o
 .debug_line    0x000055b5       0x78 ./Core/Startup/startup_stm32f103c8tx.o
 .debug_line    0x0000562d      0x948 ./Core/app/panel/panel.o
 .debug_line    0x00005f75      0x775 ./Core/app/run/run.o
 .debug_line    0x000066ea      0x8d9 ./Drivers/STM32F1xx_HAL_Driver/Src/stm32f1xx_hal.o
 .debug_line    0x00006fc3      0xaa3 ./Drivers/STM32F1xx_HAL_Driver/Src/stm32f1xx_hal_cortex.o
 .debug_line    0x00007a66      0x936 ./Drivers/STM32F1xx_HAL_Driver/Src/stm32f1xx_hal_gpio.o
 .debug_line    0x0000839c      0xd92 ./Drivers/STM32F1xx_HAL_Driver/Src/stm32f1xx_hal_rcc.o
 .debug_line    0x0000912e     0x33c7 ./Drivers/STM32F1xx_HAL_Driver/Src/stm32f1xx_hal_tim.o
 .debug_line    0x0000c4f5     0x179d ./Drivers/STM32F1xx_HAL_Driver/Src/stm32f1xx_hal_tim_ex.o

.debug_str      0x00000000    0x89001
 .debug_str     0x00000000    0x89001 ./Core/BSP/GRAY/gray.o
                              0x81db9 (size before relaxing)
 .debug_str     0x00089001    0x81cbb ./Core/BSP/KEY/key.o
 .debug_str     0x00089001    0x81d13 ./Core/BSP/LED/led.o
 .debug_str     0x00089001    0x820a3 ./Core/BSP/M/motor.o
 .debug_str     0x00089001    0x857f4 ./Core/BSP/MPU6050/MPU6050.o
 .debug_str     0x00089001    0x81c65 ./Core/BSP/MPU6050/SoftIIC.o
 .debug_str     0x00089001    0x81db5 ./Core/BSP/OLED/OLED.o
 .debug_str     0x00089001    0x85ee8 ./Core/Src/main.o
 .debug_str     0x00089001    0x82094 ./Core/Src/stm32f1xx_hal_msp.o
 .debug_str     0x00089001    0x81b44 ./Core/Src/stm32f1xx_it.o
 .debug_str     0x00089001    0x81b5a ./Core/Src/system_stm32f1xx.o
 .debug_str     0x00089001       0x83 ./Core/Startup/startup_stm32f103c8tx.o
 .debug_str     0x00089001    0x81f81 ./Core/app/panel/panel.o
 .debug_str     0x00089001    0x81d36 ./Core/app/run/run.o
 .debug_str     0x00089001    0x8228d ./Drivers/STM32F1xx_HAL_Driver/Src/stm32f1xx_hal.o
 .debug_str     0x00089001    0x821d9 ./Drivers/STM32F1xx_HAL_Driver/Src/stm32f1xx_hal_cortex.o
 .debug_str     0x00089001    0x81ee0 ./Drivers/STM32F1xx_HAL_Driver/Src/stm32f1xx_hal_gpio.o
 .debug_str     0x00089001    0x81f89 ./Drivers/STM32F1xx_HAL_Driver/Src/stm32f1xx_hal_rcc.o
 .debug_str     0x00089001    0x82f8b ./Drivers/STM32F1xx_HAL_Driver/Src/stm32f1xx_hal_tim.o
 .debug_str     0x00089001    0x82797 ./Drivers/STM32F1xx_HAL_Driver/Src/stm32f1xx_hal_tim_ex.o

.comment        0x00000000       0x43
 .comment       0x00000000       0x43 ./Core/BSP/GRAY/gray.o
                                 0x44 (size before relaxing)
 .comment       0x00000043       0x44 ./Core/BSP/KEY/key.o
 .comment       0x00000043       0x44 ./Core/BSP/LED/led.o
 .comment       0x00000043       0x44 ./Core/BSP/M/motor.o
 .comment       0x00000043       0x44 ./Core/BSP/MPU6050/MPU6050.o
 .comment       0x00000043       0x44 ./Core/BSP/MPU6050/SoftIIC.o
 .comment       0x00000043       0x44 ./Core/BSP/OLED/OLED.o
 .comment       0x00000043       0x44 ./Core/Src/main.o
 .comment       0x00000043       0x44 ./Core/Src/stm32f1xx_hal_msp.o
 .comment       0x00000043       0x44 ./Core/Src/stm32f1xx_it.o
 .comment       0x00000043       0x44 ./Core/Src/system_stm32f1xx.o
 .comment       0x00000043       0x44 ./Core/app/panel/panel.o
 .comment       0x00000043       0x44 ./Core/app/run/run.o
 .comment       0x00000043       0x44 ./Drivers/STM32F1xx_HAL_Driver/Src/stm32f1xx_hal.o
 .comment       0x00000043       0x44 ./Drivers/STM32F1xx_HAL_Driver/Src/stm32f1xx_hal_cortex.o
 .comment       0x00000043       0x44 ./Drivers/STM32F1xx_HAL_Driver/Src/stm32f1xx_hal_gpio.o
 .comment       0x00000043       0x44 ./Drivers/STM32F1xx_HAL_Driver/Src/stm32f1xx_hal_rcc.o
 .comment       0x00000043       0x44 ./Drivers/STM32F1xx_HAL_Driver/Src/stm32f1xx_hal_tim.o
 .comment       0x00000043       0x44 ./Drivers/STM32F1xx_HAL_Driver/Src/stm32f1xx_hal_tim_ex.o

.debug_frame    0x00000000     0x2fd4
 .debug_frame   0x00000000       0xa4 ./Core/BSP/GRAY/gray.o
 .debug_frame   0x000000a4       0x90 ./Core/BSP/KEY/key.o
 .debug_frame   0x00000134       0xe8 ./Core/BSP/LED/led.o
 .debug_frame   0x0000021c       0xa0 ./Core/BSP/M/motor.o
 .debug_frame   0x000002bc      0x108 ./Core/BSP/MPU6050/MPU6050.o
 .debug_frame   0x000003c4      0x168 ./Core/BSP/MPU6050/SoftIIC.o
 .debug_frame   0x0000052c      0x270 ./Core/BSP/OLED/OLED.o
 .debug_frame   0x0000079c       0xb4 ./Core/Src/main.o
 .debug_frame   0x00000850       0xac ./Core/Src/stm32f1xx_hal_msp.o
 .debug_frame   0x000008fc      0x104 ./Core/Src/stm32f1xx_it.o
 .debug_frame   0x00000a00       0x58 ./Core/Src/system_stm32f1xx.o
 .debug_frame   0x00000a58      0x134 ./Core/app/panel/panel.o
 .debug_frame   0x00000b8c       0xa4 ./Core/app/run/run.o
 .debug_frame   0x00000c30      0x334 ./Drivers/STM32F1xx_HAL_Driver/Src/stm32f1xx_hal.o
 .debug_frame   0x00000f64      0x428 ./Drivers/STM32F1xx_HAL_Driver/Src/stm32f1xx_hal_cortex.o
 .debug_frame   0x0000138c      0x14c ./Drivers/STM32F1xx_HAL_Driver/Src/stm32f1xx_hal_gpio.o
 .debug_frame   0x000014d8      0x218 ./Drivers/STM32F1xx_HAL_Driver/Src/stm32f1xx_hal_rcc.o
 .debug_frame   0x000016f0     0x11b8 ./Drivers/STM32F1xx_HAL_Driver/Src/stm32f1xx_hal_tim.o
 .debug_frame   0x000028a8      0x638 ./Drivers/STM32F1xx_HAL_Driver/Src/stm32f1xx_hal_tim_ex.o
 .debug_frame   0x00002ee0       0x20 /opt/st/stm32cubeide_1.19.0/plugins/com.st.stm32cube.ide.mcu.externaltools.gnu-tools-for-stm32.13.3.rel1.linux64_1.0.0.202410170706/tools/bin/../lib/gcc/arm-none-eabi/13.3.1/../../../../arm-none-eabi/lib/thumb/v7-m/nofp/libc_nano.a(libc_a-memset.o)
 .debug_frame   0x00002f00       0x2c /opt/st/stm32cubeide_1.19.0/plugins/com.st.stm32cube.ide.mcu.externaltools.gnu-tools-for-stm32.13.3.rel1.linux64_1.0.0.202410170706/tools/bin/../lib/gcc/arm-none-eabi/13.3.1/../../../../arm-none-eabi/lib/thumb/v7-m/nofp/libc_nano.a(libc_a-init.o)
 .debug_frame   0x00002f2c       0x4c /opt/st/stm32cubeide_1.19.0/plugins/com.st.stm32cube.ide.mcu.externaltools.gnu-tools-for-stm32.13.3.rel1.linux64_1.0.0.202410170706/tools/bin/../lib/gcc/arm-none-eabi/13.3.1/thumb/v7-m/nofp/libgcc.a(_arm_addsubsf3.o)
 .debug_frame   0x00002f78       0x38 /opt/st/stm32cubeide_1.19.0/plugins/com.st.stm32cube.ide.mcu.externaltools.gnu-tools-for-stm32.13.3.rel1.linux64_1.0.0.202410170706/tools/bin/../lib/gcc/arm-none-eabi/13.3.1/thumb/v7-m/nofp/libgcc.a(_arm_muldivsf3.o)
 .debug_frame   0x00002fb0       0x24 /opt/st/stm32cubeide_1.19.0/plugins/com.st.stm32cube.ide.mcu.externaltools.gnu-tools-for-stm32.13.3.rel1.linux64_1.0.0.202410170706/tools/bin/../lib/gcc/arm-none-eabi/13.3.1/thumb/v7-m/nofp/libgcc.a(_arm_fixsfsi.o)

.debug_line_str
                0x00000000       0x67
 .debug_line_str
                0x00000000       0x67 ./Core/Startup/startup_stm32f103c8tx.o
