18:57:33 **** Incremental Build of configuration Debug for project smart_car_training ****
make -j16 all 
arm-none-eabi-gcc "../Core/app/timer/lap_timer.c" -mcpu=cortex-m3 -std=gnu11 -g3 -DDEBUG -DUSE_HAL_DRIVER -DSTM32F103xB -c -I../Core/Inc -I../Drivers/STM32F1xx_HAL_Driver/Inc/Legacy -I../Drivers/STM32F1xx_HAL_Driver/Inc -I../Drivers/CMSIS/Device/ST/STM32F1xx/Include -I../Drivers/CMSIS/Include -I"/home/h/STM32CubeIDE/workspace_1.19.0/smart_car_training/Core/BSP/LED" -I"/home/h/STM32CubeIDE/workspace_1.19.0/smart_car_training/Core/BSP/KEY" -I"/home/h/STM32CubeIDE/workspace_1.19.0/smart_car_training/Core/BSP/OLED" -I"/home/h/STM32CubeIDE/workspace_1.19.0/smart_car_training/Core/BSP/MPU6050" -I"/home/h/STM32CubeIDE/workspace_1.19.0/smart_car_training/Core/BSP/M" -I"/home/h/STM32CubeIDE/workspace_1.19.0/smart_car_training/Core/BSP/GRAY" -I"/home/h/STM32CubeIDE/workspace_1.19.0/smart_car_training/Core/app/run" -I"/home/h/STM32CubeIDE/workspace_1.19.0/smart_car_training/Core/BSP/UART" -I"/home/h/STM32CubeIDE/workspace_1.19.0/smart_car_training/Core/app/hrun" -I"/home/h/STM32CubeIDE/workspace_1.19.0/smart_car_training/Core/app/set_parameter" -I"/home/h/STM32CubeIDE/workspace_1.19.0/smart_car_training/Core/BSP/float" -O0 -ffunction-sections -fdata-sections -Wall -fstack-usage -fcyclomatic-complexity -MMD -MP -MF"Core/app/timer/lap_timer.d" -MT"Core/app/timer/lap_timer.o" --specs=nano.specs -mfloat-abi=soft -mthumb -o "Core/app/timer/lap_timer.o"
arm-none-eabi-gcc "../Core/app/set_parameter/set.c" -mcpu=cortex-m3 -std=gnu11 -g3 -DDEBUG -DUSE_HAL_DRIVER -DSTM32F103xB -c -I../Core/Inc -I../Drivers/STM32F1xx_HAL_Driver/Inc/Legacy -I../Drivers/STM32F1xx_HAL_Driver/Inc -I../Drivers/CMSIS/Device/ST/STM32F1xx/Include -I../Drivers/CMSIS/Include -I"/home/h/STM32CubeIDE/workspace_1.19.0/smart_car_training/Core/BSP/LED" -I"/home/h/STM32CubeIDE/workspace_1.19.0/smart_car_training/Core/BSP/KEY" -I"/home/h/STM32CubeIDE/workspace_1.19.0/smart_car_training/Core/BSP/OLED" -I"/home/h/STM32CubeIDE/workspace_1.19.0/smart_car_training/Core/BSP/MPU6050" -I"/home/h/STM32CubeIDE/workspace_1.19.0/smart_car_training/Core/BSP/M" -I"/home/h/STM32CubeIDE/workspace_1.19.0/smart_car_training/Core/BSP/GRAY" -I"/home/h/STM32CubeIDE/workspace_1.19.0/smart_car_training/Core/app/run" -I"/home/h/STM32CubeIDE/workspace_1.19.0/smart_car_training/Core/BSP/UART" -I"/home/h/STM32CubeIDE/workspace_1.19.0/smart_car_training/Core/app/hrun" -I"/home/h/STM32CubeIDE/workspace_1.19.0/smart_car_training/Core/app/set_parameter" -I"/home/h/STM32CubeIDE/workspace_1.19.0/smart_car_training/Core/BSP/float" -O0 -ffunction-sections -fdata-sections -Wall -fstack-usage -fcyclomatic-complexity -MMD -MP -MF"Core/app/set_parameter/set.d" -MT"Core/app/set_parameter/set.o" --specs=nano.specs -mfloat-abi=soft -mthumb -o "Core/app/set_parameter/set.o"
arm-none-eabi-gcc "../Core/app/run/run.c" -mcpu=cortex-m3 -std=gnu11 -g3 -DDEBUG -DUSE_HAL_DRIVER -DSTM32F103xB -c -I../Core/Inc -I../Drivers/STM32F1xx_HAL_Driver/Inc/Legacy -I../Drivers/STM32F1xx_HAL_Driver/Inc -I../Drivers/CMSIS/Device/ST/STM32F1xx/Include -I../Drivers/CMSIS/Include -I"/home/h/STM32CubeIDE/workspace_1.19.0/smart_car_training/Core/BSP/LED" -I"/home/h/STM32CubeIDE/workspace_1.19.0/smart_car_training/Core/BSP/KEY" -I"/home/h/STM32CubeIDE/workspace_1.19.0/smart_car_training/Core/BSP/OLED" -I"/home/h/STM32CubeIDE/workspace_1.19.0/smart_car_training/Core/BSP/MPU6050" -I"/home/h/STM32CubeIDE/workspace_1.19.0/smart_car_training/Core/BSP/M" -I"/home/h/STM32CubeIDE/workspace_1.19.0/smart_car_training/Core/BSP/GRAY" -I"/home/h/STM32CubeIDE/workspace_1.19.0/smart_car_training/Core/app/run" -I"/home/h/STM32CubeIDE/workspace_1.19.0/smart_car_training/Core/BSP/UART" -I"/home/h/STM32CubeIDE/workspace_1.19.0/smart_car_training/Core/app/hrun" -I"/home/h/STM32CubeIDE/workspace_1.19.0/smart_car_training/Core/app/set_parameter" -I"/home/h/STM32CubeIDE/workspace_1.19.0/smart_car_training/Core/BSP/float" -O0 -ffunction-sections -fdata-sections -Wall -fstack-usage -fcyclomatic-complexity -MMD -MP -MF"Core/app/run/run.d" -MT"Core/app/run/run.o" --specs=nano.specs -mfloat-abi=soft -mthumb -o "Core/app/run/run.o"
arm-none-eabi-gcc "../Core/app/hrun/hrun.c" -mcpu=cortex-m3 -std=gnu11 -g3 -DDEBUG -DUSE_HAL_DRIVER -DSTM32F103xB -c -I../Core/Inc -I../Drivers/STM32F1xx_HAL_Driver/Inc/Legacy -I../Drivers/STM32F1xx_HAL_Driver/Inc -I../Drivers/CMSIS/Device/ST/STM32F1xx/Include -I../Drivers/CMSIS/Include -I"/home/h/STM32CubeIDE/workspace_1.19.0/smart_car_training/Core/BSP/LED" -I"/home/h/STM32CubeIDE/workspace_1.19.0/smart_car_training/Core/BSP/KEY" -I"/home/h/STM32CubeIDE/workspace_1.19.0/smart_car_training/Core/BSP/OLED" -I"/home/h/STM32CubeIDE/workspace_1.19.0/smart_car_training/Core/BSP/MPU6050" -I"/home/h/STM32CubeIDE/workspace_1.19.0/smart_car_training/Core/BSP/M" -I"/home/h/STM32CubeIDE/workspace_1.19.0/smart_car_training/Core/BSP/GRAY" -I"/home/h/STM32CubeIDE/workspace_1.19.0/smart_car_training/Core/app/run" -I"/home/h/STM32CubeIDE/workspace_1.19.0/smart_car_training/Core/BSP/UART" -I"/home/h/STM32CubeIDE/workspace_1.19.0/smart_car_training/Core/app/hrun" -I"/home/h/STM32CubeIDE/workspace_1.19.0/smart_car_training/Core/app/set_parameter" -I"/home/h/STM32CubeIDE/workspace_1.19.0/smart_car_training/Core/BSP/float" -O0 -ffunction-sections -fdata-sections -Wall -fstack-usage -fcyclomatic-complexity -MMD -MP -MF"Core/app/hrun/hrun.d" -MT"Core/app/hrun/hrun.o" --specs=nano.specs -mfloat-abi=soft -mthumb -o "Core/app/hrun/hrun.o"
arm-none-eabi-gcc "../Core/Src/main.c" -mcpu=cortex-m3 -std=gnu11 -g3 -DDEBUG -DUSE_HAL_DRIVER -DSTM32F103xB -c -I../Core/Inc -I../Drivers/STM32F1xx_HAL_Driver/Inc/Legacy -I../Drivers/STM32F1xx_HAL_Driver/Inc -I../Drivers/CMSIS/Device/ST/STM32F1xx/Include -I../Drivers/CMSIS/Include -I"/home/h/STM32CubeIDE/workspace_1.19.0/smart_car_training/Core/BSP/LED" -I"/home/h/STM32CubeIDE/workspace_1.19.0/smart_car_training/Core/BSP/KEY" -I"/home/h/STM32CubeIDE/workspace_1.19.0/smart_car_training/Core/BSP/OLED" -I"/home/h/STM32CubeIDE/workspace_1.19.0/smart_car_training/Core/BSP/MPU6050" -I"/home/h/STM32CubeIDE/workspace_1.19.0/smart_car_training/Core/BSP/M" -I"/home/h/STM32CubeIDE/workspace_1.19.0/smart_car_training/Core/BSP/GRAY" -I"/home/h/STM32CubeIDE/workspace_1.19.0/smart_car_training/Core/app/run" -I"/home/h/STM32CubeIDE/workspace_1.19.0/smart_car_training/Core/BSP/UART" -I"/home/h/STM32CubeIDE/workspace_1.19.0/smart_car_training/Core/app/hrun" -I"/home/h/STM32CubeIDE/workspace_1.19.0/smart_car_training/Core/app/set_parameter" -I"/home/h/STM32CubeIDE/workspace_1.19.0/smart_car_training/Core/BSP/float" -O0 -ffunction-sections -fdata-sections -Wall -fstack-usage -fcyclomatic-complexity -MMD -MP -MF"Core/Src/main.d" -MT"Core/Src/main.o" --specs=nano.specs -mfloat-abi=soft -mthumb -o "Core/Src/main.o"
arm-none-eabi-gcc "../Core/Src/stm32f1xx_hal_msp.c" -mcpu=cortex-m3 -std=gnu11 -g3 -DDEBUG -DUSE_HAL_DRIVER -DSTM32F103xB -c -I../Core/Inc -I../Drivers/STM32F1xx_HAL_Driver/Inc/Legacy -I../Drivers/STM32F1xx_HAL_Driver/Inc -I../Drivers/CMSIS/Device/ST/STM32F1xx/Include -I../Drivers/CMSIS/Include -I"/home/h/STM32CubeIDE/workspace_1.19.0/smart_car_training/Core/BSP/LED" -I"/home/h/STM32CubeIDE/workspace_1.19.0/smart_car_training/Core/BSP/KEY" -I"/home/h/STM32CubeIDE/workspace_1.19.0/smart_car_training/Core/BSP/OLED" -I"/home/h/STM32CubeIDE/workspace_1.19.0/smart_car_training/Core/BSP/MPU6050" -I"/home/h/STM32CubeIDE/workspace_1.19.0/smart_car_training/Core/BSP/M" -I"/home/h/STM32CubeIDE/workspace_1.19.0/smart_car_training/Core/BSP/GRAY" -I"/home/h/STM32CubeIDE/workspace_1.19.0/smart_car_training/Core/app/run" -I"/home/h/STM32CubeIDE/workspace_1.19.0/smart_car_training/Core/BSP/UART" -I"/home/h/STM32CubeIDE/workspace_1.19.0/smart_car_training/Core/app/hrun" -I"/home/h/STM32CubeIDE/workspace_1.19.0/smart_car_training/Core/app/set_parameter" -I"/home/h/STM32CubeIDE/workspace_1.19.0/smart_car_training/Core/BSP/float" -O0 -ffunction-sections -fdata-sections -Wall -fstack-usage -fcyclomatic-complexity -MMD -MP -MF"Core/Src/stm32f1xx_hal_msp.d" -MT"Core/Src/stm32f1xx_hal_msp.o" --specs=nano.specs -mfloat-abi=soft -mthumb -o "Core/Src/stm32f1xx_hal_msp.o"
arm-none-eabi-gcc "../Core/Src/stm32f1xx_it.c" -mcpu=cortex-m3 -std=gnu11 -g3 -DDEBUG -DUSE_HAL_DRIVER -DSTM32F103xB -c -I../Core/Inc -I../Drivers/STM32F1xx_HAL_Driver/Inc/Legacy -I../Drivers/STM32F1xx_HAL_Driver/Inc -I../Drivers/CMSIS/Device/ST/STM32F1xx/Include -I../Drivers/CMSIS/Include -I"/home/h/STM32CubeIDE/workspace_1.19.0/smart_car_training/Core/BSP/LED" -I"/home/h/STM32CubeIDE/workspace_1.19.0/smart_car_training/Core/BSP/KEY" -I"/home/h/STM32CubeIDE/workspace_1.19.0/smart_car_training/Core/BSP/OLED" -I"/home/h/STM32CubeIDE/workspace_1.19.0/smart_car_training/Core/BSP/MPU6050" -I"/home/h/STM32CubeIDE/workspace_1.19.0/smart_car_training/Core/BSP/M" -I"/home/h/STM32CubeIDE/workspace_1.19.0/smart_car_training/Core/BSP/GRAY" -I"/home/h/STM32CubeIDE/workspace_1.19.0/smart_car_training/Core/app/run" -I"/home/h/STM32CubeIDE/workspace_1.19.0/smart_car_training/Core/BSP/UART" -I"/home/h/STM32CubeIDE/workspace_1.19.0/smart_car_training/Core/app/hrun" -I"/home/h/STM32CubeIDE/workspace_1.19.0/smart_car_training/Core/app/set_parameter" -I"/home/h/STM32CubeIDE/workspace_1.19.0/smart_car_training/Core/BSP/float" -O0 -ffunction-sections -fdata-sections -Wall -fstack-usage -fcyclomatic-complexity -MMD -MP -MF"Core/Src/stm32f1xx_it.d" -MT"Core/Src/stm32f1xx_it.o" --specs=nano.specs -mfloat-abi=soft -mthumb -o "Core/Src/stm32f1xx_it.o"
arm-none-eabi-gcc "../Core/Src/syscalls.c" -mcpu=cortex-m3 -std=gnu11 -g3 -DDEBUG -DUSE_HAL_DRIVER -DSTM32F103xB -c -I../Core/Inc -I../Drivers/STM32F1xx_HAL_Driver/Inc/Legacy -I../Drivers/STM32F1xx_HAL_Driver/Inc -I../Drivers/CMSIS/Device/ST/STM32F1xx/Include -I../Drivers/CMSIS/Include -I"/home/h/STM32CubeIDE/workspace_1.19.0/smart_car_training/Core/BSP/LED" -I"/home/h/STM32CubeIDE/workspace_1.19.0/smart_car_training/Core/BSP/KEY" -I"/home/h/STM32CubeIDE/workspace_1.19.0/smart_car_training/Core/BSP/OLED" -I"/home/h/STM32CubeIDE/workspace_1.19.0/smart_car_training/Core/BSP/MPU6050" -I"/home/h/STM32CubeIDE/workspace_1.19.0/smart_car_training/Core/BSP/M" -I"/home/h/STM32CubeIDE/workspace_1.19.0/smart_car_training/Core/BSP/GRAY" -I"/home/h/STM32CubeIDE/workspace_1.19.0/smart_car_training/Core/app/run" -I"/home/h/STM32CubeIDE/workspace_1.19.0/smart_car_training/Core/BSP/UART" -I"/home/h/STM32CubeIDE/workspace_1.19.0/smart_car_training/Core/app/hrun" -I"/home/h/STM32CubeIDE/workspace_1.19.0/smart_car_training/Core/app/set_parameter" -I"/home/h/STM32CubeIDE/workspace_1.19.0/smart_car_training/Core/BSP/float" -O0 -ffunction-sections -fdata-sections -Wall -fstack-usage -fcyclomatic-complexity -MMD -MP -MF"Core/Src/syscalls.d" -MT"Core/Src/syscalls.o" --specs=nano.specs -mfloat-abi=soft -mthumb -o "Core/Src/syscalls.o"
arm-none-eabi-gcc "../Core/Src/sysmem.c" -mcpu=cortex-m3 -std=gnu11 -g3 -DDEBUG -DUSE_HAL_DRIVER -DSTM32F103xB -c -I../Core/Inc -I../Drivers/STM32F1xx_HAL_Driver/Inc/Legacy -I../Drivers/STM32F1xx_HAL_Driver/Inc -I../Drivers/CMSIS/Device/ST/STM32F1xx/Include -I../Drivers/CMSIS/Include -I"/home/h/STM32CubeIDE/workspace_1.19.0/smart_car_training/Core/BSP/LED" -I"/home/h/STM32CubeIDE/workspace_1.19.0/smart_car_training/Core/BSP/KEY" -I"/home/h/STM32CubeIDE/workspace_1.19.0/smart_car_training/Core/BSP/OLED" -I"/home/h/STM32CubeIDE/workspace_1.19.0/smart_car_training/Core/BSP/MPU6050" -I"/home/h/STM32CubeIDE/workspace_1.19.0/smart_car_training/Core/BSP/M" -I"/home/h/STM32CubeIDE/workspace_1.19.0/smart_car_training/Core/BSP/GRAY" -I"/home/h/STM32CubeIDE/workspace_1.19.0/smart_car_training/Core/app/run" -I"/home/h/STM32CubeIDE/workspace_1.19.0/smart_car_training/Core/BSP/UART" -I"/home/h/STM32CubeIDE/workspace_1.19.0/smart_car_training/Core/app/hrun" -I"/home/h/STM32CubeIDE/workspace_1.19.0/smart_car_training/Core/app/set_parameter" -I"/home/h/STM32CubeIDE/workspace_1.19.0/smart_car_training/Core/BSP/float" -O0 -ffunction-sections -fdata-sections -Wall -fstack-usage -fcyclomatic-complexity -MMD -MP -MF"Core/Src/sysmem.d" -MT"Core/Src/sysmem.o" --specs=nano.specs -mfloat-abi=soft -mthumb -o "Core/Src/sysmem.o"
arm-none-eabi-gcc "../Core/Src/system_stm32f1xx.c" -mcpu=cortex-m3 -std=gnu11 -g3 -DDEBUG -DUSE_HAL_DRIVER -DSTM32F103xB -c -I../Core/Inc -I../Drivers/STM32F1xx_HAL_Driver/Inc/Legacy -I../Drivers/STM32F1xx_HAL_Driver/Inc -I../Drivers/CMSIS/Device/ST/STM32F1xx/Include -I../Drivers/CMSIS/Include -I"/home/h/STM32CubeIDE/workspace_1.19.0/smart_car_training/Core/BSP/LED" -I"/home/h/STM32CubeIDE/workspace_1.19.0/smart_car_training/Core/BSP/KEY" -I"/home/h/STM32CubeIDE/workspace_1.19.0/smart_car_training/Core/BSP/OLED" -I"/home/h/STM32CubeIDE/workspace_1.19.0/smart_car_training/Core/BSP/MPU6050" -I"/home/h/STM32CubeIDE/workspace_1.19.0/smart_car_training/Core/BSP/M" -I"/home/h/STM32CubeIDE/workspace_1.19.0/smart_car_training/Core/BSP/GRAY" -I"/home/h/STM32CubeIDE/workspace_1.19.0/smart_car_training/Core/app/run" -I"/home/h/STM32CubeIDE/workspace_1.19.0/smart_car_training/Core/BSP/UART" -I"/home/h/STM32CubeIDE/workspace_1.19.0/smart_car_training/Core/app/hrun" -I"/home/h/STM32CubeIDE/workspace_1.19.0/smart_car_training/Core/app/set_parameter" -I"/home/h/STM32CubeIDE/workspace_1.19.0/smart_car_training/Core/BSP/float" -O0 -ffunction-sections -fdata-sections -Wall -fstack-usage -fcyclomatic-complexity -MMD -MP -MF"Core/Src/system_stm32f1xx.d" -MT"Core/Src/system_stm32f1xx.o" --specs=nano.specs -mfloat-abi=soft -mthumb -o "Core/Src/system_stm32f1xx.o"
arm-none-eabi-gcc "../Core/BSP/float/float.c" -mcpu=cortex-m3 -std=gnu11 -g3 -DDEBUG -DUSE_HAL_DRIVER -DSTM32F103xB -c -I../Core/Inc -I../Drivers/STM32F1xx_HAL_Driver/Inc/Legacy -I../Drivers/STM32F1xx_HAL_Driver/Inc -I../Drivers/CMSIS/Device/ST/STM32F1xx/Include -I../Drivers/CMSIS/Include -I"/home/h/STM32CubeIDE/workspace_1.19.0/smart_car_training/Core/BSP/LED" -I"/home/h/STM32CubeIDE/workspace_1.19.0/smart_car_training/Core/BSP/KEY" -I"/home/h/STM32CubeIDE/workspace_1.19.0/smart_car_training/Core/BSP/OLED" -I"/home/h/STM32CubeIDE/workspace_1.19.0/smart_car_training/Core/BSP/MPU6050" -I"/home/h/STM32CubeIDE/workspace_1.19.0/smart_car_training/Core/BSP/M" -I"/home/h/STM32CubeIDE/workspace_1.19.0/smart_car_training/Core/BSP/GRAY" -I"/home/h/STM32CubeIDE/workspace_1.19.0/smart_car_training/Core/app/run" -I"/home/h/STM32CubeIDE/workspace_1.19.0/smart_car_training/Core/BSP/UART" -I"/home/h/STM32CubeIDE/workspace_1.19.0/smart_car_training/Core/app/hrun" -I"/home/h/STM32CubeIDE/workspace_1.19.0/smart_car_training/Core/app/set_parameter" -I"/home/h/STM32CubeIDE/workspace_1.19.0/smart_car_training/Core/BSP/float" -O0 -ffunction-sections -fdata-sections -Wall -fstack-usage -fcyclomatic-complexity -MMD -MP -MF"Core/BSP/float/float.d" -MT"Core/BSP/float/float.o" --specs=nano.specs -mfloat-abi=soft -mthumb -o "Core/BSP/float/float.o"
arm-none-eabi-gcc "../Core/BSP/UART/usart.c" -mcpu=cortex-m3 -std=gnu11 -g3 -DDEBUG -DUSE_HAL_DRIVER -DSTM32F103xB -c -I../Core/Inc -I../Drivers/STM32F1xx_HAL_Driver/Inc/Legacy -I../Drivers/STM32F1xx_HAL_Driver/Inc -I../Drivers/CMSIS/Device/ST/STM32F1xx/Include -I../Drivers/CMSIS/Include -I"/home/h/STM32CubeIDE/workspace_1.19.0/smart_car_training/Core/BSP/LED" -I"/home/h/STM32CubeIDE/workspace_1.19.0/smart_car_training/Core/BSP/KEY" -I"/home/h/STM32CubeIDE/workspace_1.19.0/smart_car_training/Core/BSP/OLED" -I"/home/h/STM32CubeIDE/workspace_1.19.0/smart_car_training/Core/BSP/MPU6050" -I"/home/h/STM32CubeIDE/workspace_1.19.0/smart_car_training/Core/BSP/M" -I"/home/h/STM32CubeIDE/workspace_1.19.0/smart_car_training/Core/BSP/GRAY" -I"/home/h/STM32CubeIDE/workspace_1.19.0/smart_car_training/Core/app/run" -I"/home/h/STM32CubeIDE/workspace_1.19.0/smart_car_training/Core/BSP/UART" -I"/home/h/STM32CubeIDE/workspace_1.19.0/smart_car_training/Core/app/hrun" -I"/home/h/STM32CubeIDE/workspace_1.19.0/smart_car_training/Core/app/set_parameter" -I"/home/h/STM32CubeIDE/workspace_1.19.0/smart_car_training/Core/BSP/float" -O0 -ffunction-sections -fdata-sections -Wall -fstack-usage -fcyclomatic-complexity -MMD -MP -MF"Core/BSP/UART/usart.d" -MT"Core/BSP/UART/usart.o" --specs=nano.specs -mfloat-abi=soft -mthumb -o "Core/BSP/UART/usart.o"
arm-none-eabi-gcc "../Core/BSP/OLED/OLED.c" -mcpu=cortex-m3 -std=gnu11 -g3 -DDEBUG -DUSE_HAL_DRIVER -DSTM32F103xB -c -I../Core/Inc -I../Drivers/STM32F1xx_HAL_Driver/Inc/Legacy -I../Drivers/STM32F1xx_HAL_Driver/Inc -I../Drivers/CMSIS/Device/ST/STM32F1xx/Include -I../Drivers/CMSIS/Include -I"/home/h/STM32CubeIDE/workspace_1.19.0/smart_car_training/Core/BSP/LED" -I"/home/h/STM32CubeIDE/workspace_1.19.0/smart_car_training/Core/BSP/KEY" -I"/home/h/STM32CubeIDE/workspace_1.19.0/smart_car_training/Core/BSP/OLED" -I"/home/h/STM32CubeIDE/workspace_1.19.0/smart_car_training/Core/BSP/MPU6050" -I"/home/h/STM32CubeIDE/workspace_1.19.0/smart_car_training/Core/BSP/M" -I"/home/h/STM32CubeIDE/workspace_1.19.0/smart_car_training/Core/BSP/GRAY" -I"/home/h/STM32CubeIDE/workspace_1.19.0/smart_car_training/Core/app/run" -I"/home/h/STM32CubeIDE/workspace_1.19.0/smart_car_training/Core/BSP/UART" -I"/home/h/STM32CubeIDE/workspace_1.19.0/smart_car_training/Core/app/hrun" -I"/home/h/STM32CubeIDE/workspace_1.19.0/smart_car_training/Core/app/set_parameter" -I"/home/h/STM32CubeIDE/workspace_1.19.0/smart_car_training/Core/BSP/float" -O0 -ffunction-sections -fdata-sections -Wall -fstack-usage -fcyclomatic-complexity -MMD -MP -MF"Core/BSP/OLED/OLED.d" -MT"Core/BSP/OLED/OLED.o" --specs=nano.specs -mfloat-abi=soft -mthumb -o "Core/BSP/OLED/OLED.o"
arm-none-eabi-gcc "../Core/BSP/MPU6050/MPU6050.c" -mcpu=cortex-m3 -std=gnu11 -g3 -DDEBUG -DUSE_HAL_DRIVER -DSTM32F103xB -c -I../Core/Inc -I../Drivers/STM32F1xx_HAL_Driver/Inc/Legacy -I../Drivers/STM32F1xx_HAL_Driver/Inc -I../Drivers/CMSIS/Device/ST/STM32F1xx/Include -I../Drivers/CMSIS/Include -I"/home/h/STM32CubeIDE/workspace_1.19.0/smart_car_training/Core/BSP/LED" -I"/home/h/STM32CubeIDE/workspace_1.19.0/smart_car_training/Core/BSP/KEY" -I"/home/h/STM32CubeIDE/workspace_1.19.0/smart_car_training/Core/BSP/OLED" -I"/home/h/STM32CubeIDE/workspace_1.19.0/smart_car_training/Core/BSP/MPU6050" -I"/home/h/STM32CubeIDE/workspace_1.19.0/smart_car_training/Core/BSP/M" -I"/home/h/STM32CubeIDE/workspace_1.19.0/smart_car_training/Core/BSP/GRAY" -I"/home/h/STM32CubeIDE/workspace_1.19.0/smart_car_training/Core/app/run" -I"/home/h/STM32CubeIDE/workspace_1.19.0/smart_car_training/Core/BSP/UART" -I"/home/h/STM32CubeIDE/workspace_1.19.0/smart_car_training/Core/app/hrun" -I"/home/h/STM32CubeIDE/workspace_1.19.0/smart_car_training/Core/app/set_parameter" -I"/home/h/STM32CubeIDE/workspace_1.19.0/smart_car_training/Core/BSP/float" -O0 -ffunction-sections -fdata-sections -Wall -fstack-usage -fcyclomatic-complexity -MMD -MP -MF"Core/BSP/MPU6050/MPU6050.d" -MT"Core/BSP/MPU6050/MPU6050.o" --specs=nano.specs -mfloat-abi=soft -mthumb -o "Core/BSP/MPU6050/MPU6050.o"
arm-none-eabi-gcc "../Core/BSP/MPU6050/SoftIIC.c" -mcpu=cortex-m3 -std=gnu11 -g3 -DDEBUG -DUSE_HAL_DRIVER -DSTM32F103xB -c -I../Core/Inc -I../Drivers/STM32F1xx_HAL_Driver/Inc/Legacy -I../Drivers/STM32F1xx_HAL_Driver/Inc -I../Drivers/CMSIS/Device/ST/STM32F1xx/Include -I../Drivers/CMSIS/Include -I"/home/h/STM32CubeIDE/workspace_1.19.0/smart_car_training/Core/BSP/LED" -I"/home/h/STM32CubeIDE/workspace_1.19.0/smart_car_training/Core/BSP/KEY" -I"/home/h/STM32CubeIDE/workspace_1.19.0/smart_car_training/Core/BSP/OLED" -I"/home/h/STM32CubeIDE/workspace_1.19.0/smart_car_training/Core/BSP/MPU6050" -I"/home/h/STM32CubeIDE/workspace_1.19.0/smart_car_training/Core/BSP/M" -I"/home/h/STM32CubeIDE/workspace_1.19.0/smart_car_training/Core/BSP/GRAY" -I"/home/h/STM32CubeIDE/workspace_1.19.0/smart_car_training/Core/app/run" -I"/home/h/STM32CubeIDE/workspace_1.19.0/smart_car_training/Core/BSP/UART" -I"/home/h/STM32CubeIDE/workspace_1.19.0/smart_car_training/Core/app/hrun" -I"/home/h/STM32CubeIDE/workspace_1.19.0/smart_car_training/Core/app/set_parameter" -I"/home/h/STM32CubeIDE/workspace_1.19.0/smart_car_training/Core/BSP/float" -O0 -ffunction-sections -fdata-sections -Wall -fstack-usage -fcyclomatic-complexity -MMD -MP -MF"Core/BSP/MPU6050/SoftIIC.d" -MT"Core/BSP/MPU6050/SoftIIC.o" --specs=nano.specs -mfloat-abi=soft -mthumb -o "Core/BSP/MPU6050/SoftIIC.o"
arm-none-eabi-gcc "../Core/BSP/M/motor.c" -mcpu=cortex-m3 -std=gnu11 -g3 -DDEBUG -DUSE_HAL_DRIVER -DSTM32F103xB -c -I../Core/Inc -I../Drivers/STM32F1xx_HAL_Driver/Inc/Legacy -I../Drivers/STM32F1xx_HAL_Driver/Inc -I../Drivers/CMSIS/Device/ST/STM32F1xx/Include -I../Drivers/CMSIS/Include -I"/home/h/STM32CubeIDE/workspace_1.19.0/smart_car_training/Core/BSP/LED" -I"/home/h/STM32CubeIDE/workspace_1.19.0/smart_car_training/Core/BSP/KEY" -I"/home/h/STM32CubeIDE/workspace_1.19.0/smart_car_training/Core/BSP/OLED" -I"/home/h/STM32CubeIDE/workspace_1.19.0/smart_car_training/Core/BSP/MPU6050" -I"/home/h/STM32CubeIDE/workspace_1.19.0/smart_car_training/Core/BSP/M" -I"/home/h/STM32CubeIDE/workspace_1.19.0/smart_car_training/Core/BSP/GRAY" -I"/home/h/STM32CubeIDE/workspace_1.19.0/smart_car_training/Core/app/run" -I"/home/h/STM32CubeIDE/workspace_1.19.0/smart_car_training/Core/BSP/UART" -I"/home/h/STM32CubeIDE/workspace_1.19.0/smart_car_training/Core/app/hrun" -I"/home/h/STM32CubeIDE/workspace_1.19.0/smart_car_training/Core/app/set_parameter" -I"/home/h/STM32CubeIDE/workspace_1.19.0/smart_car_training/Core/BSP/float" -O0 -ffunction-sections -fdata-sections -Wall -fstack-usage -fcyclomatic-complexity -MMD -MP -MF"Core/BSP/M/motor.d" -MT"Core/BSP/M/motor.o" --specs=nano.specs -mfloat-abi=soft -mthumb -o "Core/BSP/M/motor.o"
arm-none-eabi-gcc "../Core/BSP/LED/led.c" -mcpu=cortex-m3 -std=gnu11 -g3 -DDEBUG -DUSE_HAL_DRIVER -DSTM32F103xB -c -I../Core/Inc -I../Drivers/STM32F1xx_HAL_Driver/Inc/Legacy -I../Drivers/STM32F1xx_HAL_Driver/Inc -I../Drivers/CMSIS/Device/ST/STM32F1xx/Include -I../Drivers/CMSIS/Include -I"/home/h/STM32CubeIDE/workspace_1.19.0/smart_car_training/Core/BSP/LED" -I"/home/h/STM32CubeIDE/workspace_1.19.0/smart_car_training/Core/BSP/KEY" -I"/home/h/STM32CubeIDE/workspace_1.19.0/smart_car_training/Core/BSP/OLED" -I"/home/h/STM32CubeIDE/workspace_1.19.0/smart_car_training/Core/BSP/MPU6050" -I"/home/h/STM32CubeIDE/workspace_1.19.0/smart_car_training/Core/BSP/M" -I"/home/h/STM32CubeIDE/workspace_1.19.0/smart_car_training/Core/BSP/GRAY" -I"/home/h/STM32CubeIDE/workspace_1.19.0/smart_car_training/Core/app/run" -I"/home/h/STM32CubeIDE/workspace_1.19.0/smart_car_training/Core/BSP/UART" -I"/home/h/STM32CubeIDE/workspace_1.19.0/smart_car_training/Core/app/hrun" -I"/home/h/STM32CubeIDE/workspace_1.19.0/smart_car_training/Core/app/set_parameter" -I"/home/h/STM32CubeIDE/workspace_1.19.0/smart_car_training/Core/BSP/float" -O0 -ffunction-sections -fdata-sections -Wall -fstack-usage -fcyclomatic-complexity -MMD -MP -MF"Core/BSP/LED/led.d" -MT"Core/BSP/LED/led.o" --specs=nano.specs -mfloat-abi=soft -mthumb -o "Core/BSP/LED/led.o"
arm-none-eabi-gcc "../Core/BSP/KEY/key.c" -mcpu=cortex-m3 -std=gnu11 -g3 -DDEBUG -DUSE_HAL_DRIVER -DSTM32F103xB -c -I../Core/Inc -I../Drivers/STM32F1xx_HAL_Driver/Inc/Legacy -I../Drivers/STM32F1xx_HAL_Driver/Inc -I../Drivers/CMSIS/Device/ST/STM32F1xx/Include -I../Drivers/CMSIS/Include -I"/home/h/STM32CubeIDE/workspace_1.19.0/smart_car_training/Core/BSP/LED" -I"/home/h/STM32CubeIDE/workspace_1.19.0/smart_car_training/Core/BSP/KEY" -I"/home/h/STM32CubeIDE/workspace_1.19.0/smart_car_training/Core/BSP/OLED" -I"/home/h/STM32CubeIDE/workspace_1.19.0/smart_car_training/Core/BSP/MPU6050" -I"/home/h/STM32CubeIDE/workspace_1.19.0/smart_car_training/Core/BSP/M" -I"/home/h/STM32CubeIDE/workspace_1.19.0/smart_car_training/Core/BSP/GRAY" -I"/home/h/STM32CubeIDE/workspace_1.19.0/smart_car_training/Core/app/run" -I"/home/h/STM32CubeIDE/workspace_1.19.0/smart_car_training/Core/BSP/UART" -I"/home/h/STM32CubeIDE/workspace_1.19.0/smart_car_training/Core/app/hrun" -I"/home/h/STM32CubeIDE/workspace_1.19.0/smart_car_training/Core/app/set_parameter" -I"/home/h/STM32CubeIDE/workspace_1.19.0/smart_car_training/Core/BSP/float" -O0 -ffunction-sections -fdata-sections -Wall -fstack-usage -fcyclomatic-complexity -MMD -MP -MF"Core/BSP/KEY/key.d" -MT"Core/BSP/KEY/key.o" --specs=nano.specs -mfloat-abi=soft -mthumb -o "Core/BSP/KEY/key.o"
arm-none-eabi-gcc "../Core/BSP/GRAY/gray.c" -mcpu=cortex-m3 -std=gnu11 -g3 -DDEBUG -DUSE_HAL_DRIVER -DSTM32F103xB -c -I../Core/Inc -I../Drivers/STM32F1xx_HAL_Driver/Inc/Legacy -I../Drivers/STM32F1xx_HAL_Driver/Inc -I../Drivers/CMSIS/Device/ST/STM32F1xx/Include -I../Drivers/CMSIS/Include -I"/home/h/STM32CubeIDE/workspace_1.19.0/smart_car_training/Core/BSP/LED" -I"/home/h/STM32CubeIDE/workspace_1.19.0/smart_car_training/Core/BSP/KEY" -I"/home/h/STM32CubeIDE/workspace_1.19.0/smart_car_training/Core/BSP/OLED" -I"/home/h/STM32CubeIDE/workspace_1.19.0/smart_car_training/Core/BSP/MPU6050" -I"/home/h/STM32CubeIDE/workspace_1.19.0/smart_car_training/Core/BSP/M" -I"/home/h/STM32CubeIDE/workspace_1.19.0/smart_car_training/Core/BSP/GRAY" -I"/home/h/STM32CubeIDE/workspace_1.19.0/smart_car_training/Core/app/run" -I"/home/h/STM32CubeIDE/workspace_1.19.0/smart_car_training/Core/BSP/UART" -I"/home/h/STM32CubeIDE/workspace_1.19.0/smart_car_training/Core/app/hrun" -I"/home/h/STM32CubeIDE/workspace_1.19.0/smart_car_training/Core/app/set_parameter" -I"/home/h/STM32CubeIDE/workspace_1.19.0/smart_car_training/Core/BSP/float" -O0 -ffunction-sections -fdata-sections -Wall -fstack-usage -fcyclomatic-complexity -MMD -MP -MF"Core/BSP/GRAY/gray.d" -MT"Core/BSP/GRAY/gray.o" --specs=nano.specs -mfloat-abi=soft -mthumb -o "Core/BSP/GRAY/gray.o"
arm-none-eabi-gcc -o "smart_car_training.elf" @"objects.list"   -mcpu=cortex-m3 -T"/home/h/STM32CubeIDE/workspace_1.19.0/smart_car_training/STM32F103C8TX_FLASH.ld" --specs=nosys.specs -Wl,-Map="smart_car_training.map" -Wl,--gc-sections -static --specs=nano.specs -mfloat-abi=soft -mthumb -Wl,--start-group -lc -lm -Wl,--end-group
Finished building target: smart_car_training.elf
 
arm-none-eabi-size  smart_car_training.elf 
arm-none-eabi-objdump -h -S smart_car_training.elf  > "smart_car_training.list"
   text	   data	    bss	    dec	    hex	filename
  24368	    108	   2276	  26752	   6880	smart_car_training.elf
Finished building: default.size.stdout
 
Finished building: smart_car_training.list
 
18:57:38 **** Incremental Build of configuration Debug for project smart_car_training ****
make -j16 all 
arm-none-eabi-size  smart_car_training.elf 
   text	   data	    bss	    dec	    hex	filename
  24368	    108	   2276	  26752	   6880	smart_car_training.elf
Finished building: default.size.stdout
 
