16:56:58 **** Incremental Build of configuration Debug for project smart_car_training ****
make -j16 all 
arm-none-eabi-gcc "../Core/app/run/run.c" -mcpu=cortex-m3 -std=gnu11 -g3 -DDEBUG -DUSE_HAL_DRIVER -DSTM32F103xB -c -I../Core/Inc -I../Drivers/STM32F1xx_HAL_Driver/Inc/Legacy -I../Drivers/STM32F1xx_HAL_Driver/Inc -I../Drivers/CMSIS/Device/ST/STM32F1xx/Include -I../Drivers/CMSIS/Include -I"/home/h/STM32CubeIDE/workspace_1.19.0/smart_car_training/Core/BSP/LED" -I"/home/h/STM32CubeIDE/workspace_1.19.0/smart_car_training/Core/BSP/KEY" -I"/home/h/STM32CubeIDE/workspace_1.19.0/smart_car_training/Core/BSP/OLED" -I"/home/h/STM32CubeIDE/workspace_1.19.0/smart_car_training/Core/BSP/MPU6050" -I"/home/h/STM32CubeIDE/workspace_1.19.0/smart_car_training/Core/BSP/M" -I"/home/h/STM32CubeIDE/workspace_1.19.0/smart_car_training/Core/BSP/GRAY" -I"/home/h/STM32CubeIDE/workspace_1.19.0/smart_car_training/Core/app/pid" -I"/home/h/STM32CubeIDE/workspace_1.19.0/smart_car_training/Core/app/run" -I"/home/h/STM32CubeIDE/workspace_1.19.0/smart_car_training/Core/app/panel" -O0 -ffunction-sections -fdata-sections -Wall -fstack-usage -fcyclomatic-complexity -MMD -MP -MF"Core/app/run/run.d" -MT"Core/app/run/run.o" --specs=nano.specs -mfloat-abi=soft -mthumb -o "Core/app/run/run.o"
arm-none-eabi-gcc "../Core/app/panel/panel.c" -mcpu=cortex-m3 -std=gnu11 -g3 -DDEBUG -DUSE_HAL_DRIVER -DSTM32F103xB -c -I../Core/Inc -I../Drivers/STM32F1xx_HAL_Driver/Inc/Legacy -I../Drivers/STM32F1xx_HAL_Driver/Inc -I../Drivers/CMSIS/Device/ST/STM32F1xx/Include -I../Drivers/CMSIS/Include -I"/home/h/STM32CubeIDE/workspace_1.19.0/smart_car_training/Core/BSP/LED" -I"/home/h/STM32CubeIDE/workspace_1.19.0/smart_car_training/Core/BSP/KEY" -I"/home/h/STM32CubeIDE/workspace_1.19.0/smart_car_training/Core/BSP/OLED" -I"/home/h/STM32CubeIDE/workspace_1.19.0/smart_car_training/Core/BSP/MPU6050" -I"/home/h/STM32CubeIDE/workspace_1.19.0/smart_car_training/Core/BSP/M" -I"/home/h/STM32CubeIDE/workspace_1.19.0/smart_car_training/Core/BSP/GRAY" -I"/home/h/STM32CubeIDE/workspace_1.19.0/smart_car_training/Core/app/pid" -I"/home/h/STM32CubeIDE/workspace_1.19.0/smart_car_training/Core/app/run" -I"/home/h/STM32CubeIDE/workspace_1.19.0/smart_car_training/Core/app/panel" -O0 -ffunction-sections -fdata-sections -Wall -fstack-usage -fcyclomatic-complexity -MMD -MP -MF"Core/app/panel/panel.d" -MT"Core/app/panel/panel.o" --specs=nano.specs -mfloat-abi=soft -mthumb -o "Core/app/panel/panel.o"
arm-none-eabi-gcc "../Core/Src/main.c" -mcpu=cortex-m3 -std=gnu11 -g3 -DDEBUG -DUSE_HAL_DRIVER -DSTM32F103xB -c -I../Core/Inc -I../Drivers/STM32F1xx_HAL_Driver/Inc/Legacy -I../Drivers/STM32F1xx_HAL_Driver/Inc -I../Drivers/CMSIS/Device/ST/STM32F1xx/Include -I../Drivers/CMSIS/Include -I"/home/h/STM32CubeIDE/workspace_1.19.0/smart_car_training/Core/BSP/LED" -I"/home/h/STM32CubeIDE/workspace_1.19.0/smart_car_training/Core/BSP/KEY" -I"/home/h/STM32CubeIDE/workspace_1.19.0/smart_car_training/Core/BSP/OLED" -I"/home/h/STM32CubeIDE/workspace_1.19.0/smart_car_training/Core/BSP/MPU6050" -I"/home/h/STM32CubeIDE/workspace_1.19.0/smart_car_training/Core/BSP/M" -I"/home/h/STM32CubeIDE/workspace_1.19.0/smart_car_training/Core/BSP/GRAY" -I"/home/h/STM32CubeIDE/workspace_1.19.0/smart_car_training/Core/app/pid" -I"/home/h/STM32CubeIDE/workspace_1.19.0/smart_car_training/Core/app/run" -I"/home/h/STM32CubeIDE/workspace_1.19.0/smart_car_training/Core/app/panel" -O0 -ffunction-sections -fdata-sections -Wall -fstack-usage -fcyclomatic-complexity -MMD -MP -MF"Core/Src/main.d" -MT"Core/Src/main.o" --specs=nano.specs -mfloat-abi=soft -mthumb -o "Core/Src/main.o"
arm-none-eabi-gcc "../Core/Src/stm32f1xx_hal_msp.c" -mcpu=cortex-m3 -std=gnu11 -g3 -DDEBUG -DUSE_HAL_DRIVER -DSTM32F103xB -c -I../Core/Inc -I../Drivers/STM32F1xx_HAL_Driver/Inc/Legacy -I../Drivers/STM32F1xx_HAL_Driver/Inc -I../Drivers/CMSIS/Device/ST/STM32F1xx/Include -I../Drivers/CMSIS/Include -I"/home/h/STM32CubeIDE/workspace_1.19.0/smart_car_training/Core/BSP/LED" -I"/home/h/STM32CubeIDE/workspace_1.19.0/smart_car_training/Core/BSP/KEY" -I"/home/h/STM32CubeIDE/workspace_1.19.0/smart_car_training/Core/BSP/OLED" -I"/home/h/STM32CubeIDE/workspace_1.19.0/smart_car_training/Core/BSP/MPU6050" -I"/home/h/STM32CubeIDE/workspace_1.19.0/smart_car_training/Core/BSP/M" -I"/home/h/STM32CubeIDE/workspace_1.19.0/smart_car_training/Core/BSP/GRAY" -I"/home/h/STM32CubeIDE/workspace_1.19.0/smart_car_training/Core/app/pid" -I"/home/h/STM32CubeIDE/workspace_1.19.0/smart_car_training/Core/app/run" -I"/home/h/STM32CubeIDE/workspace_1.19.0/smart_car_training/Core/app/panel" -O0 -ffunction-sections -fdata-sections -Wall -fstack-usage -fcyclomatic-complexity -MMD -MP -MF"Core/Src/stm32f1xx_hal_msp.d" -MT"Core/Src/stm32f1xx_hal_msp.o" --specs=nano.specs -mfloat-abi=soft -mthumb -o "Core/Src/stm32f1xx_hal_msp.o"
arm-none-eabi-gcc "../Core/Src/stm32f1xx_it.c" -mcpu=cortex-m3 -std=gnu11 -g3 -DDEBUG -DUSE_HAL_DRIVER -DSTM32F103xB -c -I../Core/Inc -I../Drivers/STM32F1xx_HAL_Driver/Inc/Legacy -I../Drivers/STM32F1xx_HAL_Driver/Inc -I../Drivers/CMSIS/Device/ST/STM32F1xx/Include -I../Drivers/CMSIS/Include -I"/home/h/STM32CubeIDE/workspace_1.19.0/smart_car_training/Core/BSP/LED" -I"/home/h/STM32CubeIDE/workspace_1.19.0/smart_car_training/Core/BSP/KEY" -I"/home/h/STM32CubeIDE/workspace_1.19.0/smart_car_training/Core/BSP/OLED" -I"/home/h/STM32CubeIDE/workspace_1.19.0/smart_car_training/Core/BSP/MPU6050" -I"/home/h/STM32CubeIDE/workspace_1.19.0/smart_car_training/Core/BSP/M" -I"/home/h/STM32CubeIDE/workspace_1.19.0/smart_car_training/Core/BSP/GRAY" -I"/home/h/STM32CubeIDE/workspace_1.19.0/smart_car_training/Core/app/pid" -I"/home/h/STM32CubeIDE/workspace_1.19.0/smart_car_training/Core/app/run" -I"/home/h/STM32CubeIDE/workspace_1.19.0/smart_car_training/Core/app/panel" -O0 -ffunction-sections -fdata-sections -Wall -fstack-usage -fcyclomatic-complexity -MMD -MP -MF"Core/Src/stm32f1xx_it.d" -MT"Core/Src/stm32f1xx_it.o" --specs=nano.specs -mfloat-abi=soft -mthumb -o "Core/Src/stm32f1xx_it.o"
arm-none-eabi-gcc "../Core/Src/syscalls.c" -mcpu=cortex-m3 -std=gnu11 -g3 -DDEBUG -DUSE_HAL_DRIVER -DSTM32F103xB -c -I../Core/Inc -I../Drivers/STM32F1xx_HAL_Driver/Inc/Legacy -I../Drivers/STM32F1xx_HAL_Driver/Inc -I../Drivers/CMSIS/Device/ST/STM32F1xx/Include -I../Drivers/CMSIS/Include -I"/home/h/STM32CubeIDE/workspace_1.19.0/smart_car_training/Core/BSP/LED" -I"/home/h/STM32CubeIDE/workspace_1.19.0/smart_car_training/Core/BSP/KEY" -I"/home/h/STM32CubeIDE/workspace_1.19.0/smart_car_training/Core/BSP/OLED" -I"/home/h/STM32CubeIDE/workspace_1.19.0/smart_car_training/Core/BSP/MPU6050" -I"/home/h/STM32CubeIDE/workspace_1.19.0/smart_car_training/Core/BSP/M" -I"/home/h/STM32CubeIDE/workspace_1.19.0/smart_car_training/Core/BSP/GRAY" -I"/home/h/STM32CubeIDE/workspace_1.19.0/smart_car_training/Core/app/pid" -I"/home/h/STM32CubeIDE/workspace_1.19.0/smart_car_training/Core/app/run" -I"/home/h/STM32CubeIDE/workspace_1.19.0/smart_car_training/Core/app/panel" -O0 -ffunction-sections -fdata-sections -Wall -fstack-usage -fcyclomatic-complexity -MMD -MP -MF"Core/Src/syscalls.d" -MT"Core/Src/syscalls.o" --specs=nano.specs -mfloat-abi=soft -mthumb -o "Core/Src/syscalls.o"
arm-none-eabi-gcc "../Core/Src/sysmem.c" -mcpu=cortex-m3 -std=gnu11 -g3 -DDEBUG -DUSE_HAL_DRIVER -DSTM32F103xB -c -I../Core/Inc -I../Drivers/STM32F1xx_HAL_Driver/Inc/Legacy -I../Drivers/STM32F1xx_HAL_Driver/Inc -I../Drivers/CMSIS/Device/ST/STM32F1xx/Include -I../Drivers/CMSIS/Include -I"/home/h/STM32CubeIDE/workspace_1.19.0/smart_car_training/Core/BSP/LED" -I"/home/h/STM32CubeIDE/workspace_1.19.0/smart_car_training/Core/BSP/KEY" -I"/home/h/STM32CubeIDE/workspace_1.19.0/smart_car_training/Core/BSP/OLED" -I"/home/h/STM32CubeIDE/workspace_1.19.0/smart_car_training/Core/BSP/MPU6050" -I"/home/h/STM32CubeIDE/workspace_1.19.0/smart_car_training/Core/BSP/M" -I"/home/h/STM32CubeIDE/workspace_1.19.0/smart_car_training/Core/BSP/GRAY" -I"/home/h/STM32CubeIDE/workspace_1.19.0/smart_car_training/Core/app/pid" -I"/home/h/STM32CubeIDE/workspace_1.19.0/smart_car_training/Core/app/run" -I"/home/h/STM32CubeIDE/workspace_1.19.0/smart_car_training/Core/app/panel" -O0 -ffunction-sections -fdata-sections -Wall -fstack-usage -fcyclomatic-complexity -MMD -MP -MF"Core/Src/sysmem.d" -MT"Core/Src/sysmem.o" --specs=nano.specs -mfloat-abi=soft -mthumb -o "Core/Src/sysmem.o"
arm-none-eabi-gcc "../Core/Src/system_stm32f1xx.c" -mcpu=cortex-m3 -std=gnu11 -g3 -DDEBUG -DUSE_HAL_DRIVER -DSTM32F103xB -c -I../Core/Inc -I../Drivers/STM32F1xx_HAL_Driver/Inc/Legacy -I../Drivers/STM32F1xx_HAL_Driver/Inc -I../Drivers/CMSIS/Device/ST/STM32F1xx/Include -I../Drivers/CMSIS/Include -I"/home/h/STM32CubeIDE/workspace_1.19.0/smart_car_training/Core/BSP/LED" -I"/home/h/STM32CubeIDE/workspace_1.19.0/smart_car_training/Core/BSP/KEY" -I"/home/h/STM32CubeIDE/workspace_1.19.0/smart_car_training/Core/BSP/OLED" -I"/home/h/STM32CubeIDE/workspace_1.19.0/smart_car_training/Core/BSP/MPU6050" -I"/home/h/STM32CubeIDE/workspace_1.19.0/smart_car_training/Core/BSP/M" -I"/home/h/STM32CubeIDE/workspace_1.19.0/smart_car_training/Core/BSP/GRAY" -I"/home/h/STM32CubeIDE/workspace_1.19.0/smart_car_training/Core/app/pid" -I"/home/h/STM32CubeIDE/workspace_1.19.0/smart_car_training/Core/app/run" -I"/home/h/STM32CubeIDE/workspace_1.19.0/smart_car_training/Core/app/panel" -O0 -ffunction-sections -fdata-sections -Wall -fstack-usage -fcyclomatic-complexity -MMD -MP -MF"Core/Src/system_stm32f1xx.d" -MT"Core/Src/system_stm32f1xx.o" --specs=nano.specs -mfloat-abi=soft -mthumb -o "Core/Src/system_stm32f1xx.o"
arm-none-eabi-gcc "../Core/BSP/OLED/OLED.c" -mcpu=cortex-m3 -std=gnu11 -g3 -DDEBUG -DUSE_HAL_DRIVER -DSTM32F103xB -c -I../Core/Inc -I../Drivers/STM32F1xx_HAL_Driver/Inc/Legacy -I../Drivers/STM32F1xx_HAL_Driver/Inc -I../Drivers/CMSIS/Device/ST/STM32F1xx/Include -I../Drivers/CMSIS/Include -I"/home/h/STM32CubeIDE/workspace_1.19.0/smart_car_training/Core/BSP/LED" -I"/home/h/STM32CubeIDE/workspace_1.19.0/smart_car_training/Core/BSP/KEY" -I"/home/h/STM32CubeIDE/workspace_1.19.0/smart_car_training/Core/BSP/OLED" -I"/home/h/STM32CubeIDE/workspace_1.19.0/smart_car_training/Core/BSP/MPU6050" -I"/home/h/STM32CubeIDE/workspace_1.19.0/smart_car_training/Core/BSP/M" -I"/home/h/STM32CubeIDE/workspace_1.19.0/smart_car_training/Core/BSP/GRAY" -I"/home/h/STM32CubeIDE/workspace_1.19.0/smart_car_training/Core/app/pid" -I"/home/h/STM32CubeIDE/workspace_1.19.0/smart_car_training/Core/app/run" -I"/home/h/STM32CubeIDE/workspace_1.19.0/smart_car_training/Core/app/panel" -O0 -ffunction-sections -fdata-sections -Wall -fstack-usage -fcyclomatic-complexity -MMD -MP -MF"Core/BSP/OLED/OLED.d" -MT"Core/BSP/OLED/OLED.o" --specs=nano.specs -mfloat-abi=soft -mthumb -o "Core/BSP/OLED/OLED.o"
arm-none-eabi-gcc "../Core/BSP/MPU6050/MPU6050.c" -mcpu=cortex-m3 -std=gnu11 -g3 -DDEBUG -DUSE_HAL_DRIVER -DSTM32F103xB -c -I../Core/Inc -I../Drivers/STM32F1xx_HAL_Driver/Inc/Legacy -I../Drivers/STM32F1xx_HAL_Driver/Inc -I../Drivers/CMSIS/Device/ST/STM32F1xx/Include -I../Drivers/CMSIS/Include -I"/home/h/STM32CubeIDE/workspace_1.19.0/smart_car_training/Core/BSP/LED" -I"/home/h/STM32CubeIDE/workspace_1.19.0/smart_car_training/Core/BSP/KEY" -I"/home/h/STM32CubeIDE/workspace_1.19.0/smart_car_training/Core/BSP/OLED" -I"/home/h/STM32CubeIDE/workspace_1.19.0/smart_car_training/Core/BSP/MPU6050" -I"/home/h/STM32CubeIDE/workspace_1.19.0/smart_car_training/Core/BSP/M" -I"/home/h/STM32CubeIDE/workspace_1.19.0/smart_car_training/Core/BSP/GRAY" -I"/home/h/STM32CubeIDE/workspace_1.19.0/smart_car_training/Core/app/pid" -I"/home/h/STM32CubeIDE/workspace_1.19.0/smart_car_training/Core/app/run" -I"/home/h/STM32CubeIDE/workspace_1.19.0/smart_car_training/Core/app/panel" -O0 -ffunction-sections -fdata-sections -Wall -fstack-usage -fcyclomatic-complexity -MMD -MP -MF"Core/BSP/MPU6050/MPU6050.d" -MT"Core/BSP/MPU6050/MPU6050.o" --specs=nano.specs -mfloat-abi=soft -mthumb -o "Core/BSP/MPU6050/MPU6050.o"
arm-none-eabi-gcc "../Core/BSP/MPU6050/SoftIIC.c" -mcpu=cortex-m3 -std=gnu11 -g3 -DDEBUG -DUSE_HAL_DRIVER -DSTM32F103xB -c -I../Core/Inc -I../Drivers/STM32F1xx_HAL_Driver/Inc/Legacy -I../Drivers/STM32F1xx_HAL_Driver/Inc -I../Drivers/CMSIS/Device/ST/STM32F1xx/Include -I../Drivers/CMSIS/Include -I"/home/h/STM32CubeIDE/workspace_1.19.0/smart_car_training/Core/BSP/LED" -I"/home/h/STM32CubeIDE/workspace_1.19.0/smart_car_training/Core/BSP/KEY" -I"/home/h/STM32CubeIDE/workspace_1.19.0/smart_car_training/Core/BSP/OLED" -I"/home/h/STM32CubeIDE/workspace_1.19.0/smart_car_training/Core/BSP/MPU6050" -I"/home/h/STM32CubeIDE/workspace_1.19.0/smart_car_training/Core/BSP/M" -I"/home/h/STM32CubeIDE/workspace_1.19.0/smart_car_training/Core/BSP/GRAY" -I"/home/h/STM32CubeIDE/workspace_1.19.0/smart_car_training/Core/app/pid" -I"/home/h/STM32CubeIDE/workspace_1.19.0/smart_car_training/Core/app/run" -I"/home/h/STM32CubeIDE/workspace_1.19.0/smart_car_training/Core/app/panel" -O0 -ffunction-sections -fdata-sections -Wall -fstack-usage -fcyclomatic-complexity -MMD -MP -MF"Core/BSP/MPU6050/SoftIIC.d" -MT"Core/BSP/MPU6050/SoftIIC.o" --specs=nano.specs -mfloat-abi=soft -mthumb -o "Core/BSP/MPU6050/SoftIIC.o"
arm-none-eabi-gcc "../Core/BSP/M/motor.c" -mcpu=cortex-m3 -std=gnu11 -g3 -DDEBUG -DUSE_HAL_DRIVER -DSTM32F103xB -c -I../Core/Inc -I../Drivers/STM32F1xx_HAL_Driver/Inc/Legacy -I../Drivers/STM32F1xx_HAL_Driver/Inc -I../Drivers/CMSIS/Device/ST/STM32F1xx/Include -I../Drivers/CMSIS/Include -I"/home/h/STM32CubeIDE/workspace_1.19.0/smart_car_training/Core/BSP/LED" -I"/home/h/STM32CubeIDE/workspace_1.19.0/smart_car_training/Core/BSP/KEY" -I"/home/h/STM32CubeIDE/workspace_1.19.0/smart_car_training/Core/BSP/OLED" -I"/home/h/STM32CubeIDE/workspace_1.19.0/smart_car_training/Core/BSP/MPU6050" -I"/home/h/STM32CubeIDE/workspace_1.19.0/smart_car_training/Core/BSP/M" -I"/home/h/STM32CubeIDE/workspace_1.19.0/smart_car_training/Core/BSP/GRAY" -I"/home/h/STM32CubeIDE/workspace_1.19.0/smart_car_training/Core/app/pid" -I"/home/h/STM32CubeIDE/workspace_1.19.0/smart_car_training/Core/app/run" -I"/home/h/STM32CubeIDE/workspace_1.19.0/smart_car_training/Core/app/panel" -O0 -ffunction-sections -fdata-sections -Wall -fstack-usage -fcyclomatic-complexity -MMD -MP -MF"Core/BSP/M/motor.d" -MT"Core/BSP/M/motor.o" --specs=nano.specs -mfloat-abi=soft -mthumb -o "Core/BSP/M/motor.o"
arm-none-eabi-gcc "../Core/BSP/LED/led.c" -mcpu=cortex-m3 -std=gnu11 -g3 -DDEBUG -DUSE_HAL_DRIVER -DSTM32F103xB -c -I../Core/Inc -I../Drivers/STM32F1xx_HAL_Driver/Inc/Legacy -I../Drivers/STM32F1xx_HAL_Driver/Inc -I../Drivers/CMSIS/Device/ST/STM32F1xx/Include -I../Drivers/CMSIS/Include -I"/home/h/STM32CubeIDE/workspace_1.19.0/smart_car_training/Core/BSP/LED" -I"/home/h/STM32CubeIDE/workspace_1.19.0/smart_car_training/Core/BSP/KEY" -I"/home/h/STM32CubeIDE/workspace_1.19.0/smart_car_training/Core/BSP/OLED" -I"/home/h/STM32CubeIDE/workspace_1.19.0/smart_car_training/Core/BSP/MPU6050" -I"/home/h/STM32CubeIDE/workspace_1.19.0/smart_car_training/Core/BSP/M" -I"/home/h/STM32CubeIDE/workspace_1.19.0/smart_car_training/Core/BSP/GRAY" -I"/home/h/STM32CubeIDE/workspace_1.19.0/smart_car_training/Core/app/pid" -I"/home/h/STM32CubeIDE/workspace_1.19.0/smart_car_training/Core/app/run" -I"/home/h/STM32CubeIDE/workspace_1.19.0/smart_car_training/Core/app/panel" -O0 -ffunction-sections -fdata-sections -Wall -fstack-usage -fcyclomatic-complexity -MMD -MP -MF"Core/BSP/LED/led.d" -MT"Core/BSP/LED/led.o" --specs=nano.specs -mfloat-abi=soft -mthumb -o "Core/BSP/LED/led.o"
arm-none-eabi-gcc "../Core/BSP/KEY/key.c" -mcpu=cortex-m3 -std=gnu11 -g3 -DDEBUG -DUSE_HAL_DRIVER -DSTM32F103xB -c -I../Core/Inc -I../Drivers/STM32F1xx_HAL_Driver/Inc/Legacy -I../Drivers/STM32F1xx_HAL_Driver/Inc -I../Drivers/CMSIS/Device/ST/STM32F1xx/Include -I../Drivers/CMSIS/Include -I"/home/h/STM32CubeIDE/workspace_1.19.0/smart_car_training/Core/BSP/LED" -I"/home/h/STM32CubeIDE/workspace_1.19.0/smart_car_training/Core/BSP/KEY" -I"/home/h/STM32CubeIDE/workspace_1.19.0/smart_car_training/Core/BSP/OLED" -I"/home/h/STM32CubeIDE/workspace_1.19.0/smart_car_training/Core/BSP/MPU6050" -I"/home/h/STM32CubeIDE/workspace_1.19.0/smart_car_training/Core/BSP/M" -I"/home/h/STM32CubeIDE/workspace_1.19.0/smart_car_training/Core/BSP/GRAY" -I"/home/h/STM32CubeIDE/workspace_1.19.0/smart_car_training/Core/app/pid" -I"/home/h/STM32CubeIDE/workspace_1.19.0/smart_car_training/Core/app/run" -I"/home/h/STM32CubeIDE/workspace_1.19.0/smart_car_training/Core/app/panel" -O0 -ffunction-sections -fdata-sections -Wall -fstack-usage -fcyclomatic-complexity -MMD -MP -MF"Core/BSP/KEY/key.d" -MT"Core/BSP/KEY/key.o" --specs=nano.specs -mfloat-abi=soft -mthumb -o "Core/BSP/KEY/key.o"
arm-none-eabi-gcc "../Core/BSP/GRAY/gray.c" -mcpu=cortex-m3 -std=gnu11 -g3 -DDEBUG -DUSE_HAL_DRIVER -DSTM32F103xB -c -I../Core/Inc -I../Drivers/STM32F1xx_HAL_Driver/Inc/Legacy -I../Drivers/STM32F1xx_HAL_Driver/Inc -I../Drivers/CMSIS/Device/ST/STM32F1xx/Include -I../Drivers/CMSIS/Include -I"/home/h/STM32CubeIDE/workspace_1.19.0/smart_car_training/Core/BSP/LED" -I"/home/h/STM32CubeIDE/workspace_1.19.0/smart_car_training/Core/BSP/KEY" -I"/home/h/STM32CubeIDE/workspace_1.19.0/smart_car_training/Core/BSP/OLED" -I"/home/h/STM32CubeIDE/workspace_1.19.0/smart_car_training/Core/BSP/MPU6050" -I"/home/h/STM32CubeIDE/workspace_1.19.0/smart_car_training/Core/BSP/M" -I"/home/h/STM32CubeIDE/workspace_1.19.0/smart_car_training/Core/BSP/GRAY" -I"/home/h/STM32CubeIDE/workspace_1.19.0/smart_car_training/Core/app/pid" -I"/home/h/STM32CubeIDE/workspace_1.19.0/smart_car_training/Core/app/run" -I"/home/h/STM32CubeIDE/workspace_1.19.0/smart_car_training/Core/app/panel" -O0 -ffunction-sections -fdata-sections -Wall -fstack-usage -fcyclomatic-complexity -MMD -MP -MF"Core/BSP/GRAY/gray.d" -MT"Core/BSP/GRAY/gray.o" --specs=nano.specs -mfloat-abi=soft -mthumb -o "Core/BSP/GRAY/gray.o"
In file included from ../Core/BSP/OLED/OLED.c:2:
../Core/BSP/OLED/OLED_Font.h:6:1: warning: missing braces around initializer [-Wmissing-braces]
    6 | {
      | ^
    7 |         0x00,0x00,0x00,0x00,0x00,0x00,0x00,0x00,
      |         {
    8 |         0x00,0x00,0x00,0x00,0x00,0x00,0x00,0x00,//  0
      |                                                }
    9 | 
   10 |         0x00,0x00,0x00,0xF8,0x00,0x00,0x00,0x00,
      |         {
   11 |         0x00,0x00,0x00,0x33,0x30,0x00,0x00,0x00,//! 1
      |                                                }
   12 | 
   13 |         0x00,0x10,0x0C,0x06,0x10,0x0C,0x06,0x00,
      |         {
   14 |         0x00,0x00,0x00,0x00,0x00,0x00,0x00,0x00,//" 2
      |                                                }
   15 | 
   16 |         0x40,0xC0,0x78,0x40,0xC0,0x78,0x40,0x00,
      |         {
   17 |         0x04,0x3F,0x04,0x04,0x3F,0x04,0x04,0x00,//# 3
      |                                                }
   18 | 
   19 |         0x00,0x70,0x88,0xFC,0x08,0x30,0x00,0x00,
      |         {
   20 |         0x00,0x18,0x20,0xFF,0x21,0x1E,0x00,0x00,//$ 4
      |                                                }
   21 | 
   22 |         0xF0,0x08,0xF0,0x00,0xE0,0x18,0x00,0x00,
      |         {
   23 |         0x00,0x21,0x1C,0x03,0x1E,0x21,0x1E,0x00,//% 5
      |                                                }
   24 | 
   25 |         0x00,0xF0,0x08,0x88,0x70,0x00,0x00,0x00,
      |         {
   26 |         0x1E,0x21,0x23,0x24,0x19,0x27,0x21,0x10,//& 6
      |                                                }
   27 | 
   28 |         0x10,0x16,0x0E,0x00,0x00,0x00,0x00,0x00,
      |         {
   29 |         0x00,0x00,0x00,0x00,0x00,0x00,0x00,0x00,//' 7
      |                                                }
   30 | 
   31 |         0x00,0x00,0x00,0xE0,0x18,0x04,0x02,0x00,
      |         {
   32 |         0x00,0x00,0x00,0x07,0x18,0x20,0x40,0x00,//( 8
      |                                                }
   33 | 
   34 |         0x00,0x02,0x04,0x18,0xE0,0x00,0x00,0x00,
      |         {
   35 |         0x00,0x40,0x20,0x18,0x07,0x00,0x00,0x00,//) 9
      |                                                }
   36 | 
   37 |         0x40,0x40,0x80,0xF0,0x80,0x40,0x40,0x00,
      |         {
   38 |         0x02,0x02,0x01,0x0F,0x01,0x02,0x02,0x00,//* 10
      |                                                }
   39 | 
   40 |         0x00,0x00,0x00,0xF0,0x00,0x00,0x00,0x00,
      |         {
   41 |         0x01,0x01,0x01,0x1F,0x01,0x01,0x01,0x00,//+ 11
      |                                                }
   42 | 
   43 |         0x00,0x00,0x00,0x00,0x00,0x00,0x00,0x00,
      |         {
   44 |         0x80,0xB0,0x70,0x00,0x00,0x00,0x00,0x00,//, 12
      |                                                }
   45 | 
   46 |         0x00,0x00,0x00,0x00,0x00,0x00,0x00,0x00,
      |         {
   47 |         0x00,0x01,0x01,0x01,0x01,0x01,0x01,0x01,//- 13
      |                                                }
   48 | 
   49 |         0x00,0x00,0x00,0x00,0x00,0x00,0x00,0x00,
      |         {
   50 |         0x00,0x30,0x30,0x00,0x00,0x00,0x00,0x00,//. 14
      |                                                }
   51 | 
   52 |         0x00,0x00,0x00,0x00,0x80,0x60,0x18,0x04,
      |         {
   53 |         0x00,0x60,0x18,0x06,0x01,0x00,0x00,0x00,/// 15
      |                                                }
   54 | 
   55 |         0x00,0xE0,0x10,0x08,0x08,0x10,0xE0,0x00,
      |         {
   56 |         0x00,0x0F,0x10,0x20,0x20,0x10,0x0F,0x00,//0 16
      |                                                }
   57 | 
   58 |         0x00,0x10,0x10,0xF8,0x00,0x00,0x00,0x00,
      |         {
   59 |         0x00,0x20,0x20,0x3F,0x20,0x20,0x00,0x00,//1 17
      |                                                }
   60 | 
   61 |         0x00,0x70,0x08,0x08,0x08,0x88,0x70,0x00,
      |         {
   62 |         0x00,0x30,0x28,0x24,0x22,0x21,0x30,0x00,//2 18
      |                                                }
   63 | 
   64 |         0x00,0x30,0x08,0x88,0x88,0x48,0x30,0x00,
      |         {
   65 |         0x00,0x18,0x20,0x20,0x20,0x11,0x0E,0x00,//3 19
      |                                                }
   66 | 
   67 |         0x00,0x00,0xC0,0x20,0x10,0xF8,0x00,0x00,
      |         {
   68 |         0x00,0x07,0x04,0x24,0x24,0x3F,0x24,0x00,//4 20
      |                                                }
   69 | 
   70 |         0x00,0xF8,0x08,0x88,0x88,0x08,0x08,0x00,
      |         {
   71 |         0x00,0x19,0x21,0x20,0x20,0x11,0x0E,0x00,//5 21
      |                                                }
   72 | 
   73 |         0x00,0xE0,0x10,0x88,0x88,0x18,0x00,0x00,
      |         {
   74 |         0x00,0x0F,0x11,0x20,0x20,0x11,0x0E,0x00,//6 22
      |                                                }
   75 | 
   76 |         0x00,0x38,0x08,0x08,0xC8,0x38,0x08,0x00,
      |         {
   77 |         0x00,0x00,0x00,0x3F,0x00,0x00,0x00,0x00,//7 23
      |                                                }
   78 | 
   79 |         0x00,0x70,0x88,0x08,0x08,0x88,0x70,0x00,
      |         {
   80 |         0x00,0x1C,0x22,0x21,0x21,0x22,0x1C,0x00,//8 24
      |                                                }
   81 | 
   82 |         0x00,0xE0,0x10,0x08,0x08,0x10,0xE0,0x00,
      |         {
   83 |         0x00,0x00,0x31,0x22,0x22,0x11,0x0F,0x00,//9 25
      |                                                }
   84 | 
   85 |         0x00,0x00,0x00,0xC0,0xC0,0x00,0x00,0x00,
      |         {
   86 |         0x00,0x00,0x00,0x30,0x30,0x00,0x00,0x00,//: 26
      |                                                }
   87 | 
   88 |         0x00,0x00,0x00,0x80,0x00,0x00,0x00,0x00,
      |         {
   89 |         0x00,0x00,0x80,0x60,0x00,0x00,0x00,0x00,//; 27
      |                                                }
   90 | 
   91 |         0x00,0x00,0x80,0x40,0x20,0x10,0x08,0x00,
      |         {
   92 |         0x00,0x01,0x02,0x04,0x08,0x10,0x20,0x00,//< 28
      |                                                }
   93 | 
   94 |         0x40,0x40,0x40,0x40,0x40,0x40,0x40,0x00,
      |         {
   95 |         0x04,0x04,0x04,0x04,0x04,0x04,0x04,0x00,//= 29
      |                                                }
   96 | 
   97 |         0x00,0x08,0x10,0x20,0x40,0x80,0x00,0x00,
      |         {
   98 |         0x00,0x20,0x10,0x08,0x04,0x02,0x01,0x00,//> 30
      |                                                }
   99 | 
  100 |         0x00,0x70,0x48,0x08,0x08,0x08,0xF0,0x00,
      |         {
  101 |         0x00,0x00,0x00,0x30,0x36,0x01,0x00,0x00,//? 31
      |                                                }
  102 | 
  103 |         0xC0,0x30,0xC8,0x28,0xE8,0x10,0xE0,0x00,
      |         {
  104 |         0x07,0x18,0x27,0x24,0x23,0x14,0x0B,0x00,//@ 32
      |                                                }
  105 | 
  106 |         0x00,0x00,0xC0,0x38,0xE0,0x00,0x00,0x00,
      |         {
  107 |         0x20,0x3C,0x23,0x02,0x02,0x27,0x38,0x20,//A 33
      |                                                }
  108 | 
  109 |         0x08,0xF8,0x88,0x88,0x88,0x70,0x00,0x00,
      |         {
  110 |         0x20,0x3F,0x20,0x20,0x20,0x11,0x0E,0x00,//B 34
      |                                                }
  111 | 
  112 |         0xC0,0x30,0x08,0x08,0x08,0x08,0x38,0x00,
      |         {
  113 |         0x07,0x18,0x20,0x20,0x20,0x10,0x08,0x00,//C 35
      |                                                }
  114 | 
  115 |         0x08,0xF8,0x08,0x08,0x08,0x10,0xE0,0x00,
      |         {
  116 |         0x20,0x3F,0x20,0x20,0x20,0x10,0x0F,0x00,//D 36
      |                                                }
  117 | 
  118 |         0x08,0xF8,0x88,0x88,0xE8,0x08,0x10,0x00,
      |         {
  119 |         0x20,0x3F,0x20,0x20,0x23,0x20,0x18,0x00,//E 37
      |                                                }
  120 | 
  121 |         0x08,0xF8,0x88,0x88,0xE8,0x08,0x10,0x00,
      |         {
  122 |         0x20,0x3F,0x20,0x00,0x03,0x00,0x00,0x00,//F 38
      |                                                }
  123 | 
  124 |         0xC0,0x30,0x08,0x08,0x08,0x38,0x00,0x00,
      |         {
  125 |         0x07,0x18,0x20,0x20,0x22,0x1E,0x02,0x00,//G 39
      |                                                }
  126 | 
  127 |         0x08,0xF8,0x08,0x00,0x00,0x08,0xF8,0x08,
      |         {
  128 |         0x20,0x3F,0x21,0x01,0x01,0x21,0x3F,0x20,//H 40
      |                                                }
  129 | 
  130 |         0x00,0x08,0x08,0xF8,0x08,0x08,0x00,0x00,
      |         {
  131 |         0x00,0x20,0x20,0x3F,0x20,0x20,0x00,0x00,//I 41
      |                                                }
  132 | 
  133 |         0x00,0x00,0x08,0x08,0xF8,0x08,0x08,0x00,
      |         {
  134 |         0xC0,0x80,0x80,0x80,0x7F,0x00,0x00,0x00,//J 42
      |                                                }
  135 | 
  136 |         0x08,0xF8,0x88,0xC0,0x28,0x18,0x08,0x00,
      |         {
  137 |         0x20,0x3F,0x20,0x01,0x26,0x38,0x20,0x00,//K 43
      |                                                }
  138 | 
  139 |         0x08,0xF8,0x08,0x00,0x00,0x00,0x00,0x00,
      |         {
  140 |         0x20,0x3F,0x20,0x20,0x20,0x20,0x30,0x00,//L 44
      |                                                }
  141 | 
  142 |         0x08,0xF8,0xF8,0x00,0xF8,0xF8,0x08,0x00,
      |         {
  143 |         0x20,0x3F,0x00,0x3F,0x00,0x3F,0x20,0x00,//M 45
      |                                                }
  144 | 
  145 |         0x08,0xF8,0x30,0xC0,0x00,0x08,0xF8,0x08,
      |         {
  146 |         0x20,0x3F,0x20,0x00,0x07,0x18,0x3F,0x00,//N 46
      |                                                }
  147 | 
  148 |         0xE0,0x10,0x08,0x08,0x08,0x10,0xE0,0x00,
      |         {
  149 |         0x0F,0x10,0x20,0x20,0x20,0x10,0x0F,0x00,//O 47
      |                                                }
  150 | 
  151 |         0x08,0xF8,0x08,0x08,0x08,0x08,0xF0,0x00,
      |         {
  152 |         0x20,0x3F,0x21,0x01,0x01,0x01,0x00,0x00,//P 48
      |                                                }
  153 | 
  154 |         0xE0,0x10,0x08,0x08,0x08,0x10,0xE0,0x00,
      |         {
  155 |         0x0F,0x18,0x24,0x24,0x38,0x50,0x4F,0x00,//Q 49
      |                                                }
  156 | 
  157 |         0x08,0xF8,0x88,0x88,0x88,0x88,0x70,0x00,
      |         {
  158 |         0x20,0x3F,0x20,0x00,0x03,0x0C,0x30,0x20,//R 50
      |                                                }
  159 | 
  160 |         0x00,0x70,0x88,0x08,0x08,0x08,0x38,0x00,
      |         {
  161 |         0x00,0x38,0x20,0x21,0x21,0x22,0x1C,0x00,//S 51
      |                                                }
  162 | 
  163 |         0x18,0x08,0x08,0xF8,0x08,0x08,0x18,0x00,
      |         {
  164 |         0x00,0x00,0x20,0x3F,0x20,0x00,0x00,0x00,//T 52
      |                                                }
  165 | 
  166 |         0x08,0xF8,0x08,0x00,0x00,0x08,0xF8,0x08,
      |         {
  167 |         0x00,0x1F,0x20,0x20,0x20,0x20,0x1F,0x00,//U 53
      |                                                }
  168 | 
  169 |         0x08,0x78,0x88,0x00,0x00,0xC8,0x38,0x08,
      |         {
  170 |         0x00,0x00,0x07,0x38,0x0E,0x01,0x00,0x00,//V 54
      |                                                }
  171 | 
  172 |         0xF8,0x08,0x00,0xF8,0x00,0x08,0xF8,0x00,
      |         {
  173 |         0x03,0x3C,0x07,0x00,0x07,0x3C,0x03,0x00,//W 55
      |                                                }
  174 | 
  175 |         0x08,0x18,0x68,0x80,0x80,0x68,0x18,0x08,
      |         {
  176 |         0x20,0x30,0x2C,0x03,0x03,0x2C,0x30,0x20,//X 56
      |                                                }
  177 | 
  178 |         0x08,0x38,0xC8,0x00,0xC8,0x38,0x08,0x00,
      |         {
  179 |         0x00,0x00,0x20,0x3F,0x20,0x00,0x00,0x00,//Y 57
      |                                                }
  180 | 
  181 |         0x10,0x08,0x08,0x08,0xC8,0x38,0x08,0x00,
      |         {
  182 |         0x20,0x38,0x26,0x21,0x20,0x20,0x18,0x00,//Z 58
      |                                                }
  183 | 
  184 |         0x00,0x00,0x00,0xFE,0x02,0x02,0x02,0x00,
      |         {
  185 |         0x00,0x00,0x00,0x7F,0x40,0x40,0x40,0x00,//[ 59
      |                                                }
  186 | 
  187 |         0x00,0x0C,0x30,0xC0,0x00,0x00,0x00,0x00,
      |         {
  188 |         0x00,0x00,0x00,0x01,0x06,0x38,0xC0,0x00,//\ 60
      |                                                }
  189 | 
  190 |         0x00,0x02,0x02,0x02,0xFE,0x00,0x00,0x00,
      |         {
  191 |         0x00,0x40,0x40,0x40,0x7F,0x00,0x00,0x00,//] 61
      |                                                }
  192 | 
  193 |         0x00,0x00,0x04,0x02,0x02,0x02,0x04,0x00,
      |         {
  194 |         0x00,0x00,0x00,0x00,0x00,0x00,0x00,0x00,//^ 62
      |                                                }
  195 | 
  196 |         0x00,0x00,0x00,0x00,0x00,0x00,0x00,0x00,
      |         {
  197 |         0x80,0x80,0x80,0x80,0x80,0x80,0x80,0x80,//_ 63
      |                                                }
  198 | 
  199 |         0x00,0x02,0x02,0x04,0x00,0x00,0x00,0x00,
      |         {
  200 |         0x00,0x00,0x00,0x00,0x00,0x00,0x00,0x00,//` 64
      |                                                }
  201 | 
  202 |         0x00,0x00,0x80,0x80,0x80,0x80,0x00,0x00,
      |         {
  203 |         0x00,0x19,0x24,0x22,0x22,0x22,0x3F,0x20,//a 65
      |                                                }
  204 | 
  205 |         0x08,0xF8,0x00,0x80,0x80,0x00,0x00,0x00,
      |         {
  206 |         0x00,0x3F,0x11,0x20,0x20,0x11,0x0E,0x00,//b 66
      |                                                }
  207 | 
  208 |         0x00,0x00,0x00,0x80,0x80,0x80,0x00,0x00,
      |         {
  209 |         0x00,0x0E,0x11,0x20,0x20,0x20,0x11,0x00,//c 67
      |                                                }
  210 | 
  211 |         0x00,0x00,0x00,0x80,0x80,0x88,0xF8,0x00,
      |         {
  212 |         0x00,0x0E,0x11,0x20,0x20,0x10,0x3F,0x20,//d 68
      |                                                }
  213 | 
  214 |         0x00,0x00,0x80,0x80,0x80,0x80,0x00,0x00,
      |         {
  215 |         0x00,0x1F,0x22,0x22,0x22,0x22,0x13,0x00,//e 69
      |                                                }
  216 | 
  217 |         0x00,0x80,0x80,0xF0,0x88,0x88,0x88,0x18,
      |         {
  218 |         0x00,0x20,0x20,0x3F,0x20,0x20,0x00,0x00,//f 70
      |                                                }
  219 | 
  220 |         0x00,0x00,0x80,0x80,0x80,0x80,0x80,0x00,
      |         {
  221 |         0x00,0x6B,0x94,0x94,0x94,0x93,0x60,0x00,//g 71
      |                                                }
  222 | 
  223 |         0x08,0xF8,0x00,0x80,0x80,0x80,0x00,0x00,
      |         {
  224 |         0x20,0x3F,0x21,0x00,0x00,0x20,0x3F,0x20,//h 72
      |                                                }
  225 | 
  226 |         0x00,0x80,0x98,0x98,0x00,0x00,0x00,0x00,
      |         {
  227 |         0x00,0x20,0x20,0x3F,0x20,0x20,0x00,0x00,//i 73
      |                                                }
  228 | 
  229 |         0x00,0x00,0x00,0x80,0x98,0x98,0x00,0x00,
      |         {
  230 |         0x00,0xC0,0x80,0x80,0x80,0x7F,0x00,0x00,//j 74
      |                                                }
  231 | 
  232 |         0x08,0xF8,0x00,0x00,0x80,0x80,0x80,0x00,
      |         {
  233 |         0x20,0x3F,0x24,0x02,0x2D,0x30,0x20,0x00,//k 75
      |                                                }
  234 | 
  235 |         0x00,0x08,0x08,0xF8,0x00,0x00,0x00,0x00,
      |         {
  236 |         0x00,0x20,0x20,0x3F,0x20,0x20,0x00,0x00,//l 76
      |                                                }
  237 | 
  238 |         0x80,0x80,0x80,0x80,0x80,0x80,0x80,0x00,
      |         {
  239 |         0x20,0x3F,0x20,0x00,0x3F,0x20,0x00,0x3F,//m 77
      |                                                }
  240 | 
  241 |         0x80,0x80,0x00,0x80,0x80,0x80,0x00,0x00,
      |         {
  242 |         0x20,0x3F,0x21,0x00,0x00,0x20,0x3F,0x20,//n 78
      |                                                }
  243 | 
  244 |         0x00,0x00,0x80,0x80,0x80,0x80,0x00,0x00,
      |         {
  245 |         0x00,0x1F,0x20,0x20,0x20,0x20,0x1F,0x00,//o 79
      |                                                }
  246 | 
  247 |         0x80,0x80,0x00,0x80,0x80,0x00,0x00,0x00,
      |         {
  248 |         0x80,0xFF,0xA1,0x20,0x20,0x11,0x0E,0x00,//p 80
      |                                                }
  249 | 
  250 |         0x00,0x00,0x00,0x80,0x80,0x80,0x80,0x00,
      |         {
  251 |         0x00,0x0E,0x11,0x20,0x20,0xA0,0xFF,0x80,//q 81
      |                                                }
  252 | 
  253 |         0x80,0x80,0x80,0x00,0x80,0x80,0x80,0x00,
      |         {
  254 |         0x20,0x20,0x3F,0x21,0x20,0x00,0x01,0x00,//r 82
      |                                                }
  255 | 
  256 |         0x00,0x00,0x80,0x80,0x80,0x80,0x80,0x00,
      |         {
  257 |         0x00,0x33,0x24,0x24,0x24,0x24,0x19,0x00,//s 83
      |                                                }
  258 | 
  259 |         0x00,0x80,0x80,0xE0,0x80,0x80,0x00,0x00,
      |         {
  260 |         0x00,0x00,0x00,0x1F,0x20,0x20,0x00,0x00,//t 84
      |                                                }
  261 | 
  262 |         0x80,0x80,0x00,0x00,0x00,0x80,0x80,0x00,
      |         {
  263 |         0x00,0x1F,0x20,0x20,0x20,0x10,0x3F,0x20,//u 85
      |                                                }
  264 | 
  265 |         0x80,0x80,0x80,0x00,0x00,0x80,0x80,0x80,
      |         {
  266 |         0x00,0x01,0x0E,0x30,0x08,0x06,0x01,0x00,//v 86
      |                                                }
  267 | 
  268 |         0x80,0x80,0x00,0x80,0x00,0x80,0x80,0x80,
      |         {
  269 |         0x0F,0x30,0x0C,0x03,0x0C,0x30,0x0F,0x00,//w 87
      |                                                }
  270 | 
  271 |         0x00,0x80,0x80,0x00,0x80,0x80,0x80,0x00,
      |         {
  272 |         0x00,0x20,0x31,0x2E,0x0E,0x31,0x20,0x00,//x 88
      |                                                }
  273 | 
  274 |         0x80,0x80,0x80,0x00,0x00,0x80,0x80,0x80,
      |         {
  275 |         0x80,0x81,0x8E,0x70,0x18,0x06,0x01,0x00,//y 89
      |                                                }
  276 | 
  277 |         0x00,0x80,0x80,0x80,0x80,0x80,0x80,0x00,
      |         {
  278 |         0x00,0x21,0x30,0x2C,0x22,0x21,0x30,0x00,//z 90
      |                                                }
  279 | 
  280 |         0x00,0x00,0x00,0x00,0x80,0x7C,0x02,0x02,
      |         {
  281 |         0x00,0x00,0x00,0x00,0x00,0x3F,0x40,0x40,//{ 91
      |                                                }
  282 | 
  283 |         0x00,0x00,0x00,0x00,0xFF,0x00,0x00,0x00,
      |         {
  284 |         0x00,0x00,0x00,0x00,0xFF,0x00,0x00,0x00,//| 92
      |                                                }
  285 | 
  286 |         0x00,0x02,0x02,0x7C,0x80,0x00,0x00,0x00,
      |         {
  287 |         0x00,0x40,0x40,0x3F,0x00,0x00,0x00,0x00,//} 93
      |                                                }
  288 | 
  289 |         0x00,0x06,0x01,0x01,0x02,0x02,0x04,0x04,
      |         {
  290 |         0x00,0x00,0x00,0x00,0x00,0x00,0x00,0x00,//~ 94
  291 | };
      | }
arm-none-eabi-gcc -o "smart_car_training.elf" @"objects.list"   -mcpu=cortex-m3 -T"/home/h/STM32CubeIDE/workspace_1.19.0/smart_car_training/STM32F103C8TX_FLASH.ld" --specs=nosys.specs -Wl,-Map="smart_car_training.map" -Wl,--gc-sections -static --specs=nano.specs -mfloat-abi=soft -mthumb -Wl,--start-group -lc -lm -Wl,--end-group
Finished building target: smart_car_training.elf
 
arm-none-eabi-size  smart_car_training.elf 
arm-none-eabi-objdump -h -S smart_car_training.elf  > "smart_car_training.list"
   text	   data	    bss	    dec	    hex	filename
  15160	     28	   1660	  16848	   41d0	smart_car_training.elf
Finished building: default.size.stdout
 
Finished building: smart_car_training.list
 
16:57:15 **** Incremental Build of configuration Debug for project smart_car_training ****
make -j16 all 
arm-none-eabi-size  smart_car_training.elf 
   text	   data	    bss	    dec	    hex	filename
  15160	     28	   1660	  16848	   41d0	smart_car_training.elf
Finished building: default.size.stdout
 
