20:06:44 **** Incremental Build of configuration Debug for project smart_car_training ****
make -j16 all 
arm-none-eabi-gcc "../Core/app/hrun/hrun.c" -mcpu=cortex-m3 -std=gnu11 -g3 -DDEBUG -DUSE_HAL_DRIVER -DSTM32F103xB -c -I../Core/Inc -I../Drivers/STM32F1xx_HAL_Driver/Inc/Legacy -I../Drivers/STM32F1xx_HAL_Driver/Inc -I../Drivers/CMSIS/Device/ST/STM32F1xx/Include -I../Drivers/CMSIS/Include -I"/home/h/STM32CubeIDE/workspace_1.19.0/smart_car_training/Core/BSP/LED" -I"/home/h/STM32CubeIDE/workspace_1.19.0/smart_car_training/Core/BSP/KEY" -I"/home/h/STM32CubeIDE/workspace_1.19.0/smart_car_training/Core/BSP/OLED" -I"/home/h/STM32CubeIDE/workspace_1.19.0/smart_car_training/Core/BSP/MPU6050" -I"/home/h/STM32CubeIDE/workspace_1.19.0/smart_car_training/Core/BSP/M" -I"/home/h/STM32CubeIDE/workspace_1.19.0/smart_car_training/Core/BSP/GRAY" -I"/home/h/STM32CubeIDE/workspace_1.19.0/smart_car_training/Core/app/run" -I"/home/h/STM32CubeIDE/workspace_1.19.0/smart_car_training/Core/BSP/UART" -I"/home/h/STM32CubeIDE/workspace_1.19.0/smart_car_training/Core/app/hrun" -I"/home/h/STM32CubeIDE/workspace_1.19.0/smart_car_training/Core/app/set_parameter" -O0 -ffunction-sections -fdata-sections -Wall -fstack-usage -fcyclomatic-complexity -MMD -MP -MF"Core/app/hrun/hrun.d" -MT"Core/app/hrun/hrun.o" --specs=nano.specs -mfloat-abi=soft -mthumb -o "Core/app/hrun/hrun.o"
arm-none-eabi-gcc -o "smart_car_training.elf" @"objects.list"   -mcpu=cortex-m3 -T"/home/h/STM32CubeIDE/workspace_1.19.0/smart_car_training/STM32F103C8TX_FLASH.ld" --specs=nosys.specs -Wl,-Map="smart_car_training.map" -Wl,--gc-sections -static --specs=nano.specs -mfloat-abi=soft -mthumb -Wl,--start-group -lc -lm -Wl,--end-group
Finished building target: smart_car_training.elf
 
arm-none-eabi-size  smart_car_training.elf 
arm-none-eabi-objdump -h -S smart_car_training.elf  > "smart_car_training.list"
   text	   data	    bss	    dec	    hex	filename
  26808	    108	   2276	  29192	   7208	smart_car_training.elf
Finished building: default.size.stdout
 
Finished building: smart_car_training.list
 

20:06:45 Build Finished. 0 errors, 0 warnings. (took 234ms)

